 Streamer

 Timestamp is 52918863 (Sun Nov 24 00:02:27 2013)

 Preferred load address is 10000000

 Start         Length     Name                   Class
 0001:00000000 0004ad98H .text                   CODE
 0001:0004ada0 00000293H .text$x                 CODE
 0002:00000000 000001d4H .idata$5                DATA
 0002:000001d4 00000004H .CRT$XCA                DATA
 0002:000001d8 00000004H .CRT$XCZ                DATA
 0002:000001dc 00000004H .CRT$XIA                DATA
 0002:000001e0 00000010H .CRT$XIC                DATA
 0002:000001f0 00000004H .CRT$XIZ                DATA
 0002:000001f4 00000004H .CRT$XPA                DATA
 0002:000001f8 00000008H .CRT$XPX                DATA
 0002:00000200 00000004H .CRT$XPXA               DATA
 0002:00000204 00000004H .CRT$XPZ                DATA
 0002:00000208 00000004H .CRT$XTA                DATA
 0002:0000020c 00000004H .CRT$XTZ                DATA
 0002:00000210 0000cbfeH .rdata                  DATA
 0002:0000ce10 00000056H .rdata$debug            DATA
 0002:0000ce68 000004acH .rdata$r                DATA
 0002:0000d314 00000004H .rtc$IAA                DATA
 0002:0000d318 00000004H .rtc$IZZ                DATA
 0002:0000d31c 00000004H .rtc$TAA                DATA
 0002:0000d320 00000004H .rtc$TZZ                DATA
 0002:0000d328 00000d94H .xdata$x                DATA
 0002:0000e0bc 00000050H .idata$2                DATA
 0002:0000e10c 00000014H .idata$3                DATA
 0002:0000e120 000001d4H .idata$4                DATA
 0002:0000e2f4 00000848H .idata$6                DATA
 0002:0000eb3c 00000000H .edata                  DATA
 0003:00000000 000015e0H .data                   DATA
 0003:000015e0 00001d3cH .bss                    DATA

  Address         Publics by Value              Rva+Base       Lib:Object

 0000:00000000       ___safe_se_handler_table   00000000     <absolute>
 0000:00000000       __except_list              00000000     <absolute>
 0000:00000000       ___safe_se_handler_count   00000000     <absolute>
 0000:00000000       ___ImageBase               10000000     <linker-defined>
 0001:00000000       ??0Streamer@@QAE@XZ        10001000 f   Streamer.obj
 0001:000000a0       ?free@Streamer@@QAEXXZ     100010a0 f   Streamer.obj
 0001:00000270       ?init@Streamer@@QAEXXZ     10001270 f   Streamer.obj
 0001:000010c0       ?start@Streamer@@QAEXXZ    100020c0 f   Streamer.obj
 0001:00001260       ?play@Streamer@@QAEXXZ     10002260 f   Streamer.obj
 0001:00001680       ?fillHalfBuffer@Streamer@@QAEXJ@Z 10002680 f   Streamer.obj
 0001:000018a0       ?fillCompressionChamber@Streamer@@QAEXXZ 100028a0 f   Streamer.obj
 0001:00001990       ?moveDecompressedData@Streamer@@QAEXXZ 10002990 f   Streamer.obj
 0001:00001a70       ?fillDecompressionChamber@Streamer@@QAEXXZ 10002a70 f   Streamer.obj
 0001:00001c40       ??0Music@@QAE@XZ           10002c40 f   Streamer.obj
 0001:00001c80       ??1Music@@QAE@XZ           10002c80 f   Streamer.obj
 0001:00001dd0       ?updateList@Music@@QAEJPAUStreamer@@@Z 10002dd0 f   Streamer.obj
 0001:00001f00       ?exchange@Music@@QAEXXZ    10002f00 f   Streamer.obj
 0001:00002190       ?main@Music@@QAEXXZ        10003190 f   Streamer.obj
 0001:00002270       ?verify@Music@@QBEJPAUStreamer@@@Z 10003270 f   Streamer.obj
 0001:00002300       ?Init@Music@@UAGJPAUSTREAMERDESC@@@Z 10003300 f   Streamer.obj
 0001:00002570       ?Open@Music@@UAGPAUStreamer@@PBDPAUIFileSystem@@K@Z 10003570 f   Streamer.obj
 0001:000026c0       ?CloseHandle@Music@@UAGJPAUStreamer@@@Z 100036c0 f   Streamer.obj
 0001:00002870       ?Stop@Music@@UAGJPAUStreamer@@@Z 10003870 f   Streamer.obj
 0001:00002910       ?Restart@Music@@UAGJPAUStreamer@@@Z 10003910 f   Streamer.obj
 0001:000029c0       ?SetVolume@Music@@UAGJPAUStreamer@@J@Z 100039c0 f   Streamer.obj
 0001:00002aa0       ?GetVolume@Music@@UBGJPAUStreamer@@PAJ@Z 10003aa0 f   Streamer.obj
 0001:00002b90       ?GetStatus@Music@@UBG?AW4STATUS@IStreamer@@PAUStreamer@@@Z 10003b90 f   Streamer.obj
 0001:00002c70       ?Initialize@Music@@UAG?AW4GENRESULT@@XZ 10003c70 f   Streamer.obj
 0001:00002c80       ?SetDllHeapMsg@@YAXPAUHINSTANCE__@@@Z 10003c80 f   Streamer.obj
 0001:00002d20       _main                      10003d20 f   Streamer.obj
 0001:00002d30       _DllMain@12                10003d30 f   Streamer.obj
 0001:00002e10       ??0StreamBuffer@@QAE@XZ    10003e10 f i Streamer.obj
 0001:00002e30       ??1StreamBuffer@@QAE@XZ    10003e30 f i Streamer.obj
 0001:00002e50       ??0ErrorCode@@QAE@W4ErrorKind@@W4SeverityLevel@@@Z 10003e50 f i Streamer.obj
 0001:00002e90       ??0DAFILEDESC@@QAE@PBD0@Z  10003e90 f i Streamer.obj
 0001:00002f10       ??0DACOMDESC@@QAE@PBD@Z    10003f10 f i Streamer.obj
 0001:00002f40       ?init@StreamBuffer@@QAEXK@Z 10003f40 f i Streamer.obj
 0001:00002f90       ?setAlignment@StreamBuffer@@QAEXK@Z 10003f90 f i Streamer.obj
 0001:00002fb0       ?dumpBuffer@StreamBuffer@@QAEXXZ 10003fb0 f i Streamer.obj
 0001:00002fe0       ?addToBuffer@StreamBuffer@@QAEKPAPAEJ@Z 10003fe0 f i Streamer.obj
 0001:00003100       ?dataInBuffer@StreamBuffer@@QAEKXZ 10004100 f i Streamer.obj
 0001:00003140       ?readLong@Streamer@@QAEJPAX@Z 10004140 f i Streamer.obj
 0001:00003190       ?setState@Streamer@@QAE?AW4STATE@@W42@@Z 10004190 f i Streamer.obj
 0001:00003230       ?bytesLeftToRead@Streamer@@QAEJXZ 10004230 f i Streamer.obj
 0001:00003260       ?removeFromBuffer@StreamBuffer@@QAEKPAPAEJ@Z 10004260 f i Streamer.obj
 0001:00003310       ??0IStreamer@@QAE@XZ       10004310 f i Streamer.obj
 0001:00003330       ??0IAggregateComponent@@QAE@XZ 10004330 f i Streamer.obj
 0001:00003350       ??0IDAComponent@@QAE@XZ    10004350 f i Streamer.obj
 0001:00003360       ??_GStreamer@@QAEPAXI@Z    10004360 f i Streamer.obj
 0001:00003390       ??1Streamer@@QAE@XZ        10004390 f i Streamer.obj
 0001:00003420       ??3Streamer@@SAXPAX@Z      10004420 f i Streamer.obj
 0001:00003440       ?threadMain@Music@@SGKPAX@Z 10004440 f i Streamer.obj
 0001:00003460       ??2Streamer@@SAPAXI@Z      10004460 f i Streamer.obj
 0001:00003490       ??0?$COMPTR@UIFileSystem@@@@QAE@XZ 10004490 f i Streamer.obj
 0001:000034b0       ??1?$COMPTR@UIFileSystem@@@@QAE@XZ 100044b0 f i Streamer.obj
 0001:000034d0       ??4?$COMPTR@UIFileSystem@@@@QAEPAUIFileSystem@@PAU1@@Z 100044d0 f i Streamer.obj
 0001:00003520       ??C?$COMPTR@UIFileSystem@@@@QBEPAUIFileSystem@@XZ 10004520 f i Streamer.obj
 0001:00003530       ??0?$COMPTR@UIDirectSoundBuffer@@@@QAE@XZ 10004530 f i Streamer.obj
 0001:00003550       ??1?$COMPTR@UIDirectSoundBuffer@@@@QAE@XZ 10004550 f i Streamer.obj
 0001:00003570       ?free@?$COMPTR@UIDirectSoundBuffer@@@@QAEXXZ 10004570 f i Streamer.obj
 0001:000035a0       ??B?$COMPTR@UIDirectSoundBuffer@@@@QAEPAPAUIDirectSoundBuffer@@XZ 100045a0 f i Streamer.obj
 0001:000035c0       ??C?$COMPTR@UIDirectSoundBuffer@@@@QBEPAUIDirectSoundBuffer@@XZ 100045c0 f i Streamer.obj
 0001:000035d0       ??9?$COMPTR@UIDirectSoundBuffer@@@@QAE_NH@Z 100045d0 f i Streamer.obj
 0001:000035f0       ??B?$COMPTR@UIDirectSoundBuffer@@@@QAE_NXZ 100045f0 f i Streamer.obj
 0001:00003610       ??0?$DAComponentFactory2@U?$DAComponentAggregate@UMusic@@@@UAGGDESC@@@@QAE@PBD@Z 10004610 f i Streamer.obj
 0001:00003640       ?free@?$COMPTR@UIFileSystem@@@@QAEXXZ 10004640 f i Streamer.obj
 0001:00003670       ??0?$DAComponentFactoryBase@U?$DAComponentAggregate@UMusic@@@@UAGGDESC@@@@QAE@PBD@Z 10004670 f i Streamer.obj
 0001:000036b0       ?_GetEntriesIn@Music@@SGPBU_DACOM_INTMAP_ENTRY@@XZ 100046b0 f i Streamer.obj
 0001:000036c0       ??0IComponentFactory@@QAE@XZ 100046c0 f i Streamer.obj
 0001:000036e0       ?QueryInterface@?$DAComponentFactoryBase@U?$DAComponentAggregate@UMusic@@@@UAGGDESC@@@@UAG?AW4GENRESULT@@PBDPAPAX@Z 100046e0 f i Streamer.obj
 0001:00003730       ?AddRef@?$DAComponentFactoryBase@U?$DAComponentAggregate@UMusic@@@@UAGGDESC@@@@UAGKXZ 10004730 f i Streamer.obj
 0001:00003750       ?Release@?$DAComponentFactoryBase@U?$DAComponentAggregate@UMusic@@@@UAGGDESC@@@@UAGKXZ 10004750 f i Streamer.obj
 0001:000037b0       ?CreateInstance@?$DAComponentFactory2@U?$DAComponentAggregate@UMusic@@@@UAGGDESC@@@@UAG?AW4GENRESULT@@PAUDACOMDESC@@PAPAX@Z 100047b0 f i Streamer.obj
 0001:000038e0       ??2Music@@SAPAXI@Z         100048e0 f i Streamer.obj
 0001:00003910       ??3Music@@SAXPAX@Z         10004910 f i Streamer.obj
 0001:00003930       ?init@Music@@QAE?AW4GENRESULT@@PAUAGGDESC@@@Z 10004930 f i Streamer.obj
 0001:00003940       ??_G?$DAComponentAggregate@UMusic@@@@QAEPAXI@Z 10004940 f i Streamer.obj
 0001:00003970       ??1?$DAComponentAggregate@UMusic@@@@QAE@XZ 10004970 f i Streamer.obj
 0001:00003990       ??0?$DAComponentAggregate@UMusic@@@@QAE@PAUAGGDESC@@@Z 10004990 f i Streamer.obj
 0001:00003a40       ?QueryInterface@?$DAComponentAggregate@UMusic@@@@UAG?AW4GENRESULT@@PBDPAPAX@Z 10004a40 f i Streamer.obj
 0001:00003a70       ?AddRef@?$DAComponentAggregate@UMusic@@@@UAGKXZ 10004a70 f i Streamer.obj
 0001:00003a90       ?Release@?$DAComponentAggregate@UMusic@@@@UAGKXZ 10004a90 f i Streamer.obj
 0001:00003ab0       ??0?$DAComponentInner@UMusic@@UIDAComponent@@@@QAE@PAUMusic@@@Z 10004ab0 f i Streamer.obj
 0001:00003af0       ?QueryInterface@?$DAComponentInner@UMusic@@UIDAComponent@@@@UAG?AW4GENRESULT@@PBDPAPAX@Z 10004af0 f i Streamer.obj
 0001:00003bb0       ?AddRef@?$DAComponentInner@UMusic@@UIDAComponent@@@@UAGKXZ 10004bb0 f i Streamer.obj
 0001:00003bd0       ?Release@?$DAComponentInner@UMusic@@UIDAComponent@@@@UAGKXZ 10004bd0 f i Streamer.obj
 0001:00003c50       ??_GMusic@@QAEPAXI@Z       10004c50 f i Streamer.obj
 0001:00003c80       ?Release@?$DAComponentAggregate@UMusic@@@@W3AGKXZ 10004c80 f i Streamer.obj
 0001:00003c90       ?AddRef@?$DAComponentAggregate@UMusic@@@@W3AGKXZ 10004c90 f i Streamer.obj
 0001:00003ca0       ?QueryInterface@?$DAComponentAggregate@UMusic@@@@W3AG?AW4GENRESULT@@PBDPAPAX@Z 10004ca0 f i Streamer.obj
 0001:00003caa       _DACOM_Acquire             10004caa f   DACOM:DACOM.dll
 0001:00003cb0       _HEAP_Acquire              10004cb0 f   DACOM:DACOM.dll
 0001:00003d18       __heap_init                10004d18 f   COMHeap:COMHeap.obj
 0001:00003d45       __heap_term                10004d45 f   COMHeap:COMHeap.obj
 0001:00003d46       _InitializeDAHeap          10004d46 f   COMHeap:COMHeap.obj
 0001:00003db2       _SetDefaultHeapMsg         10004db2 f   COMHeap:COMHeap.obj
 0001:00003dc7       __nh_malloc                10004dc7 f   COMHeap:COMHeap.obj
 0001:00003dd8       ??2@YAPAXI@Z               10004dd8 f   COMHeap:COMHeap.obj
 0001:00003de9       ??3@YAXPAX@Z               10004de9 f   COMHeap:COMHeap.obj
 0001:00003dff       ??_V@YAXPAX@Z              10004dff f   COMHeap:COMHeap.obj
 0001:00003e15       __malloc_dbg               10004e15 f   COMHeap:COMHeap.obj
 0001:00003e26       _malloc                    10004e26 f   COMHeap:COMHeap.obj
 0001:00003e37       _realloc                   10004e37 f   COMHeap:COMHeap.obj
 0001:00003e48       _calloc                    10004e48 f   COMHeap:COMHeap.obj
 0001:00003e59       _free                      10004e59 f   COMHeap:COMHeap.obj
 0001:00003e6f       __free_dbg                 10004e6f f   COMHeap:COMHeap.obj
 0001:00003e85       _check_heap                10004e85 f   COMHeap:COMHeap.obj
 0001:00003e95       __msize                    10004e95 f   COMHeap:COMHeap.obj
 0001:00003ea7       __msize_dbg                10004ea7 f   COMHeap:COMHeap.obj
 0001:00003eba       _acmStreamClose@8          10004eba f   msacm32:MSACM32.dll
 0001:00003ec0       _acmStreamUnprepareHeader@12 10004ec0 f   msacm32:MSACM32.dll
 0001:00003ec6       _acmStreamPrepareHeader@12 10004ec6 f   msacm32:MSACM32.dll
 0001:00003ecc       _acmStreamSize@16          10004ecc f   msacm32:MSACM32.dll
 0001:00003ed2       _acmStreamOpen@32          10004ed2 f   msacm32:MSACM32.dll
 0001:00003ed8       _acmFormatSuggest@20       10004ed8 f   msacm32:MSACM32.dll
 0001:00003ede       _acmStreamConvert@12       10004ede f   msacm32:MSACM32.dll
 0001:00003ee4       _VirtualFree@12            10004ee4 f   kernel32:KERNEL32.dll
 0001:00003eea       _GlobalFree@4              10004eea f   kernel32:KERNEL32.dll
 0001:00003ef0       _VirtualAlloc@16           10004ef0 f   kernel32:KERNEL32.dll
 0001:00003ef6       _GlobalAlloc@8             10004ef6 f   kernel32:KERNEL32.dll
 0001:00003efc       _DeleteCriticalSection@4   10004efc f   kernel32:KERNEL32.dll
 0001:00003f02       _CloseHandle@4             10004f02 f   kernel32:KERNEL32.dll
 0001:00003f08       _WaitForSingleObject@8     10004f08 f   kernel32:KERNEL32.dll
 0001:00003f0e       _SetEvent@4                10004f0e f   kernel32:KERNEL32.dll
 0001:00003f14       _LeaveCriticalSection@4    10004f14 f   kernel32:KERNEL32.dll
 0001:00003f1a       _EnterCriticalSection@4    10004f1a f   kernel32:KERNEL32.dll
 0001:00003f20       _CreateThread@24           10004f20 f   kernel32:KERNEL32.dll
 0001:00003f26       _CreateEventA@16           10004f26 f   kernel32:KERNEL32.dll
 0001:00003f2c       _InitializeCriticalSection@4 10004f2c f   kernel32:KERNEL32.dll
 0001:00003f32       _Sleep@4                   10004f32 f   kernel32:KERNEL32.dll
 0001:00003f38       _GetModuleFileNameA@12     10004f38 f   kernel32:KERNEL32.dll
 0001:00003f3e       _PostMessageA@16           10004f3e f   user32:USER32.dll
 0001:00003f50       ?_JumpToContinuation@@YGXPAXPAUEHRegistrationNode@@@Z 10004f50 f   LIBCMTD:_trnsctrl_.obj
 0001:00003f90       ?_CallMemberFunction0@@YGXPAX0@Z 10004f90 f   LIBCMTD:_trnsctrl_.obj
 0001:00003fa0       ?_CallMemberFunction1@@YGXPAX00@Z 10004fa0 f   LIBCMTD:_trnsctrl_.obj
 0001:00003fb0       ?_CallMemberFunction2@@YGXPAX00H@Z 10004fb0 f   LIBCMTD:_trnsctrl_.obj
 0001:00003fc0       ?_UnwindNestedFrames@@YGXPAUEHRegistrationNode@@PAUEHExceptionRecord@@@Z 10004fc0 f   LIBCMTD:_trnsctrl_.obj
 0001:00004020       ___CxxFrameHandler         10005020 f   LIBCMTD:_trnsctrl_.obj
 0001:00004060       ___CxxFrameHandler3        10005060 f   LIBCMTD:_trnsctrl_.obj
 0001:000040a0       ___CxxFrameHandler2        100050a0 f   LIBCMTD:_trnsctrl_.obj
 0001:000040e0       ___CxxLongjmpUnwind@4      100050e0 f   LIBCMTD:_trnsctrl_.obj
 0001:00004110       ?_CallCatchBlock2@@YAPAXPAUEHRegistrationNode@@PBU_s_FuncInfo@@PAXHK@Z 10005110 f   LIBCMTD:_trnsctrl_.obj
 0001:000041d0       ?_CallSETranslator@@YAHPAUEHExceptionRecord@@PAUEHRegistrationNode@@PAX2PBU_s_FuncInfo@@H1@Z 100051d0 f   LIBCMTD:_trnsctrl_.obj
 0001:00004370       ?_GetRangeOfTrysToCheck@@YAPBU_s_TryBlockMapEntry@@PBU_s_FuncInfo@@HHPAI1@Z 10005370 f   LIBCMTD:_trnsctrl_.obj
 0001:000043f0       __CreateFrameInfo          100053f0 f   LIBCMTD:_trnsctrl_.obj
 0001:00004420       __IsExceptionObjectToBeDestroyed 10005420 f   LIBCMTD:_trnsctrl_.obj
 0001:00004450       __FindAndUnlinkFrame       10005450 f   LIBCMTD:_trnsctrl_.obj
 0001:000044b0       @__security_check_cookie@4 100054b0 f   LIBCMTD:secchk.obj
 0001:000044c0       _memcpy                    100054c0 f   LIBCMTD:memcpy.obj
 0001:00004830       _memset                    10005830 f   LIBCMTD:memset.obj
 0001:000048b0       __fpmath                   100058b0 f   LIBCMTD:_fpinit_.obj
 0001:000048e0       __fpclear                  100058e0 f   LIBCMTD:_fpinit_.obj
 0001:000048f0       __cfltcvt_init             100058f0 f   LIBCMTD:_fpinit_.obj
 0001:00004960       ___setfflag                10005960 f   LIBCMTD:_fpinit_.obj
 0001:00004980       ?name@type_info@@QBEPBDPAU__type_info_node@@@Z 10005980 f   LIBCMTD:typinfo.obj
 0001:000049a0       ??1type_info@@UAE@XZ       100059a0 f   LIBCMTD:typinfo.obj
 0001:000049d0       ??_Gtype_info@@UAEPAXI@Z   100059d0 f i LIBCMTD:typinfo.obj
 0001:000049d0       ??_Etype_info@@UAEPAXI@Z   100059d0 f i LIBCMTD:typinfo.obj
 0001:00004a00       ?_name_internal_method@type_info@@QBEPBDPAU__type_info_node@@@Z 10005a00 f   LIBCMTD:typinfo.obj
 0001:00004a20       ?_type_info_dtor_internal_method@type_info@@QAEXXZ 10005a20 f   LIBCMTD:typinfo.obj
 0001:00004a40       ??8type_info@@QBE_NABV0@@Z 10005a40 f   LIBCMTD:typinfo.obj
 0001:00004a70       ??9type_info@@QBE_NABV0@@Z 10005a70 f   LIBCMTD:typinfo.obj
 0001:00004aa0       ?before@type_info@@QBEHABV1@@Z 10005aa0 f   LIBCMTD:typinfo.obj
 0001:00004ad0       ?raw_name@type_info@@QBEPBDXZ 10005ad0 f   LIBCMTD:typinfo.obj
 0001:00004af0       ??0type_info@@AAE@ABV0@@Z  10005af0 f   LIBCMTD:typinfo.obj
 0001:00004b10       ??4type_info@@AAEAAV0@ABV0@@Z 10005b10 f   LIBCMTD:typinfo.obj
 0001:00004b30       __purecall                 10005b30 f   LIBCMTD:purevirt.obj
 0001:00004b70       __set_purecall_handler     10005b70 f   LIBCMTD:purevirt.obj
 0001:00004bb0       __get_purecall_handler     10005bb0 f   LIBCMTD:purevirt.obj
 0001:00004bd0       _strncpy                   10005bd0 f   LIBCMTD:strncpy.obj
 0001:00004d00       _strcmp                    10005d00 f   LIBCMTD:strcmp.obj
 0001:00004d90       __CRT_INIT@12              10005d90 f   LIBCMTD:dllcrt0.obj
 0001:00004f60       __DllMainCRTStartup@12     10005f60 f   LIBCMTD:dllcrt0.obj
 0001:00005150       ___InternalCxxFrameHandler 10006150 f   LIBCMTD:frame.obj
 0001:00005750       ??0bad_exception@std@@QAE@PBD@Z 10006750 f i LIBCMTD:frame.obj
 0001:00005780       ??1bad_exception@std@@UAE@XZ 10006780 f i LIBCMTD:frame.obj
 0001:000057a0       ??_Gbad_exception@std@@UAEPAXI@Z 100067a0 f i LIBCMTD:frame.obj
 0001:000057a0       ??_Ebad_exception@std@@UAEPAXI@Z 100067a0 f i LIBCMTD:frame.obj
 0001:000057d0       ??0bad_exception@std@@QAE@ABV01@@Z 100067d0 f i LIBCMTD:frame.obj
 0001:00005980       ___TypeMatch               10006980 f   LIBCMTD:frame.obj
 0001:00005a30       ___FrameUnwindFilter       10006a30 f   LIBCMTD:frame.obj
 0001:00005ab0       ___FrameUnwindToState      10006ab0 f   LIBCMTD:frame.obj
 0001:00005ff0       ___BuildCatchObjectHelper  10006ff0 f   LIBCMTD:frame.obj
 0001:00006260       ___BuildCatchObject        10007260 f   LIBCMTD:frame.obj
 0001:00006370       ___DestructExceptionObject 10007370 f   LIBCMTD:frame.obj
 0001:00006420       ___AdjustPointer           10007420 f   LIBCMTD:frame.obj
 0001:00006470       ?__uncaught_exception@@YA_NXZ 10007470 f   LIBCMTD:frame.obj
 0001:00006490       ___CxxExceptionFilter      10007490 f   LIBCMTD:frame.obj
 0001:00006680       ___CxxRegisterExceptionObject 10007680 f   LIBCMTD:frame.obj
 0001:000067b0       ___CxxDetectRethrow        100077b0 f   LIBCMTD:frame.obj
 0001:00006840       ___CxxUnregisterExceptionObject 10007840 f   LIBCMTD:frame.obj
 0001:000069c0       ___CxxQueryExceptionSize   100079c0 f   LIBCMTD:frame.obj
 0001:000069d0       ___CxxCallUnwindDtor       100079d0 f   LIBCMTD:frame.obj
 0001:00006a50       ___CxxCallUnwindDelDtor    10007a50 f   LIBCMTD:frame.obj
 0001:00006ad0       ___CxxCallUnwindStdDelDtor 10007ad0 f   LIBCMTD:frame.obj
 0001:00006b50       ___CxxCallUnwindVecDtor    10007b50 f   LIBCMTD:frame.obj
 0001:00006d80       ?_is_exception_typeof@@YAHABVtype_info@@PAU_EXCEPTION_POINTERS@@@Z 10007d80 f   LIBCMTD:frame.obj
 0001:00006e60       __CallSettingFrame@12      10007e60 f   LIBCMTD:lowhelpr.obj
 0001:00006e87       __NLG_Return               10007e87     LIBCMTD:lowhelpr.obj
 0001:00006eb0       __encode_pointer           10007eb0 f   LIBCMTD:tidtable.obj
 0001:00006f50       __crt_wait_module_handle   10007f50 f i LIBCMTD:tidtable.obj
 0001:00006f80       __encoded_null             10007f80 f   LIBCMTD:tidtable.obj
 0001:00006fa0       __decode_pointer           10007fa0 f   LIBCMTD:tidtable.obj
 0001:00007040       ___crtTlsAlloc@4           10008040 f   LIBCMTD:tidtable.obj
 0001:00007050       ___fls_getvalue@4          10008050 f   LIBCMTD:tidtable.obj
 0001:00007070       ___get_flsindex            10008070 f   LIBCMTD:tidtable.obj
 0001:00007080       ___set_flsgetvalue         10008080 f   LIBCMTD:tidtable.obj
 0001:000070d0       ___fls_setvalue@8          100080d0 f   LIBCMTD:tidtable.obj
 0001:00007100       __mtinit                   10008100 f   LIBCMTD:tidtable.obj
 0001:00007310       __mtterm                   10008310 f   LIBCMTD:tidtable.obj
 0001:00007370       __initptd                  10008370 f   LIBCMTD:tidtable.obj
 0001:000074d0       __getptd_noexit            100084d0 f   LIBCMTD:tidtable.obj
 0001:00007590       __getptd                   10008590 f   LIBCMTD:tidtable.obj
 0001:000075c0       __freefls@4                100085c0 f   LIBCMTD:tidtable.obj
 0001:000077d0       __freeptd                  100087d0 f   LIBCMTD:tidtable.obj
 0001:00007850       ___threadid                10008850 f   LIBCMTD:tidtable.obj
 0001:00007860       ___threadhandle            10008860 f   LIBCMTD:tidtable.obj
 0001:00007870       __initp_eh_hooks           10008870 f   LIBCMTD:hooks.obj
 0001:00007890       ?terminate@@YAXXZ          10008890 f   LIBCMTD:hooks.obj
 0001:00007910       ?unexpected@@YAXXZ         10008910 f   LIBCMTD:hooks.obj
 0001:00007940       ?_inconsistency@@YAXXZ     10008940 f   LIBCMTD:hooks.obj
 0001:000079d0       ___report_gsfailure        100089d0 f   LIBCMTD:gs_report.obj
 0001:00007ae0       __VEC_memcpy               10008ae0 f   LIBCMTD:p4_memcpy.obj
 0001:00007c60       __get_sse2_info            10008c60 f   LIBCMTD:cpu_disp.obj
 0001:00007d90       ___sse2_available_init     10008d90 f   LIBCMTD:cpu_disp.obj
 0001:00007db0       __VEC_memzero              10008db0 f   LIBCMTD:p4_memset.obj
 0001:00007ea0       __setdefaultprecision      10008ea0 f   LIBCMTD:fp8.obj
 0001:00007ee0       __invoke_watson_if_error   10008ee0 f i LIBCMTD:fp8.obj
 0001:00007f10       __ms_p5_test_fdiv          10008f10 f   LIBCMTD:_testfdiv_.obj
 0001:00007f60       __ms_p5_mp_test_fdiv       10008f60 f   LIBCMTD:_testfdiv_.obj
 0001:00007fb0       __forcdecpt                10008fb0 f   LIBCMTD:cvt.obj
 0001:00007fd0       __forcdecpt_l              10008fd0 f   LIBCMTD:cvt.obj
 0001:00008090       ??0_LocaleUpdate@@QAE@PAUlocaleinfo_struct@@@Z 10009090 f i LIBCMTD:cvt.obj
 0001:00008170       ??1_LocaleUpdate@@QAE@XZ   10009170 f i LIBCMTD:cvt.obj
 0001:000081a0       ?GetLocaleT@_LocaleUpdate@@QAEPAUlocaleinfo_struct@@XZ 100091a0 f i LIBCMTD:cvt.obj
 0001:000081b0       __cropzeros                100091b0 f   LIBCMTD:cvt.obj
 0001:000081d0       __cropzeros_l              100091d0 f   LIBCMTD:cvt.obj
 0001:000082e0       __positive                 100092e0 f   LIBCMTD:cvt.obj
 0001:00008310       __fassign_l                10009310 f   LIBCMTD:cvt.obj
 0001:00008370       __fassign                  10009370 f   LIBCMTD:cvt.obj
 0001:00008390       __cftoe_l                  10009390 f   LIBCMTD:cvt.obj
 0001:000088e0       __cftoe                    100098e0 f   LIBCMTD:cvt.obj
 0001:00008910       __cftoa_l                  10009910 f   LIBCMTD:cvt.obj
 0001:000090e0       ?strrchr@@YAPADPADH@Z      1000a0e0 f i LIBCMTD:cvt.obj
 0001:00009100       __cftoa                    1000a100 f   LIBCMTD:cvt.obj
 0001:00009130       __cftof_l                  1000a130 f   LIBCMTD:cvt.obj
 0001:00009540       __cftof                    1000a540 f   LIBCMTD:cvt.obj
 0001:00009570       __cftog_l                  1000a570 f   LIBCMTD:cvt.obj
 0001:000097a0       __cftog                    1000a7a0 f   LIBCMTD:cvt.obj
 0001:000097d0       __cfltcvt_l                1000a7d0 f   LIBCMTD:cvt.obj
 0001:00009890       __cfltcvt                  1000a890 f   LIBCMTD:cvt.obj
 0001:000098f0       __initp_misc_cfltcvt_tab   1000a8f0 f   LIBCMTD:cmiscdat.obj
 0001:00009940       ?_Type_info_dtor@type_info@@CAXPAV1@@Z 1000a940 f   LIBCMTD:typname.obj
 0001:00009a50       ?_Name_base@type_info@@CAPBDPBV1@PAU__type_info_node@@@Z 1000aa50 f   LIBCMTD:typname.obj
 0001:00009bf0       ?_Type_info_dtor_internal@type_info@@CAXPAV1@@Z 1000abf0 f   LIBCMTD:typname.obj
 0001:00009d00       ___unDNameHelper           1000ad00 f   LIBCMTD:typname.obj
 0001:00009d40       ?_Name_base_internal@type_info@@CAPBDPBV1@PAU__type_info_node@@@Z 1000ad40 f   LIBCMTD:typname.obj
 0001:00009f00       ___clean_type_info_names_internal 1000af00 f   LIBCMTD:typname.obj
 0001:00009fc0       _abort                     1000afc0 f   LIBCMTD:abort.obj
 0001:0000a100       __set_abort_behavior       1000b100 f   LIBCMTD:abort.obj
 0001:0000a130       __FF_MSGBANNER             1000b130 f   LIBCMTD:crt0msg.obj
 0001:0000a180       __NMSG_WRITE               1000b180 f   LIBCMTD:crt0msg.obj
 0001:0000a420       __GET_RTERRMSG             1000b420 f   LIBCMTD:crt0msg.obj
 0001:0000a470       ___getlocaleinfo           1000b470 f   LIBCMTD:inithelp.obj
 0001:0000a710       __initp_misc_purevirt      1000b710 f   LIBCMTD:inithelp.obj
 0001:0000a720       __nh_malloc_dbg            1000b720 f   LIBCMTD:dbgheap.obj
 0001:0000a7f0       __heap_alloc               1000b7f0 f   LIBCMTD:dbgheap.obj
 0001:0000abc0       __heap_alloc_dbg           1000bbc0 f   LIBCMTD:dbgheap.obj
 0001:0000ac20       __calloc_dbg_impl          1000bc20 f   LIBCMTD:dbgheap.obj
 0001:0000acf0       __calloc_dbg               1000bcf0 f   LIBCMTD:dbgheap.obj
 0001:0000ad50       __recalloc                 1000bd50 f   LIBCMTD:dbgheap.obj
 0001:0000ad80       __realloc_dbg              1000bd80 f   LIBCMTD:dbgheap.obj
 0001:0000b420       __recalloc_dbg             1000c420 f   LIBCMTD:dbgheap.obj
 0001:0000b520       __expand                   1000c520 f   LIBCMTD:dbgheap.obj
 0001:0000b550       __expand_dbg               1000c550 f   LIBCMTD:dbgheap.obj
 0001:0000b660       __free_nolock              1000c660 f   LIBCMTD:dbgheap.obj
 0001:0000b680       __free_dbg_nolock          1000c680 f   LIBCMTD:dbgheap.obj
 0001:0000bb60       __CrtSetBreakAlloc         1000cb60 f   LIBCMTD:dbgheap.obj
 0001:0000bb80       __CrtSetDbgBlockType       1000cb80 f   LIBCMTD:dbgheap.obj
 0001:0000bc70       __CrtSetAllocHook          1000cc70 f   LIBCMTD:dbgheap.obj
 0001:0000bc90       __CrtGetAllocHook          1000cc90 f   LIBCMTD:dbgheap.obj
 0001:0000bcf0       __CrtCheckMemory           1000ccf0 f   LIBCMTD:dbgheap.obj
 0001:0000c150       __CrtSetDbgFlag            1000d150 f   LIBCMTD:dbgheap.obj
 0001:0000c2a0       __CrtDoForAllClientObjects 1000d2a0 f   LIBCMTD:dbgheap.obj
 0001:0000c3c0       __CrtIsValidPointer        1000d3c0 f   LIBCMTD:dbgheap.obj
 0001:0000c3d0       __CrtIsValidHeapPointer    1000d3d0 f   LIBCMTD:dbgheap.obj
 0001:0000c470       __CrtIsMemoryBlock         1000d470 f   LIBCMTD:dbgheap.obj
 0001:0000c5e0       __CrtReportBlockType       1000d5e0 f   LIBCMTD:dbgheap.obj
 0001:0000c610       __CrtSetDumpClient         1000d610 f   LIBCMTD:dbgheap.obj
 0001:0000c630       __CrtGetDumpClient         1000d630 f   LIBCMTD:dbgheap.obj
 0001:0000c640       __CrtMemCheckpoint         1000d640 f   LIBCMTD:dbgheap.obj
 0001:0000c860       __CrtMemDifference         1000d860 f   LIBCMTD:dbgheap.obj
 0001:0000ca80       __CrtMemDumpAllObjectsSince 1000da80 f   LIBCMTD:dbgheap.obj
 0001:0000cf70       __invoke_watson_if_oneof   1000df70 f i LIBCMTD:dbgheap.obj
 0001:0000cfc0       __CrtDumpMemoryLeaks       1000dfc0 f   LIBCMTD:dbgheap.obj
 0001:0000d030       __CrtMemDumpStatistics     1000e030 f   LIBCMTD:dbgheap.obj
 0001:0000d140       __aligned_malloc           1000e140 f   LIBCMTD:dbgheap.obj
 0001:0000d160       __aligned_malloc_dbg       1000e160 f   LIBCMTD:dbgheap.obj
 0001:0000d190       __aligned_realloc          1000e190 f   LIBCMTD:dbgheap.obj
 0001:0000d1c0       __aligned_recalloc         1000e1c0 f   LIBCMTD:dbgheap.obj
 0001:0000d1f0       __aligned_realloc_dbg      1000e1f0 f   LIBCMTD:dbgheap.obj
 0001:0000d220       __aligned_recalloc_dbg     1000e220 f   LIBCMTD:dbgheap.obj
 0001:0000d250       __aligned_offset_malloc    1000e250 f   LIBCMTD:dbgheap.obj
 0001:0000d270       __aligned_offset_malloc_dbg 1000e270 f   LIBCMTD:dbgheap.obj
 0001:0000d410       __aligned_offset_realloc   1000e410 f   LIBCMTD:dbgheap.obj
 0001:0000d440       __aligned_offset_recalloc  1000e440 f   LIBCMTD:dbgheap.obj
 0001:0000d470       __aligned_offset_realloc_dbg 1000e470 f   LIBCMTD:dbgheap.obj
 0001:0000d740       __aligned_offset_recalloc_dbg 1000e740 f   LIBCMTD:dbgheap.obj
 0001:0000d850       __aligned_free             1000e850 f   LIBCMTD:dbgheap.obj
 0001:0000d870       __aligned_free_dbg         1000e870 f   LIBCMTD:dbgheap.obj
 0001:0000d920       __CrtSetDebugFillThreshold 1000e920 f   LIBCMTD:dbgheap.obj
 0001:0000d940       __CrtSetCheckCount         1000e940 f   LIBCMTD:dbgheap.obj
 0001:0000d960       __CrtGetCheckCount         1000e960 f   LIBCMTD:dbgheap.obj
 0001:0000d970       __aligned_msize            1000e970 f   LIBCMTD:dbgheap.obj
 0001:0000d990       __aligned_msize_dbg        1000e990 f   LIBCMTD:dbgheap.obj
 0001:0000daa0       __crt_waiting_on_module_handle 1000eaa0 f   LIBCMTD:crt0dat.obj
 0001:0000db00       __cinit                    1000eb00 f   LIBCMTD:crt0dat.obj
 0001:0000dba0       _exit                      1000eba0 f   LIBCMTD:crt0dat.obj
 0001:0000dbc0       __exit                     1000ebc0 f   LIBCMTD:crt0dat.obj
 0001:0000dbe0       __cexit                    1000ebe0 f   LIBCMTD:crt0dat.obj
 0001:0000dc00       __c_exit                   1000ec00 f   LIBCMTD:crt0dat.obj
 0001:0000dc20       __amsg_exit                1000ec20 f   LIBCMTD:crt0dat.obj
 0001:0000dc60       ___freeCrtMemory           1000ec60 f   LIBCMTD:crt0dat.obj
 0001:0000dfb0       ___crtCorExitProcess       1000efb0 f   LIBCMTD:crt0dat.obj
 0001:0000dff0       ___crtExitProcess          1000eff0 f   LIBCMTD:crt0dat.obj
 0001:0000e010       __lockexit                 1000f010 f   LIBCMTD:crt0dat.obj
 0001:0000e030       __unlockexit               1000f030 f   LIBCMTD:crt0dat.obj
 0001:0000e050       __init_pointers            1000f050 f   LIBCMTD:crt0dat.obj
 0001:0000e110       __initterm_e               1000f110 f   LIBCMTD:crt0dat.obj
 0001:0000e150       __get_wpgmptr              1000f150 f   LIBCMTD:crt0dat.obj
 0001:0000e240       __get_pgmptr               1000f240 f   LIBCMTD:crt0dat.obj
 0001:0000e330       __ioinit                   1000f330 f   LIBCMTD:ioinit.obj
 0001:0000e7d0       __ioterm                   1000f7d0 f   LIBCMTD:ioinit.obj
 0001:0000e870       __setenvp                  1000f870 f   LIBCMTD:stdenvp.obj
 0001:0000ea10       __setargv                  1000fa10 f   LIBCMTD:stdargv.obj
 0001:0000eb30       __set_pgmptr               1000fb30 f i LIBCMTD:stdargv.obj
 0001:0000eea0       ___crtGetEnvironmentStringsA 1000fea0 f   LIBCMTD:a_env.obj
 0001:0000f0c0       __RTC_Initialize           100100c0 f   LIBCMTD:_initsect_.obj
 0001:0000f0f0       __RTC_Terminate            100100f0 f   LIBCMTD:_initsect_.obj
 0001:0000f120       ___security_init_cookie    10010120 f   LIBCMTD:gs_support.obj
 0001:0000f200       __initp_misc_winxfltr      10010200 f   LIBCMTD:winxfltr.obj
 0001:0000f210       ___CppXcptFilter           10010210 f   LIBCMTD:winxfltr.obj
 0001:0000f240       __XcptFilter               10010240 f   LIBCMTD:winxfltr.obj
 0001:0000f470       __except_handler4          10010470 f   LIBCMTD:chandler4.obj
 0001:0000f690       ?_ValidateRead@@YAHPBXI@Z  10010690 f   LIBCMTD:validate.obj
 0001:0000f6c0       ?_ValidateWrite@@YAHPAXI@Z 100106c0 f   LIBCMTD:validate.obj
 0001:0000f6f0       ?_ValidateExecute@@YAHP6GHXZ@Z 100106f0 f   LIBCMTD:validate.obj
 0001:0000f720       __CxxThrowException@8      10010720 f   LIBCMTD:throw.obj
 0001:0000f780       ??0exception@std@@QAE@XZ   10010780 f   LIBCMTD:stdexcpt.obj
 0001:0000f7b0       ??_Gexception@std@@UAEPAXI@Z 100107b0 f i LIBCMTD:stdexcpt.obj
 0001:0000f7b0       ??_Eexception@std@@UAEPAXI@Z 100107b0 f i LIBCMTD:stdexcpt.obj
 0001:0000f7e0       ??0exception@std@@QAE@ABQBD@Z 100107e0 f   LIBCMTD:stdexcpt.obj
 0001:0000f870       ??0exception@std@@QAE@ABQBDH@Z 10010870 f   LIBCMTD:stdexcpt.obj
 0001:0000f8a0       ??0exception@std@@QAE@ABV01@@Z 100108a0 f   LIBCMTD:stdexcpt.obj
 0001:0000f940       ??4exception@std@@QAEAAV01@ABV01@@Z 10010940 f   LIBCMTD:stdexcpt.obj
 0001:0000f9f0       ??1exception@std@@UAE@XZ   100109f0 f   LIBCMTD:stdexcpt.obj
 0001:0000fa20       ?what@exception@std@@UBEPBDXZ 10010a20 f   LIBCMTD:stdexcpt.obj
 0001:0000fa50       ??0bad_cast@std@@QAE@PBD@Z 10010a50 f   LIBCMTD:stdexcpt.obj
 0001:0000fa80       ??_Gbad_cast@std@@UAEPAXI@Z 10010a80 f i LIBCMTD:stdexcpt.obj
 0001:0000fa80       ??_Ebad_cast@std@@UAEPAXI@Z 10010a80 f i LIBCMTD:stdexcpt.obj
 0001:0000fab0       ??0bad_cast@std@@QAE@ABV01@@Z 10010ab0 f   LIBCMTD:stdexcpt.obj
 0001:0000fae0       ??1bad_cast@std@@UAE@XZ    10010ae0 f   LIBCMTD:stdexcpt.obj
 0001:0000fb00       ??0bad_typeid@std@@QAE@PBD@Z 10010b00 f   LIBCMTD:stdexcpt.obj
 0001:0000fb30       ??_Ebad_typeid@std@@UAEPAXI@Z 10010b30 f i LIBCMTD:stdexcpt.obj
 0001:0000fb30       ??_Gbad_typeid@std@@UAEPAXI@Z 10010b30 f i LIBCMTD:stdexcpt.obj
 0001:0000fb60       ??0bad_typeid@std@@QAE@ABV01@@Z 10010b60 f   LIBCMTD:stdexcpt.obj
 0001:0000fb90       ??1bad_typeid@std@@UAE@XZ  10010b90 f   LIBCMTD:stdexcpt.obj
 0001:0000fbb0       ??0__non_rtti_object@std@@QAE@PBD@Z 10010bb0 f   LIBCMTD:stdexcpt.obj
 0001:0000fbe0       ??_E__non_rtti_object@std@@UAEPAXI@Z 10010be0 f i LIBCMTD:stdexcpt.obj
 0001:0000fbe0       ??_G__non_rtti_object@std@@UAEPAXI@Z 10010be0 f i LIBCMTD:stdexcpt.obj
 0001:0000fc10       ??0__non_rtti_object@std@@QAE@ABV01@@Z 10010c10 f   LIBCMTD:stdexcpt.obj
 0001:0000fc40       ??1__non_rtti_object@std@@UAE@XZ 10010c40 f   LIBCMTD:stdexcpt.obj
 0001:0000fc60       _memmove                   10010c60 f   LIBCMTD:memmove.obj
 0001:0000ffc8       __global_unwind2           10010fc8 f   LIBCMTD:exsup.obj
 0001:0001002d       __local_unwind2            1001102d f   LIBCMTD:exsup.obj
 0001:000100b1       __abnormal_termination     100110b1 f   LIBCMTD:exsup.obj
 0001:000100d4       __NLG_Notify1              100110d4 f   LIBCMTD:exsup.obj
 0001:000100dd       __NLG_Notify               100110dd f   LIBCMTD:exsup.obj
 0001:000100f4       __NLG_Dispatch2            100110f4     LIBCMTD:exsup.obj
 0001:000100f4       __NLG_Dispatch             100110f4     LIBCMTD:exsup.obj
 0001:000100fc       __NLG_Call                 100110fc f   LIBCMTD:exsup.obj
 0001:000100fe       __NLG_Return2              100110fe     LIBCMTD:exsup.obj
 0001:00010100       __mtinitlocks              10011100 f   LIBCMTD:mlock.obj
 0001:00010190       __mtdeletelocks            10011190 f   LIBCMTD:mlock.obj
 0001:00010250       __mtinitlocknum            10011250 f   LIBCMTD:mlock.obj
 0001:000103a0       __lock                     100113a0 f   LIBCMTD:mlock.obj
 0001:000103e0       __unlock                   100113e0 f   LIBCMTD:mlock.obj
 0001:00010400       __lockerr_exit             10011400 f   LIBCMTD:mlock.obj
 0001:00010420       ____setlc_active_func      10011420 f   LIBCMTD:setlocal.obj
 0001:00010430       ____unguarded_readlc_active_add_func 10011430 f   LIBCMTD:setlocal.obj
 0001:00010440       ___freetlocinfo            10011440 f   LIBCMTD:setlocal.obj
 0001:00010720       ___addlocaleref            10011720 f   LIBCMTD:setlocal.obj
 0001:00010840       ___removelocaleref         10011840 f   LIBCMTD:setlocal.obj
 0001:00010970       ___updatetlocinfo          10011970 f   LIBCMTD:setlocal.obj
 0001:00010ac0       __configthreadlocale       10011ac0 f   LIBCMTD:setlocal.obj
 0001:00010bd0       __locterm                  10011bd0 f   LIBCMTD:setlocal.obj
 0001:00010c70       __free_locale              10011c70 f   LIBCMTD:setlocal.obj
 0001:00010db0       ___free_locale             10011db0 f   LIBCMTD:setlocal.obj
 0001:00010dd0       __create_locale            10011dd0 f   LIBCMTD:setlocal.obj
 0001:00011000       ___create_locale           10012000 f   LIBCMTD:setlocal.obj
 0001:00011020       __get_current_locale       10012020 f   LIBCMTD:setlocal.obj
 0001:00011140       ___get_current_locale      10012140 f   LIBCMTD:setlocal.obj
 0001:00011150       _setlocale                 10012150 f   LIBCMTD:setlocal.obj
 0001:00012060       __expandlocale             10013060 f   LIBCMTD:setlocal.obj
 0001:00012310       ___init_dummy              10013310 f   LIBCMTD:setlocal.obj
 0001:00012320       __strcats                  10013320 f   LIBCMTD:setlocal.obj
 0001:000123a0       ___lc_strtolc              100133a0 f   LIBCMTD:setlocal.obj
 0001:000125a0       ___lc_lctostr              100135a0 f   LIBCMTD:setlocal.obj
 0001:00012640       ___updatetmbcinfo          10013640 f   LIBCMTD:mbctype.obj
 0001:00012750       __setmbcp                  10013750 f   LIBCMTD:mbctype.obj
 0001:00012b00       __setmbcp_nolock           10013b00 f   LIBCMTD:mbctype.obj
 0001:000132f0       __getmbcp                  100142f0 f   LIBCMTD:mbctype.obj
 0001:00013360       ___initmbctable            10014360 f   LIBCMTD:mbctype.obj
 0001:00013390       __CrtDefaultAllocHook      10014390 f   LIBCMTD:dbghook.obj
 0001:000133a0       __crt_debugger_hook        100143a0 f   LIBCMTD:dbghook.obj
 0001:000133c0       __controlfp_s              100143c0 f   LIBCMTD:_contrlfp_.obj
 0001:000134a0       __initp_misc_invarg        100144a0 f   LIBCMTD:invarg.obj
 0001:000134b0       __invalid_parameter        100144b0 f   LIBCMTD:invarg.obj
 0001:00013520       __invoke_watson            10014520 f   LIBCMTD:invarg.obj
 0001:00013670       __set_invalid_parameter_handler 10014670 f   LIBCMTD:invarg.obj
 0001:000136c0       __get_invalid_parameter_handler 100146c0 f   LIBCMTD:invarg.obj
 0001:000136f0       ?_invalid_parameter@@YAXPBG00II@Z 100146f0 f   LIBCMTD:invarg.obj
 0001:00013720       ?_invoke_watson@@YAXPBG00II@Z 10014720 f   LIBCMTD:invarg.obj
 0001:00013750       __isalpha_l                10014750 f i LIBCMTD:_ctype.obj
 0001:000137e0       _isalpha                   100147e0 f i LIBCMTD:_ctype.obj
 0001:00013820       __isupper_l                10014820 f i LIBCMTD:_ctype.obj
 0001:000138a0       _isupper                   100148a0 f i LIBCMTD:_ctype.obj
 0001:000138d0       __islower_l                100148d0 f i LIBCMTD:_ctype.obj
 0001:00013950       _islower                   10014950 f i LIBCMTD:_ctype.obj
 0001:00013980       __isdigit_l                10014980 f i LIBCMTD:_ctype.obj
 0001:00013a00       _isdigit                   10014a00 f i LIBCMTD:_ctype.obj
 0001:00013a30       __isxdigit_l               10014a30 f i LIBCMTD:_ctype.obj
 0001:00013ac0       _isxdigit                  10014ac0 f i LIBCMTD:_ctype.obj
 0001:00013b00       __isspace_l                10014b00 f i LIBCMTD:_ctype.obj
 0001:00013b80       _isspace                   10014b80 f i LIBCMTD:_ctype.obj
 0001:00013bb0       __ispunct_l                10014bb0 f i LIBCMTD:_ctype.obj
 0001:00013c30       _ispunct                   10014c30 f i LIBCMTD:_ctype.obj
 0001:00013c60       __isalnum_l                10014c60 f i LIBCMTD:_ctype.obj
 0001:00013cf0       _isalnum                   10014cf0 f i LIBCMTD:_ctype.obj
 0001:00013d30       __isprint_l                10014d30 f i LIBCMTD:_ctype.obj
 0001:00013dc0       _isprint                   10014dc0 f i LIBCMTD:_ctype.obj
 0001:00013e00       __isgraph_l                10014e00 f i LIBCMTD:_ctype.obj
 0001:00013e90       _isgraph                   10014e90 f i LIBCMTD:_ctype.obj
 0001:00013ed0       __iscntrl_l                10014ed0 f i LIBCMTD:_ctype.obj
 0001:00013f50       _iscntrl                   10014f50 f i LIBCMTD:_ctype.obj
 0001:00013f80       ___isascii                 10014f80 f i LIBCMTD:_ctype.obj
 0001:00013fa0       ___toascii                 10014fa0 f i LIBCMTD:_ctype.obj
 0001:00013fb0       __iscsymf_l                10014fb0 f i LIBCMTD:_ctype.obj
 0001:00013ff0       ___iscsymf                 10014ff0 f i LIBCMTD:_ctype.obj
 0001:00014030       __iscsym_l                 10015030 f i LIBCMTD:_ctype.obj
 0001:00014070       ___iscsym                  10015070 f i LIBCMTD:_ctype.obj
 0001:000140b0       __tolower                  100150b0 f   LIBCMTD:tolower.obj
 0001:000140c0       __tolower_l                100150c0 f   LIBCMTD:tolower.obj
 0001:000142a0       _tolower                   100152a0 f   LIBCMTD:tolower.obj
 0001:000142f0       __atodbl_l                 100152f0 f   LIBCMTD:atodbl.obj
 0001:00014400       __atodbl                   10015400 f   LIBCMTD:atodbl.obj
 0001:00014420       __atoldbl_l                10015420 f   LIBCMTD:atodbl.obj
 0001:00014530       __atoldbl                  10015530 f   LIBCMTD:atodbl.obj
 0001:00014550       __atoflt_l                 10015550 f   LIBCMTD:atodbl.obj
 0001:00014660       __atoflt                   10015660 f   LIBCMTD:atodbl.obj
 0001:00014680       __fptostr                  10015680 f   LIBCMTD:_fptostr.obj
 0001:00014930       __dosmaperr                10015930 f   LIBCMTD:dosmap.obj
 0001:00014960       __get_errno_from_oserr     10015960 f   LIBCMTD:dosmap.obj
 0001:000149e0       __set_errno                100159e0 f   LIBCMTD:dosmap.obj
 0001:00014a10       __get_errno                10015a10 f   LIBCMTD:dosmap.obj
 0001:00014a90       __set_doserrno             10015a90 f   LIBCMTD:dosmap.obj
 0001:00014ac0       __get_doserrno             10015ac0 f   LIBCMTD:dosmap.obj
 0001:00014b40       __errno                    10015b40 f   LIBCMTD:dosmap.obj
 0001:00014b70       ___doserrno                10015b70 f   LIBCMTD:dosmap.obj
 0001:00014ba0       __CrtSetReportHookW2       10015ba0 f   LIBCMTD:dbgrptw.obj
 0001:00014ec0       __CrtDbgReportW            10015ec0 f   LIBCMTD:dbgrptw.obj
 0001:00014f00       __CrtDbgReportWV           10015f00 f i LIBCMTD:dbgrptw.obj
 0001:00014f30       ___crtMessageWindowW       10015f30 f   LIBCMTD:dbgrptw.obj
 0001:00015330       ?_CrtDbgReportW@@YAHHPBGH00ZZ 10016330 f   LIBCMTD:dbgrptw.obj
 0001:00015370       __fltout2                  10016370 f   LIBCMTD:_cfout_.obj
 0001:00015420       ___dtold                   10016420 f   LIBCMTD:_cfout_.obj
 0001:00015580       __set_output_format        10016580 f   LIBCMTD:outputformat.obj
 0001:00015600       __get_output_format        10016600 f   LIBCMTD:outputformat.obj
 0001:00015610       _strcpy_s                  10016610 f   LIBCMTD:strcpy_s.obj
 0001:000158f0       __allrem                   100168f0 f   LIBCMTD:llrem.obj
 0001:000159b0       __alldiv                   100169b0 f   LIBCMTD:lldiv.obj
 0001:00015a60       __allshl                   10016a60 f   LIBCMTD:llshl.obj
 0001:00015a80       __aullshr                  10016a80 f   LIBCMTD:ullshr.obj
 0001:00015aa0       _strrchr                   10016aa0 f   LIBCMTD:strrchr.obj
 0001:00015ad0       _strlen                    10016ad0 f   LIBCMTD:strlen.obj
 0001:00015b60       __fptrap                   10016b60 f   LIBCMTD:crt0fp.obj
 0001:00015b80       ___unDName                 10016b80 f   LIBCMTD:undname.obj
 0001:00015c60       ?Constructor@HeapManager@@QAEXP6APAXI@ZP6AXPAX@Z@Z 10016c60 f i LIBCMTD:undname.obj
 0001:00015ca0       ?Destructor@HeapManager@@QAEXXZ 10016ca0 f i LIBCMTD:undname.obj
 0001:00015cf0       ___unDNameEx               10016cf0 f   LIBCMTD:undname.obj
 0001:00015dd0       ??0UnDecorator@@QAE@PADPBDHP6APADJ@ZK@Z 10016dd0 f i LIBCMTD:undname.obj
 0001:00015e70       ??BUnDecorator@@QAEPADXZ   10016e70 f i LIBCMTD:undname.obj
 0001:000160a0       ?dbGetString@DName@@QBEPADXZ 100170a0 f   LIBCMTD:undname.obj
 0001:000160d0       ?getDecoratedName@UnDecorator@@CA?AVDName@@XZ 100170d0 f   LIBCMTD:undname.obj
 0001:000163e0       ?getSymbolName@UnDecorator@@CA?AVDName@@XZ 100173e0 f i LIBCMTD:undname.obj
 0001:00016460       ?getZName@UnDecorator@@CA?AVDName@@_N0@Z 10017460 f   LIBCMTD:undname.obj
 0001:00016700       ?getOperatorName@UnDecorator@@CA?AVDName@@_NPA_N@Z 10017700 f i LIBCMTD:undname.obj
 0001:00017070       ?getStringEncoding@UnDecorator@@CA?AVDName@@PADH@Z 10018070 f   LIBCMTD:undname.obj
 0001:00017170       ?getScope@UnDecorator@@CA?AVDName@@XZ 10018170 f   LIBCMTD:undname.obj
 0001:00017550       ?getSignedDimension@UnDecorator@@CA?AVDName@@XZ 10018550 f   LIBCMTD:undname.obj
 0001:000175d0       ?getDimension@UnDecorator@@CA?AVDName@@_N@Z 100185d0 f   LIBCMTD:undname.obj
 0001:00017880       ?getNumberOfDimensions@UnDecorator@@CAHXZ 10018880 f   LIBCMTD:undname.obj
 0001:00017980       ?getTemplateName@UnDecorator@@CA?AVDName@@_N@Z 10018980 f   LIBCMTD:undname.obj
 0001:00017b40       ?getTemplateArgumentList@UnDecorator@@CA?AVDName@@XZ 10018b40 f   LIBCMTD:undname.obj
 0001:00017dc0       ?getTemplateConstant@UnDecorator@@CA?AVDName@@XZ 10018dc0 f   LIBCMTD:undname.obj
 0001:00018250       ?composeDeclaration@UnDecorator@@CA?AVDName@@ABV2@@Z 10019250 f i LIBCMTD:undname.obj
 0001:00019850       ?getTypeEncoding@UnDecorator@@CAHXZ 1001a850 f i LIBCMTD:undname.obj
 0001:0001a290       ?getBasedType@UnDecorator@@CA?AVDName@@XZ 1001b290 f   LIBCMTD:undname.obj
 0001:0001a350       ?getScopedName@UnDecorator@@CA?AVDName@@XZ 1001b350 f   LIBCMTD:undname.obj
 0001:0001a470       ?getCallingConvention@UnDecorator@@CA?AVDName@@XZ 1001b470 f   LIBCMTD:undname.obj
 0001:0001a5d0       ?getReturnType@UnDecorator@@CA?AVDName@@PAV2@@Z 1001b5d0 f   LIBCMTD:undname.obj
 0001:0001a620       ?getDataType@UnDecorator@@CA?AVDName@@PAV2@@Z 1001b620 f   LIBCMTD:undname.obj
 0001:0001a730       ?getPrimaryDataType@UnDecorator@@CA?AVDName@@ABV2@@Z 1001b730 f   LIBCMTD:undname.obj
 0001:0001a9e0       ?getArgumentTypes@UnDecorator@@CA?AVDName@@XZ 1001b9e0 f   LIBCMTD:undname.obj
 0001:0001ab40       ?getArgumentList@UnDecorator@@CA?AVDName@@XZ 1001bb40 f   LIBCMTD:undname.obj
 0001:0001ac90       ?getThrowTypes@UnDecorator@@CA?AVDName@@XZ 1001bc90 f   LIBCMTD:undname.obj
 0001:0001ad40       ?getBasicDataType@UnDecorator@@CA?AVDName@@ABV2@@Z 1001bd40 f   LIBCMTD:undname.obj
 0001:0001b2f0       ?getECSUDataType@UnDecorator@@CA?AVDName@@XZ 1001c2f0 f   LIBCMTD:undname.obj
 0001:0001b4c0       ?getECSUName@UnDecorator@@CA?AVDName@@XZ 1001c4c0 f i LIBCMTD:undname.obj
 0001:0001b4e0       ?getEnumType@UnDecorator@@CA?AVDName@@XZ 1001c4e0 f i LIBCMTD:undname.obj
 0001:0001b630       ?getFunctionIndirectType@UnDecorator@@CA?AVDName@@ABV2@@Z 1001c630 f   LIBCMTD:undname.obj
 0001:0001ba70       ?getPtrRefType@UnDecorator@@CA?AVDName@@ABV2@0D@Z 1001ca70 f   LIBCMTD:undname.obj
 0001:0001bbd0       ?getExtendedDataIndirectType@UnDecorator@@CA?AVDName@@AADAA_NH@Z 1001cbd0 f   LIBCMTD:undname.obj
 0001:0001bde0       ?getDataIndirectType@UnDecorator@@CA?AVDName@@ABV2@D0H@Z 1001cde0 f   LIBCMTD:undname.obj
 0001:0001c4e0       ?getPtrRefDataType@UnDecorator@@CA?AVDName@@ABV2@H@Z 1001d4e0 f i LIBCMTD:undname.obj
 0001:0001c620       ?getArrayType@UnDecorator@@CA?AVDName@@ABV2@@Z 1001d620 f i LIBCMTD:undname.obj
 0001:0001c850       ?getLexicalFrame@UnDecorator@@CA?AVDName@@XZ 1001d850 f i LIBCMTD:undname.obj
 0001:0001c890       ?getThisType@UnDecorator@@CA?AVDName@@XZ 1001d890 f i LIBCMTD:undname.obj
 0001:0001c8d0       ?getPointerType@UnDecorator@@CA?AVDName@@ABV2@0@Z 1001d8d0 f i LIBCMTD:undname.obj
 0001:0001c8f0       ?getPointerTypeArray@UnDecorator@@CA?AVDName@@ABV2@0@Z 1001d8f0 f i LIBCMTD:undname.obj
 0001:0001c910       ?getReferenceType@UnDecorator@@CA?AVDName@@ABV2@0@Z 1001d910 f i LIBCMTD:undname.obj
 0001:0001c930       ?getDisplacement@UnDecorator@@CA?AVDName@@XZ 1001d930 f i LIBCMTD:undname.obj
 0001:0001c950       ?getCallIndex@UnDecorator@@CA?AVDName@@XZ 1001d950 f i LIBCMTD:undname.obj
 0001:0001c970       ?getGuardNumber@UnDecorator@@CA?AVDName@@XZ 1001d970 f i LIBCMTD:undname.obj
 0001:0001c990       ?getVbTableType@UnDecorator@@CA?AVDName@@ABV2@@Z 1001d990 f i LIBCMTD:undname.obj
 0001:0001c9b0       ?getVCallThunkType@UnDecorator@@CA?AVDName@@XZ 1001d9b0 f i LIBCMTD:undname.obj
 0001:0001ca10       ?getVfTableType@UnDecorator@@CA?AVDName@@ABV2@@Z 1001da10 f i LIBCMTD:undname.obj
 0001:0001cbd0       ?getStorageConvention@UnDecorator@@CA?AVDName@@XZ 1001dbd0 f i LIBCMTD:undname.obj
 0001:0001cbf0       ?getDataIndirectType@UnDecorator@@CA?AVDName@@XZ 1001dbf0 f i LIBCMTD:undname.obj
 0001:0001cc30       ?getVdispMapType@UnDecorator@@CA?AVDName@@ABV2@@Z 1001dc30 f i LIBCMTD:undname.obj
 0001:0001cca0       ?getExternalDataType@UnDecorator@@CA?AVDName@@ABV2@@Z 1001dca0 f i LIBCMTD:undname.obj
 0001:0001cd30       ?doMSKeywords@UnDecorator@@SAHXZ 1001dd30 f i LIBCMTD:undname.obj
 0001:0001cd50       ?doPtr64@UnDecorator@@SAHXZ 1001dd50 f i LIBCMTD:undname.obj
 0001:0001cd70       ?doFunctionReturns@UnDecorator@@SAHXZ 1001dd70 f i LIBCMTD:undname.obj
 0001:0001cd90       ?doAllocationModel@UnDecorator@@SAHXZ 1001dd90 f i LIBCMTD:undname.obj
 0001:0001cdb0       ?doAllocationLanguage@UnDecorator@@SAHXZ 1001ddb0 f i LIBCMTD:undname.obj
 0001:0001cdd0       ?doThisTypes@UnDecorator@@SAHXZ 1001ddd0 f i LIBCMTD:undname.obj
 0001:0001cdf0       ?doAccessSpecifiers@UnDecorator@@SAHXZ 1001ddf0 f i LIBCMTD:undname.obj
 0001:0001ce10       ?doThrowTypes@UnDecorator@@SAHXZ 1001de10 f i LIBCMTD:undname.obj
 0001:0001ce30       ?doMemberTypes@UnDecorator@@SAHXZ 1001de30 f i LIBCMTD:undname.obj
 0001:0001ce50       ?doNameOnly@UnDecorator@@SAHXZ 1001de50 f i LIBCMTD:undname.obj
 0001:0001ce70       ?doTypeOnly@UnDecorator@@SAHXZ 1001de70 f i LIBCMTD:undname.obj
 0001:0001ce90       ?haveTemplateParameters@UnDecorator@@SAHXZ 1001de90 f i LIBCMTD:undname.obj
 0001:0001ceb0       ?doEcsu@UnDecorator@@SAHXZ 1001deb0 f i LIBCMTD:undname.obj
 0001:0001ced0       ?doEllipsis@UnDecorator@@SAHXZ 1001ded0 f i LIBCMTD:undname.obj
 0001:0001cef0       ?UScore@UnDecorator@@SAPBDW4Tokens@@@Z 1001def0 f   LIBCMTD:undname.obj
 0001:0001cf20       ?doUnderScore@UnDecorator@@SAHXZ 1001df20 f i LIBCMTD:undname.obj
 0001:0001cf40       ??2@YAPAXIAAVHeapManager@@H@Z 1001df40 f i LIBCMTD:undname.obj
 0001:0001cf60       ?getMemory@HeapManager@@QAEPAXIH@Z 1001df60 f   LIBCMTD:undname.obj
 0001:0001d070       ??0Block@HeapManager@@QAE@XZ 1001e070 f i LIBCMTD:undname.obj
 0001:0001d090       ??H@YA?AVDName@@DABV0@@Z   1001e090 f i LIBCMTD:undname.obj
 0001:0001d0c0       ??H@YA?AVDName@@W4DNameStatus@@ABV0@@Z 1001e0c0 f i LIBCMTD:undname.obj
 0001:0001d0f0       ??H@YA?AVDName@@PBDABV0@@Z 1001e0f0 f i LIBCMTD:undname.obj
 0001:0001d120       ??0DName@@QAE@XZ           1001e120 f i LIBCMTD:undname.obj
 0001:0001d1e0       ??0DName@@QAE@D@Z          1001e1e0 f   LIBCMTD:undname.obj
 0001:0001d2c0       ??0DName@@QAE@ABV0@@Z      1001e2c0 f i LIBCMTD:undname.obj
 0001:0001d2f0       ??0DName@@QAE@PAV0@@Z      1001e2f0 f   LIBCMTD:undname.obj
 0001:0001d420       ??0DName@@QAE@PBD@Z        1001e420 f   LIBCMTD:undname.obj
 0001:0001d500       ??0DName@@QAE@AAPBDD@Z     1001e500 f   LIBCMTD:undname.obj
 0001:0001d7c0       ?doNoIdentCharCheck@UnDecorator@@SAHXZ 1001e7c0 f i LIBCMTD:undname.obj
 0001:0001d7e0       ??0DName@@QAE@_K@Z         1001e7e0 f   LIBCMTD:undname.obj
 0001:0001d920       ??0DName@@QAE@_J@Z         1001e920 f   LIBCMTD:undname.obj
 0001:0001daa0       ??0DName@@QAE@W4DNameStatus@@@Z 1001eaa0 f   LIBCMTD:undname.obj
 0001:0001dbc0       ?isValid@DName@@QBEHXZ     1001ebc0 f i LIBCMTD:undname.obj
 0001:0001dbf0       ?isEmpty@DName@@QBEHXZ     1001ebf0 f i LIBCMTD:undname.obj
 0001:0001dc10       ?status@DName@@QBE?AW4DNameStatus@@XZ 1001ec10 f i LIBCMTD:undname.obj
 0001:0001dc30       ?setPtrRef@DName@@QAEAAV1@XZ 1001ec30 f i LIBCMTD:undname.obj
 0001:0001dc60       ?isPtrRef@DName@@QBEHXZ    1001ec60 f i LIBCMTD:undname.obj
 0001:0001dc80       ?isUDC@DName@@QBEHXZ       1001ec80 f i LIBCMTD:undname.obj
 0001:0001dcc0       ?setIsUDC@DName@@QAEXXZ    1001ecc0 f i LIBCMTD:undname.obj
 0001:0001dcf0       ?isUDTThunk@DName@@QBEHXZ  1001ecf0 f i LIBCMTD:undname.obj
 0001:0001dd30       ?setIsArray@DName@@QAEXXZ  1001ed30 f i LIBCMTD:undname.obj
 0001:0001dd50       ?isArray@DName@@QBEHXZ     1001ed50 f i LIBCMTD:undname.obj
 0001:0001dd70       ?isNoTE@DName@@QBEHXZ      1001ed70 f i LIBCMTD:undname.obj
 0001:0001dd90       ?setIsNoTE@DName@@QAEXXZ   1001ed90 f i LIBCMTD:undname.obj
 0001:0001ddb0       ?isPinPtr@DName@@QBEHXZ    1001edb0 f i LIBCMTD:undname.obj
 0001:0001ddd0       ?setIsPinPtr@DName@@QAEXXZ 1001edd0 f i LIBCMTD:undname.obj
 0001:0001ddf0       ?isComArray@DName@@QBEHXZ  1001edf0 f i LIBCMTD:undname.obj
 0001:0001de10       ?setIsComArray@DName@@QAEXXZ 1001ee10 f i LIBCMTD:undname.obj
 0001:0001de30       ?isVCallThunk@DName@@QBEHXZ 1001ee30 f i LIBCMTD:undname.obj
 0001:0001de50       ?setIsVCallThunk@DName@@QAEXXZ 1001ee50 f i LIBCMTD:undname.obj
 0001:0001de70       ?length@DName@@QBEHXZ      1001ee70 f i LIBCMTD:undname.obj
 0001:0001dea0       ?getLastChar@DName@@QBEDXZ 1001eea0 f i LIBCMTD:undname.obj
 0001:0001ded0       ?getString@DName@@QBEPADPADH@Z 1001eed0 f i LIBCMTD:undname.obj
 0001:0001df60       ?getString@DName@@QBEPADPAD0@Z 1001ef60 f i LIBCMTD:undname.obj
 0001:0001dfa0       ??HDName@@QBE?AV0@D@Z      1001efa0 f   LIBCMTD:undname.obj
 0001:0001dfe0       ??HDName@@QBE?AV0@PBD@Z    1001efe0 f   LIBCMTD:undname.obj
 0001:0001e020       ??HDName@@QBE?AV0@ABV0@@Z  1001f020 f   LIBCMTD:undname.obj
 0001:0001e060       ??HDName@@QBE?AV0@PAV0@@Z  1001f060 f   LIBCMTD:undname.obj
 0001:0001e0a0       ??HDName@@QBE?AV0@W4DNameStatus@@@Z 1001f0a0 f   LIBCMTD:undname.obj
 0001:0001e0e0       ?append@DName@@AAEXPAVDNameNode@@@Z 1001f0e0 f   LIBCMTD:undname.obj
 0001:0001e170       ??YDName@@QAEAAV0@D@Z      1001f170 f   LIBCMTD:undname.obj
 0001:0001e200       ??YDName@@QAEAAV0@PBD@Z    1001f200 f   LIBCMTD:undname.obj
 0001:0001e2a0       ??YDName@@QAEAAV0@ABV0@@Z  1001f2a0 f   LIBCMTD:undname.obj
 0001:0001e310       ??YDName@@QAEAAV0@PAV0@@Z  1001f310 f   LIBCMTD:undname.obj
 0001:0001e3d0       ??YDName@@QAEAAV0@W4DNameStatus@@@Z 1001f3d0 f   LIBCMTD:undname.obj
 0001:0001e440       ??_5DName@@QAEAAV0@ABV0@@Z 1001f440 f   LIBCMTD:undname.obj
 0001:0001e4a0       ??4DName@@QAEAAV0@D@Z      1001f4a0 f i LIBCMTD:undname.obj
 0001:0001e580       ??4DName@@QAEAAV0@PBD@Z    1001f580 f   LIBCMTD:undname.obj
 0001:0001e660       ??4DName@@QAEAAV0@ABV0@@Z  1001f660 f   LIBCMTD:undname.obj
 0001:0001e690       ??4DName@@QAEAAV0@PAV0@@Z  1001f690 f   LIBCMTD:undname.obj
 0001:0001e7d0       ??4DName@@QAEAAV0@W4DNameStatus@@@Z 1001f7d0 f   LIBCMTD:undname.obj
 0001:0001e8d0       ?doPchar@DName@@AAEXPBDH@Z 1001f8d0 f   LIBCMTD:undname.obj
 0001:0001ea10       ?isFull@Replicator@@QBEHXZ 1001fa10 f i LIBCMTD:undname.obj
 0001:0001ea30       ??0Replicator@@QAE@XZ      1001fa30 f i LIBCMTD:undname.obj
 0001:0001ea50       ??YReplicator@@QAEAAV0@ABVDName@@@Z 1001fa50 f   LIBCMTD:undname.obj
 0001:0001eae0       ??AReplicator@@QBE?AVDName@@H@Z 1001fae0 f   LIBCMTD:undname.obj
 0001:0001eb50       ??0DNameNode@@IAE@XZ       1001fb50 f   LIBCMTD:undname.obj
 0001:0001eb70       ??0charNode@@QAE@D@Z       1001fb70 f   LIBCMTD:undname.obj
 0001:0001eba0       ?length@charNode@@UBEHXZ   1001fba0 f i LIBCMTD:undname.obj
 0001:0001ebc0       ?getLastChar@charNode@@UBEDXZ 1001fbc0 f i LIBCMTD:undname.obj
 0001:0001ebe0       ?getString@charNode@@UBEPADPAD0@Z 1001fbe0 f i LIBCMTD:undname.obj
 0001:0001ec10       ??0pcharNode@@QAE@PBDH@Z   1001fc10 f   LIBCMTD:undname.obj
 0001:0001eca0       ?length@pcharNode@@UBEHXZ  1001fca0 f i LIBCMTD:undname.obj
 0001:0001ecc0       ?getLastChar@pcharNode@@UBEDXZ 1001fcc0 f i LIBCMTD:undname.obj
 0001:0001ed00       ?getString@pcharNode@@UBEPADPAD0@Z 1001fd00 f i LIBCMTD:undname.obj
 0001:0001ed30       ?getStringHelper@@YAPADPAD00H@Z 1001fd30 f i LIBCMTD:undname.obj
 0001:0001ed70       ??0pDNameNode@@QAE@PAVDName@@@Z 1001fd70 f   LIBCMTD:undname.obj
 0001:0001edd0       ?length@pDNameNode@@UBEHXZ 1001fdd0 f i LIBCMTD:undname.obj
 0001:0001ee10       ?getLastChar@pDNameNode@@UBEDXZ 1001fe10 f i LIBCMTD:undname.obj
 0001:0001ee40       ?getString@pDNameNode@@UBEPADPAD0@Z 1001fe40 f i LIBCMTD:undname.obj
 0001:0001ee80       ??0DNameStatusNode@@AAE@W4DNameStatus@@@Z 1001fe80 f   LIBCMTD:undname.obj
 0001:0001eed0       ?length@DNameStatusNode@@UBEHXZ 1001fed0 f i LIBCMTD:undname.obj
 0001:0001eef0       ?getLastChar@DNameStatusNode@@UBEDXZ 1001fef0 f i LIBCMTD:undname.obj
 0001:0001ef10       ?getString@DNameStatusNode@@UBEPADPAD0@Z 1001ff10 f i LIBCMTD:undname.obj
 0001:0001ef50       ?make@DNameStatusNode@@SAPAV1@W4DNameStatus@@@Z 1001ff50 f i LIBCMTD:undname.obj
 0001:0001f000       ??0pairNode@@QAE@PAVDNameNode@@0@Z 10020000 f   LIBCMTD:undname.obj
 0001:0001f040       ?length@pairNode@@UBEHXZ   10020040 f i LIBCMTD:undname.obj
 0001:0001f090       ?getLastChar@pairNode@@UBEDXZ 10020090 f i LIBCMTD:undname.obj
 0001:0001f0e0       ?getString@pairNode@@UBEPADPAD0@Z 100200e0 f i LIBCMTD:undname.obj
 0001:0001f220       _V6_HeapAlloc              10020220 f   LIBCMTD:malloc.obj
 0001:0001f2c0       __malloc_base              100202c0 f   LIBCMTD:malloc.obj
 0001:0001f350       __heap_alloc_base          10020350 f i LIBCMTD:malloc.obj
 0001:0001f410       __free_base                10020410 f   LIBCMTD:free.obj
 0001:0001f534       __local_unwind4            10020534 f   LIBCMTD:exsup4.obj
 0001:0001f60a       __seh_longjmp_unwind4@4    1002060a f   LIBCMTD:exsup4.obj
 0001:0001f626       @_EH4_CallFilterFunc@8     10020626 f   LIBCMTD:exsup4.obj
 0001:0001f63d       @_EH4_TransferToHandler@8  1002063d f   LIBCMTD:exsup4.obj
 0001:0001f656       @_EH4_GlobalUnwind@4       10020656 f   LIBCMTD:exsup4.obj
 0001:0001f670       @_EH4_LocalUnwind@16       10020670 f   LIBCMTD:exsup4.obj
 0001:0001f690       __initp_misc_winsig        10020690 f   LIBCMTD:winsig.obj
 0001:0001f6c0       _signal                    100206c0 f   LIBCMTD:winsig.obj
 0001:0001fb60       _raise                     10020b60 f   LIBCMTD:winsig.obj
 0001:0001fed0       ___get_sigabrt             10020ed0 f   LIBCMTD:winsig.obj
 0001:0001fef0       ___fpecode                 10020ef0 f   LIBCMTD:winsig.obj
 0001:0001ff00       ___pxcptinfoptrs           10020f00 f   LIBCMTD:winsig.obj
 0001:0001ff10       __set_error_mode           10020f10 f   LIBCMTD:errmode.obj
 0001:0001ffd0       ___set_app_type            10020fd0 f   LIBCMTD:errmode.obj
 0001:0001ffe0       ___get_app_type            10020fe0 f   LIBCMTD:errmode.obj
 0001:0001fff0       ___crtMessageBoxA          10020ff0 f   LIBCMTD:crtmbox.obj
 0001:00020210       _strcat_s                  10021210 f   LIBCMTD:strcat_s.obj
 0001:000205f0       _strncpy_s                 100215f0 f   LIBCMTD:strncpy_s.obj
 0001:000209e0       __CrtSetReportHook2        100219e0 f   LIBCMTD:dbgrpt.obj
 0001:00020d00       __CrtDbgReport             10021d00 f   LIBCMTD:dbgrpt.obj
 0001:00020d40       __CrtDbgReportV            10021d40 f i LIBCMTD:dbgrpt.obj
 0001:00020d70       ___crtMessageWindowA       10021d70 f   LIBCMTD:dbgrpt.obj
 0001:00021170       ___crtGetLocaleInfoW       10022170 f   LIBCMTD:w_loc.obj
 0001:000211e0       ___crtGetLocaleInfoA       100221e0 f   LIBCMTD:a_loc.obj
 0001:000213c0       __MarkAllocaS              100223c0 f i LIBCMTD:a_loc.obj
 0001:000213f0       __freea                    100223f0 f i LIBCMTD:a_loc.obj
 0001:00021460       __initp_heap_handler       10022460 f   LIBCMTD:handler.obj
 0001:00021470       ?_set_new_handler@@YAP6AHI@ZP6AHI@Z@Z 10022470 f   LIBCMTD:handler.obj
 0001:000214c0       ?_set_new_handler@@YAP6AHI@ZH@Z 100224c0 f   LIBCMTD:handler.obj
 0001:00021500       ?_query_new_handler@@YAP6AHI@ZXZ 10022500 f   LIBCMTD:handler.obj
 0001:00021520       __callnewh                 10022520 f   LIBCMTD:handler.obj
 0001:00021560       __expand_base              10022560 f   LIBCMTD:expand.obj
 0001:00021830       __realloc_base             10022830 f   LIBCMTD:realloc.obj
 0001:00021bd0       __heapchk                  10022bd0 f   LIBCMTD:heapchk.obj
 0001:00021ca0       __heapset                  10022ca0 f   LIBCMTD:heapchk.obj
 0001:00021cb0       ___heap_select             10022cb0 f   LIBCMTD:heapinit.obj
 0001:00021cd0       __get_heap_handle          10022cd0 f   LIBCMTD:heapinit.obj
 0001:00021d10       __get_sbh_threshold        10022d10 f   LIBCMTD:sbheap.obj
 0001:00021d60       __set_sbh_threshold        10022d60 f   LIBCMTD:sbheap.obj
 0001:00021ef0       __set_amblksiz             10022ef0 f   LIBCMTD:sbheap.obj
 0001:00022000       __get_amblksiz             10023000 f   LIBCMTD:sbheap.obj
 0001:000220f0       ___sbh_heap_init           100230f0 f   LIBCMTD:sbheap.obj
 0001:00022160       ___sbh_find_block          10023160 f   LIBCMTD:sbheap.obj
 0001:000221c0       ___sbh_verify_block        100231c0 f   LIBCMTD:sbheap.obj
 0001:00022220       ___sbh_free_block          10023220 f   LIBCMTD:sbheap.obj
 0001:000227e0       ___sbh_alloc_block         100237e0 f   LIBCMTD:sbheap.obj
 0001:00022d00       ___sbh_alloc_new_region    10023d00 f   LIBCMTD:sbheap.obj
 0001:00022e10       ___sbh_alloc_new_group     10023e10 f   LIBCMTD:sbheap.obj
 0001:00023000       ___sbh_resize_block        10024000 f   LIBCMTD:sbheap.obj
 0001:000235d0       ___sbh_heapmin             100245d0 f   LIBCMTD:sbheap.obj
 0001:00023700       ___sbh_heap_check          10024700 f   LIBCMTD:sbheap.obj
 0001:00023bf0       _sprintf                   10024bf0 f   LIBCMTD:sprintf.obj
 0001:00023d70       __sprintf_l                10024d70 f   LIBCMTD:sprintf.obj
 0001:00023da0       _sprintf_s                 10024da0 f   LIBCMTD:sprintf.obj
 0001:00023dd0       __sprintf_s_l              10024dd0 f   LIBCMTD:sprintf.obj
 0001:00023e00       __snprintf_s               10024e00 f   LIBCMTD:sprintf.obj
 0001:00023e30       __snprintf_s_l             10024e30 f   LIBCMTD:sprintf.obj
 0001:00023e60       __sprintf_p                10024e60 f   LIBCMTD:sprintf.obj
 0001:00023e90       __sprintf_p_l              10024e90 f   LIBCMTD:sprintf.obj
 0001:00023ec0       __scprintf                 10024ec0 f   LIBCMTD:sprintf.obj
 0001:00023ee0       __scprintf_p               10024ee0 f   LIBCMTD:sprintf.obj
 0001:00023f00       __scprintf_l               10024f00 f   LIBCMTD:sprintf.obj
 0001:00023f30       __scprintf_p_l             10024f30 f   LIBCMTD:sprintf.obj
 0001:00023f60       __chvalidator              10024f60 f   LIBCMTD:isctype.obj
 0001:00023fb0       __chvalidator_l            10024fb0 f   LIBCMTD:isctype.obj
 0001:00024060       __isctype_l                10025060 f   LIBCMTD:isctype.obj
 0001:00024180       __isctype                  10025180 f   LIBCMTD:isctype.obj
 0001:000241c0       __onexit                   100251c0 f   LIBCMTD:onexit.obj
 0001:00024390       _atexit                    10025390 f   LIBCMTD:onexit.obj
 0001:000243b0       ___onexitinit              100253b0 f   LIBCMTD:onexit.obj
 0001:00024410       __ValidateImageBase        10025410 f   LIBCMTD:pesect.obj
 0001:00024470       __FindPESection            10025470 f   LIBCMTD:pesect.obj
 0001:000244f0       __IsNonwritableInCurrentImage 100254f0 f   LIBCMTD:pesect.obj
 0001:00024610       __initp_misc_rand_s        10025610 f   LIBCMTD:rand_s.obj
 0001:00024620       _rand_s                    10025620 f   LIBCMTD:rand_s.obj
 0001:00024840       __initp_misc_initcrit      10025840 f   LIBCMTD:initcrit.obj
 0001:00024850       ___crtInitCritSecAndSpinCount 10025850 f   LIBCMTD:initcrit.obj
 0001:00024900       __ismbbkalnum_l            10025900 f   LIBCMTD:ismbbyte.obj
 0001:00024920       __ismbbkalnum              10025920 f   LIBCMTD:ismbbyte.obj
 0001:00024940       __ismbbkprint_l            10025940 f   LIBCMTD:ismbbyte.obj
 0001:00024960       __ismbbkprint              10025960 f   LIBCMTD:ismbbyte.obj
 0001:00024980       __ismbbkpunct_l            10025980 f   LIBCMTD:ismbbyte.obj
 0001:000249a0       __ismbbkpunct              100259a0 f   LIBCMTD:ismbbyte.obj
 0001:000249c0       __ismbbalnum_l             100259c0 f   LIBCMTD:ismbbyte.obj
 0001:000249e0       __ismbbalnum               100259e0 f   LIBCMTD:ismbbyte.obj
 0001:00024a00       __ismbbalpha_l             10025a00 f   LIBCMTD:ismbbyte.obj
 0001:00024a20       __ismbbalpha               10025a20 f   LIBCMTD:ismbbyte.obj
 0001:00024a40       __ismbbgraph_l             10025a40 f   LIBCMTD:ismbbyte.obj
 0001:00024a60       __ismbbgraph               10025a60 f   LIBCMTD:ismbbyte.obj
 0001:00024a80       __ismbbprint_l             10025a80 f   LIBCMTD:ismbbyte.obj
 0001:00024aa0       __ismbbprint               10025aa0 f   LIBCMTD:ismbbyte.obj
 0001:00024ac0       __ismbbpunct_l             10025ac0 f   LIBCMTD:ismbbyte.obj
 0001:00024ae0       __ismbbpunct               10025ae0 f   LIBCMTD:ismbbyte.obj
 0001:00024b00       __ismbblead_l              10025b00 f   LIBCMTD:ismbbyte.obj
 0001:00024b20       __ismbblead                10025b20 f   LIBCMTD:ismbbyte.obj
 0001:00024b40       __ismbbtrail_l             10025b40 f   LIBCMTD:ismbbyte.obj
 0001:00024b60       __ismbbtrail               10025b60 f   LIBCMTD:ismbbyte.obj
 0001:00024b80       __ismbbkana_l              10025b80 f   LIBCMTD:ismbbyte.obj
 0001:00024bf0       __ismbbkana                10025bf0 f   LIBCMTD:ismbbyte.obj
 0001:00024ce0       ___pwctype_func            10025ce0 f   LIBCMTD:ctype.obj
 0001:00024cf0       ___pctype_func             10025cf0 f   LIBCMTD:ctype.obj
 0001:00024d40       ___init_time               10025d40 f   LIBCMTD:inittime.obj
 0001:00025460       ___free_lc_time            10026460 f   LIBCMTD:inittime.obj
 0001:00025770       ___init_numeric            10026770 f   LIBCMTD:initnum.obj
 0001:00025ad0       ___free_lconv_num          10026ad0 f   LIBCMTD:initnum.obj
 0001:00025b40       ___init_monetary           10026b40 f   LIBCMTD:initmon.obj
 0001:00026040       ___free_lconv_mon          10027040 f   LIBCMTD:initmon.obj
 0001:00026130       ___init_ctype              10027130 f   LIBCMTD:initctyp.obj
 0001:000266e0       ____mb_cur_max_func        100276e0 f   LIBCMTD:initctyp.obj
 0001:00026730       ____mb_cur_max_l_func      10027730 f   LIBCMTD:initctyp.obj
 0001:00026760       ____lc_codepage_func       10027760 f   LIBCMTD:initctyp.obj
 0001:000267b0       ____lc_collate_cp_func     100277b0 f   LIBCMTD:initctyp.obj
 0001:00026800       ____lc_handle_func         10027800 f   LIBCMTD:initctyp.obj
 0001:00026850       ___init_collate            10027850 f   LIBCMTD:initcoll.obj
 0001:00026860       __Getdays_l                10027860 f   LIBCMTD:strftime.obj
 0001:00026a20       __Getdays                  10027a20 f   LIBCMTD:strftime.obj
 0001:00026a40       __Getmonths_l              10027a40 f   LIBCMTD:strftime.obj
 0001:00026c00       __Getmonths                10027c00 f   LIBCMTD:strftime.obj
 0001:00026c20       __Gettnames_l              10027c20 f   LIBCMTD:strftime.obj
 0001:00027190       __Gettnames                10028190 f   LIBCMTD:strftime.obj
 0001:000271b0       __strftime_l               100281b0 f   LIBCMTD:strftime.obj
 0001:000271e0       _strftime                  100281e0 f   LIBCMTD:strftime.obj
 0001:00027210       __Strftime                 10028210 f   LIBCMTD:strftime.obj
 0001:00027240       __Strftime_l               10028240 f   LIBCMTD:strftime.obj
 0001:00029050       _localeconv                1002a050 f   LIBCMTD:lconv.obj
 0001:000290a0       _strcspn                   1002a0a0 f   LIBCMTD:strcspn.obj
 0001:000290f0       _strncmp                   1002a0f0 f   LIBCMTD:strncmp.obj
 0001:00029270       _strpbrk                   1002a270 f   LIBCMTD:strpbrk.obj
 0001:000292b0       _memcmp                    1002a2b0 f   LIBCMTD:memcmp.obj
 0001:00029d20       ___crtGetStringTypeA       1002ad20 f   LIBCMTD:a_str.obj
 0001:00029fb0       ___get_qualified_locale    1002afb0 f   LIBCMTD:getqloc.obj
 0001:0002ae50       ___crtLCMapStringA         1002be50 f   LIBCMTD:a_map.obj
 0001:0002b400       __statusfp2                1002c400 f   LIBCMTD:_ieee87_.obj
 0001:0002b440       __statusfp                 1002c440 f   LIBCMTD:_ieee87_.obj
 0001:0002b490       __clearfp                  1002c490 f   LIBCMTD:_ieee87_.obj
 0001:0002b4e0       ___control87_2             1002c4e0 f   LIBCMTD:_ieee87_.obj
 0001:0002b590       __controlfp                1002c590 f   LIBCMTD:_ieee87_.obj
 0001:0002b5b0       __control87                1002c5b0 f i LIBCMTD:_ieee87_.obj
 0001:0002b660       __set_controlfp            1002c660 f   LIBCMTD:_ieee87_.obj
 0001:0002b6f0       __fpreset                  1002c6f0 f   LIBCMTD:_ieee87_.obj
 0001:0002beb0       __isleadbyte_l             1002ceb0 f i LIBCMTD:_wctype.obj
 0001:0002bf00       _isleadbyte                1002cf00 f i LIBCMTD:_wctype.obj
 0001:0002bf20       __iswalpha_l               1002cf20 f i LIBCMTD:_wctype.obj
 0001:0002bf40       _iswalpha                  1002cf40 f i LIBCMTD:_wctype.obj
 0001:0002bf60       __iswupper_l               1002cf60 f i LIBCMTD:_wctype.obj
 0001:0002bf80       _iswupper                  1002cf80 f i LIBCMTD:_wctype.obj
 0001:0002bfa0       __iswlower_l               1002cfa0 f i LIBCMTD:_wctype.obj
 0001:0002bfc0       _iswlower                  1002cfc0 f i LIBCMTD:_wctype.obj
 0001:0002bfe0       __iswdigit_l               1002cfe0 f i LIBCMTD:_wctype.obj
 0001:0002c000       _iswdigit                  1002d000 f i LIBCMTD:_wctype.obj
 0001:0002c020       __iswxdigit_l              1002d020 f i LIBCMTD:_wctype.obj
 0001:0002c040       _iswxdigit                 1002d040 f i LIBCMTD:_wctype.obj
 0001:0002c060       __iswspace_l               1002d060 f i LIBCMTD:_wctype.obj
 0001:0002c080       _iswspace                  1002d080 f i LIBCMTD:_wctype.obj
 0001:0002c0a0       __iswpunct_l               1002d0a0 f i LIBCMTD:_wctype.obj
 0001:0002c0c0       _iswpunct                  1002d0c0 f i LIBCMTD:_wctype.obj
 0001:0002c0e0       __iswalnum_l               1002d0e0 f i LIBCMTD:_wctype.obj
 0001:0002c100       _iswalnum                  1002d100 f i LIBCMTD:_wctype.obj
 0001:0002c120       __iswprint_l               1002d120 f i LIBCMTD:_wctype.obj
 0001:0002c140       _iswprint                  1002d140 f i LIBCMTD:_wctype.obj
 0001:0002c160       __iswgraph_l               1002d160 f i LIBCMTD:_wctype.obj
 0001:0002c180       _iswgraph                  1002d180 f i LIBCMTD:_wctype.obj
 0001:0002c1a0       __iswcntrl_l               1002d1a0 f i LIBCMTD:_wctype.obj
 0001:0002c1c0       _iswcntrl                  1002d1c0 f i LIBCMTD:_wctype.obj
 0001:0002c1e0       _iswascii                  1002d1e0 f i LIBCMTD:_wctype.obj
 0001:0002c200       __iswcsym_l                1002d200 f i LIBCMTD:_wctype.obj
 0001:0002c240       ___iswcsym                 1002d240 f i LIBCMTD:_wctype.obj
 0001:0002c280       __iswcsymf_l               1002d280 f i LIBCMTD:_wctype.obj
 0001:0002c2c0       ___iswcsymf                1002d2c0 f i LIBCMTD:_wctype.obj
 0001:0002c300       __ld12tod                  1002d300 f   LIBCMTD:_intrncvt_.obj
 0001:0002c320       __ld12cvt                  1002d320 f i LIBCMTD:_intrncvt_.obj
 0001:0002c570       __RoundMan                 1002d570 f i LIBCMTD:_intrncvt_.obj
 0001:0002c650       __ZeroTail                 1002d650 f i LIBCMTD:_intrncvt_.obj
 0001:0002c6e0       __IncMan                   1002d6e0 f i LIBCMTD:_intrncvt_.obj
 0001:0002c790       ___addl                    1002d790 f i LIBCMTD:_intrncvt_.obj
 0001:0002c7d0       __CopyMan                  1002d7d0 f i LIBCMTD:_intrncvt_.obj
 0001:0002c820       __FillZeroMan              1002d820 f i LIBCMTD:_intrncvt_.obj
 0001:0002c860       __IsZeroMan                1002d860 f i LIBCMTD:_intrncvt_.obj
 0001:0002c8a0       __ShrMan                   1002d8a0 f i LIBCMTD:_intrncvt_.obj
 0001:0002c990       __ld12tof                  1002d990 f   LIBCMTD:_intrncvt_.obj
 0001:0002c9b0       __ld12told                 1002d9b0 f   LIBCMTD:_intrncvt_.obj
 0001:0002ca60       ___strgtold12_l            1002da60 f   LIBCMTD:_strgtold_.obj
 0001:0002d510       ___multtenpow12            1002e510 f i LIBCMTD:_strgtold_.obj
 0001:0002d5f0       ___ld12mul                 1002e5f0 f i LIBCMTD:_strgtold_.obj
 0001:0002d9f0       ___shl_12                  1002e9f0 f i LIBCMTD:_strgtold_.obj
 0001:0002da60       ___shr_12                  1002ea60 f i LIBCMTD:_strgtold_.obj
 0001:0002dad0       ___STRINGTOLD_L            1002ead0 f   LIBCMTD:_strgtold_.obj
 0001:0002db40       __CrtDbgBreak              1002eb40 f   LIBCMTD:dbgrptt.obj
 0001:0002db50       __CrtSetReportMode         1002eb50 f   LIBCMTD:dbgrptt.obj
 0001:0002dc90       __CrtSetReportFile         1002ec90 f   LIBCMTD:dbgrptt.obj
 0001:0002dd90       __CrtSetReportHook         1002ed90 f   LIBCMTD:dbgrptt.obj
 0001:0002ddb0       __CrtGetReportHook         1002edb0 f   LIBCMTD:dbgrptt.obj
 0001:0002ddc0       __VCrtDbgReportA           1002edc0 f   LIBCMTD:dbgrptt.obj
 0001:0002e5f0       __VCrtDbgReportW           1002f5f0 f   LIBCMTD:dbgrptt.obj
 0001:0002ef20       ___crtMessageBoxW          1002ff20 f   LIBCMTD:crtmboxw.obj
 0001:0002f140       __swprintf                 10030140 f   LIBCMTD:swprintf.obj
 0001:0002f310       ___swprintf_l              10030310 f   LIBCMTD:swprintf.obj
 0001:0002f340       _swprintf_s                10030340 f   LIBCMTD:swprintf.obj
 0001:0002f370       __snwprintf_s              10030370 f   LIBCMTD:swprintf.obj
 0001:0002f3a0       __swprintf_p               100303a0 f   LIBCMTD:swprintf.obj
 0001:0002f3d0       __swprintf_s_l             100303d0 f   LIBCMTD:swprintf.obj
 0001:0002f400       __snwprintf_s_l            10030400 f   LIBCMTD:swprintf.obj
 0001:0002f430       __swprintf_p_l             10030430 f   LIBCMTD:swprintf.obj
 0001:0002f460       __scwprintf                10030460 f   LIBCMTD:swprintf.obj
 0001:0002f480       __scwprintf_p              10030480 f   LIBCMTD:swprintf.obj
 0001:0002f4a0       __scwprintf_l              100304a0 f   LIBCMTD:swprintf.obj
 0001:0002f4d0       __scwprintf_p_l            100304d0 f   LIBCMTD:swprintf.obj
 0001:0002f500       _memcpy_s                  10030500 f   LIBCMTD:memcpy_s.obj
 0001:0002f690       _wcslen                    10030690 f   LIBCMTD:wcslen.obj
 0001:0002f6c0       _wcscpy_s                  100306c0 f   LIBCMTD:wcscpy_s.obj
 0001:0002f9a0       __chkstk                   100309a0 f   LIBCMTD:chkstk.obj
 0001:0002f9a0       __alloca_probe             100309a0     LIBCMTD:chkstk.obj
 0001:0002f9d0       _$I10_OUTPUT               100309d0 f   LIBCMTD:_x10fout_.obj
 0001:0002ff80       ___add_12                  10030f80 f i LIBCMTD:_x10fout_.obj
 0001:00030030       _atol                      10031030 f   LIBCMTD:atox.obj
 0001:00030050       __atol_l                   10031050 f   LIBCMTD:atox.obj
 0001:00030070       _atoi                      10031070 f   LIBCMTD:atox.obj
 0001:00030090       __atoi_l                   10031090 f   LIBCMTD:atox.obj
 0001:000300b0       __atoi64                   100310b0 f   LIBCMTD:atox.obj
 0001:000300d0       __atoi64_l                 100310d0 f   LIBCMTD:atox.obj
 0001:000300f0       __aulldiv                  100310f0 f   LIBCMTD:ulldiv.obj
 0001:00030160       __aullrem                  10031160 f   LIBCMTD:ullrem.obj
 0001:000301e0       __flsbuf                   100311e0 f   LIBCMTD:_flsbuf.obj
 0001:000304a0       __output_l                 100314a0 f   LIBCMTD:output.obj
 0001:000318d0       _get_int_arg               100328d0 f i LIBCMTD:output.obj
 0001:000318f0       _get_int64_arg             100328f0 f i LIBCMTD:output.obj
 0001:00031910       _get_short_arg             10032910 f i LIBCMTD:output.obj
 0001:00031930       __vsprintf_l               10032930 f   LIBCMTD:vsprintf.obj
 0001:00031ab0       _vsprintf                  10032ab0 f   LIBCMTD:vsprintf.obj
 0001:00031ad0       __vscprintf_helper         10032ad0 f   LIBCMTD:vsprintf.obj
 0001:00031b90       __vscprintf                10032b90 f   LIBCMTD:vsprintf.obj
 0001:00031bb0       __vscprintf_l              10032bb0 f   LIBCMTD:vsprintf.obj
 0001:00031bd0       __vscprintf_p              10032bd0 f   LIBCMTD:vsprintf.obj
 0001:00031bf0       __vscprintf_p_l            10032bf0 f   LIBCMTD:vsprintf.obj
 0001:00031c10       __vsnprintf_helper         10032c10 f   LIBCMTD:vsnprnc.obj
 0001:00031de0       __vsnprintf_c              10032de0 f   LIBCMTD:vsnprnc.obj
 0001:00031e30       __vsnprintf_c_l            10032e30 f   LIBCMTD:vsnprnc.obj
 0001:00031e80       __vsprintf_s_l             10032e80 f   LIBCMTD:vsnprnc.obj
 0001:000320f0       _vsprintf_s                100330f0 f   LIBCMTD:vsnprnc.obj
 0001:00032120       __vsnprintf_s_l            10033120 f   LIBCMTD:vsnprnc.obj
 0001:000324c0       __vsnprintf_s              100334c0 f   LIBCMTD:vsnprnc.obj
 0001:000324f0       __vsprintf_p               100334f0 f   LIBCMTD:vsnprnc.obj
 0001:00032540       __vsprintf_p_l             10033540 f   LIBCMTD:vsnprnc.obj
 0001:00032590       __get_daylight             10033590 f   LIBCMTD:timeset.obj
 0001:00032610       __get_dstbias              10033610 f   LIBCMTD:timeset.obj
 0001:00032690       __get_timezone             10033690 f   LIBCMTD:timeset.obj
 0001:00032710       __get_tzname               10033710 f   LIBCMTD:timeset.obj
 0001:000328e0       ___daylight                100338e0 f   LIBCMTD:timeset.obj
 0001:000328f0       ___dstbias                 100338f0 f   LIBCMTD:timeset.obj
 0001:00032900       ___timezone                10033900 f   LIBCMTD:timeset.obj
 0001:00032910       ___tzname                  10033910 f   LIBCMTD:timeset.obj
 0001:00032920       ___tzset                   10033920 f   LIBCMTD:tzset.obj
 0001:000329c0       __tzset                    100339c0 f   LIBCMTD:tzset.obj
 0001:00032f70       __set_daylight             10033f70 f i LIBCMTD:tzset.obj
 0001:00032f90       __set_dstbias              10033f90 f i LIBCMTD:tzset.obj
 0001:00032fb0       __set_timezone             10033fb0 f i LIBCMTD:tzset.obj
 0001:00032fd0       __isindst                  10033fd0 f   LIBCMTD:tzset.obj
 0001:00033680       __stricmp_l                10034680 f   LIBCMTD:stricmp.obj
 0001:00033830       ___ascii_stricmp           10034830 f   LIBCMTD:stricmp.obj
 0001:000338b0       __stricmp                  100348b0 f   LIBCMTD:stricmp.obj
 0001:000339c0       ___ansicp                  100349c0 f   LIBCMTD:convrtcp.obj
 0001:00033a20       ___convertcp               10034a20 f   LIBCMTD:convrtcp.obj
 0001:00033c70       __itoa_s                   10034c70 f   LIBCMTD:xtoas.obj
 0001:00034040       __ltoa_s                   10035040 f   LIBCMTD:xtoas.obj
 0001:00034080       __ultoa_s                  10035080 f   LIBCMTD:xtoas.obj
 0001:000340a0       __i64toa_s                 100350a0 f   LIBCMTD:xtoas.obj
 0001:000344a0       __ui64toa_s                100354a0 f   LIBCMTD:xtoas.obj
 0001:000344c0       __strnicmp_l               100354c0 f   LIBCMTD:strnicmp.obj
 0001:00034700       __strnicmp                 10035700 f   LIBCMTD:strnicmp.obj
 0001:00034890       __statfp                   10035890 f   LIBCMTD:_fpctrl_.obj
 0001:000348b0       __clrfp                    100358b0 f   LIBCMTD:_fpctrl_.obj
 0001:000348d0       __ctrlfp                   100358d0 f   LIBCMTD:_fpctrl_.obj
 0001:00034900       __set_statfp               10035900 f   LIBCMTD:_fpctrl_.obj
 0001:00034970       ___get_fpsr_sse2           10035970 f   LIBCMTD:_fpctrl_.obj
 0001:000349a0       ___set_fpsr_sse2           100359a0 f   LIBCMTD:_fpctrl_.obj
 0001:00034a80       ___fclrf_sse2              10035a80 f   LIBCMTD:_fpctrl_.obj
 0001:00034aa0       ___statfp_sse2             10035aa0 f   LIBCMTD:_fpctrl_.obj
 0001:00034ad0       ___clrfp_sse2              10035ad0 f   LIBCMTD:_fpctrl_.obj
 0001:00034b10       ___ctrlfp_sse2             10035b10 f   LIBCMTD:_fpctrl_.obj
 0001:00034b70       ___set_statfp_sse2         10035b70 f   LIBCMTD:_fpctrl_.obj
 0001:00034ba0       __iswctype_l               10035ba0 f   LIBCMTD:iswctype.obj
 0001:00034c50       _iswctype                  10035c50 f   LIBCMTD:iswctype.obj
 0001:00034ce0       _is_wctype                 10035ce0 f   LIBCMTD:iswctype.obj
 0001:00034d00       ___mtold12                 10035d00 f   LIBCMTD:_mantold_.obj
 0001:00034e60       __mbstowcs_l_helper        10035e60 f   LIBCMTD:mbstowcs.obj
[...]
 0003:00001cc8       __C_Termination_Done       1005dcc8     LIBCMTD:crt0dat.obj
 0003:00001ccc       __C_Exit_Done              1005dccc     LIBCMTD:crt0dat.obj
 0003:00001f50       ___locale_changed          1005df50     LIBCMTD:setlocal.obj
 0003:00001f54       ___lc_handle               1005df54     LIBCMTD:nlsdata2.obj
 0003:00001f6c       ___lc_codepage             1005df6c     LIBCMTD:nlsdata2.obj
 0003:00001f70       ___lc_collate_cp           1005df70     LIBCMTD:nlsdata2.obj
 0003:00001f78       ___mbulinfo                1005df78     LIBCMTD:mbctype.obj
 0003:00001f84       ___mbcodepage              1005df84     LIBCMTD:mbctype.obj
 0003:00001f88       ___ismbcodepage            1005df88     LIBCMTD:mbctype.obj
 0003:00001f8c       ___mblcid                  1005df8c     LIBCMTD:mbctype.obj
 0003:00001f90       ___pInvalidArgHandler      1005df90     LIBCMTD:invarg.obj
 0003:00001f94       __outputformat             1005df94     LIBCMTD:outputformat.obj
 0003:00001fac       ?pArgList@UnDecorator@@0PAVReplicator@@A 1005dfac     LIBCMTD:undname.obj
 0003:00001fb0       ?pZNameList@UnDecorator@@0PAVReplicator@@A 1005dfb0     LIBCMTD:undname.obj
 0003:00001fb4       ?pTemplateArgList@UnDecorator@@0PAVReplicator@@A 1005dfb4     LIBCMTD:undname.obj
 0003:00001fb8       ?gName@UnDecorator@@0PBDB  1005dfb8     LIBCMTD:undname.obj
 0003:00001fbc       ?name@UnDecorator@@0PBDB   1005dfbc     LIBCMTD:undname.obj
 0003:00001fc0       ?outputString@UnDecorator@@0PADA 1005dfc0     LIBCMTD:undname.obj
 0003:00001fc4       ?maxStringLength@UnDecorator@@0HA 1005dfc4     LIBCMTD:undname.obj
 0003:00001fc8       ?disableFlags@UnDecorator@@0KA 1005dfc8     LIBCMTD:undname.obj
 0003:00001fcc       ?m_pGetParameter@UnDecorator@@0P6APADJ@ZA 1005dfcc     LIBCMTD:undname.obj
 0003:00001fd0       ?fExplicitTemplateParams@UnDecorator@@0_NA 1005dfd0     LIBCMTD:undname.obj
 0003:00001fd1       ?fGetTemplateArgumentList@UnDecorator@@0_NA 1005dfd1     LIBCMTD:undname.obj
 0003:00002028       ?nodes@?1??make@DNameStatusNode@@SAPAV2@W4DNameStatus@@@Z@4PAV2@A 1005e028     LIBCMTD:undname.obj
 0003:00002058       ??_B?1??make@DNameStatusNode@@SAPAV1@W4DNameStatus@@@Z@51 1005e058     LIBCMTD:undname.obj
 0003:00002088       __newmode                  1005e088     LIBCMTD:_newmode.obj
 0003:0000208c       ?_pnhHeap@@3P6AHI@ZA       1005e08c     LIBCMTD:handler.obj
 0003:00002098       __crtheap                  1005e098     LIBCMTD:heapinit.obj
 0003:0000209c       ___sbh_pHeaderDefer        1005e09c     LIBCMTD:sbheap.obj
 0003:000020a8       ___lconv_static_null       1005e0a8     LIBCMTD:lconv.obj
 0003:00002180       __cflush                   1005e180     LIBCMTD:_file.obj
 0003:00002188       ?wsprintffp@@3P6AHPADPBDZZA 1005e188     LIBCMTD:_error_.obj
 0003:0000218c       __stdbuf                   1005e18c     LIBCMTD:_sftbuf.obj
 0003:000021ac       ___piob                    1005e1ac     <common>
 0003:000021c0       __bufin                    1005e1c0     <common>
 0003:000031c0       __nstream                  1005f1c0     <common>
 0003:000031c4       __pfnReportHook            1005f1c4     <common>
 0003:000031c8       __pReportHookListW         1005f1c8     <common>
 0003:000031cc       __pReportHookList          1005f1cc     <common>
 0003:000031d0       ___sbh_initialized         1005f1d0     <common>
 0003:000031d4       ___sbh_cntHeaderList       1005f1d4     <common>
 0003:000031d8       ___sbh_pHeaderList         1005f1d8     <common>
 0003:000031dc       ___sbh_threshold           1005f1dc     <common>
 0003:000031e0       ___sbh_pHeaderScan         1005f1e0     <common>
 0003:000031e4       ___sbh_sizeHeaderList      1005f1e4     <common>
 0003:000031e8       ___sbh_indGroupDefer       1005f1e8     <common>
 0003:000031ec       ___active_heap             1005f1ec     <common>
 0003:000031f0       __debugger_hook_dummy      1005f1f0     <common>
 0003:000031f4       ___setlc_active            1005f1f4     <common>
 0003:000031f8       ___unguarded_readlc_active 1005f1f8     <common>
 0003:000031fc       __nhandle                  1005f1fc     <common>
 0003:00003200       ___pioinfo                 1005f200     <common>
 0003:00003300       ___env_initialized         1005f300     <common>
 0003:00003304       ___onexitend               1005f304     <common>
 0003:00003308       ___onexitbegin             1005f308     <common>
 0003:0000330c       ___mbctype_initialized     1005f30c     <common>
 0003:00003310       ___dyn_tls_init_callback   1005f310     <common>
 0003:00003314       ___sse2_available          1005f314     <common>
 0003:00003318       __acmdln                   1005f318     <common>

 entry point at        0001:00004f60

 Static symbols

 0001:00003cb8       _local_strrchr             10004cb8 f   COMHeap:COMHeap.obj
 0001:00003cd3       _set_name                  10004cd3 f   COMHeap:COMHeap.obj
 0001:00004180       ?CatchGuardHandler@@YA?AW4_EXCEPTION_DISPOSITION@@PAUEHExceptionRecord@@PAUCatchGuardRN@@PAX2@Z 10005180 f   LIBCMTD:_trnsctrl_.obj
 0001:000042c0       ?TranslatorGuardHandler@@YA?AW4_EXCEPTION_DISPOSITION@@PAUEHExceptionRecord@@PAUTranslatorGuardRN@@PAX2@Z 100052c0 f   LIBCMTD:_trnsctrl_.obj
 0001:00004f90       ___DllMainCRTStartup       10005f90 f   LIBCMTD:dllcrt0.obj
 0001:000052b0       ?FindHandler@@YAXPAUEHExceptionRecord@@PAUEHRegistrationNode@@PAU_CONTEXT@@PAXPBU_s_FuncInfo@@EH1@Z 100062b0 f   LIBCMTD:frame.obj
 0001:00005800       ?FindHandlerForForeignException@@YAXPAUEHExceptionRecord@@PAUEHRegistrationNode@@PAU_CONTEXT@@PAXPBU_s_FuncInfo@@HH1@Z 10006800 f   LIBCMTD:frame.obj
 0001:00005c30       ?CatchIt@@YAXPAUEHExceptionRecord@@PAUEHRegistrationNode@@PAU_CONTEXT@@PAXPBU_s_FuncInfo@@PBU_s_HandlerType@@PBU_s_CatchableType@@PBU_s_TryBlockMapEntry@@H1E@Z 10006c30 f   LIBCMTD:frame.obj
 0001:00005cf0       ?CallCatchBlock@@YAPAXPAUEHExceptionRecord@@PAUEHRegistrationNode@@PAU_CONTEXT@@PBU_s_FuncInfo@@PAXHK@Z 10006cf0 f   LIBCMTD:frame.obj
 0001:00005f80       ?ExFilterRethrow@@YAHPAU_EXCEPTION_POINTERS@@@Z 10006f80 f   LIBCMTD:frame.obj
 0001:00006be0       ?IsInExceptionSpec@@YAEPAUEHExceptionRecord@@PBU_s_ESTypeList@@@Z 10007be0 f   LIBCMTD:frame.obj
 0001:00006ca0       ?CallUnexpected@@YAXPBU_s_ESTypeList@@@Z 10007ca0 f   LIBCMTD:frame.obj
 0001:00006cee       __catch$?CallUnexpected@@YAXPBU_s_ESTypeList@@@Z$0 10007cee f   LIBCMTD:frame.obj
 0001:00006d30       ?Is_bad_exception_allowed@@YAEPBU_s_ESTypeList@@@Z 10007d30 f   LIBCMTD:frame.obj
 0001:00007bd0       _fastcopy_I                10008bd0 f   LIBCMTD:p4_memcpy.obj
 0001:00007ce0       _has_osfxsr_set            10008ce0 f   LIBCMTD:cpu_disp.obj
 0001:00007e40       _fastzero_I                10008e40 f   LIBCMTD:p4_memset.obj
 0001:00008550       __cftoe2_l                 10009550 f   LIBCMTD:cvt.obj
 0001:000092e0       __cftof2_l                 1000a2e0 f   LIBCMTD:cvt.obj
 0001:000098c0       __shift                    1000a8c0 f   LIBCMTD:cvt.obj
 0001:0000a780       __nh_malloc_dbg_impl       1000b780 f   LIBCMTD:dbgheap.obj
 0001:0000a810       __heap_alloc_dbg_impl      1000b810 f   LIBCMTD:dbgheap.obj
 0001:0000ae20       _realloc_help              1000be20 f   LIBCMTD:dbgheap.obj
 0001:0000bca0       _CheckBytes                1000cca0 f   LIBCMTD:dbgheap.obj
 0001:0000cac0       ?_CrtMemDumpAllObjectsSince_stat@@YAXPBU_CrtMemState@@PAUlocaleinfo_struct@@@Z 1000dac0 f   LIBCMTD:dbgheap.obj
 0001:0000cdd0       __printMemBlockData        1000ddd0 f   LIBCMTD:dbgheap.obj
 0001:0000ddb0       _doexit                    1000edb0 f   LIBCMTD:crt0dat.obj
 0001:0000e0e0       __initterm                 1000f0e0 f   LIBCMTD:crt0dat.obj
 0001:0000eb40       _parse_cmdline             1000fb40 f   LIBCMTD:stdargv.obj
 0001:0000f410       _xcptlookup                10010410 f   LIBCMTD:winxfltr.obj
 0001:0000f630       _ValidateLocalCookies      10010630 f   LIBCMTD:chandler4.obj
 0001:0000ffe8       __unwind_handler           10010fe8 f   LIBCMTD:exsup.obj
 0001:00010a40       __updatetlocinfoEx_nolock  10011a40 f   LIBCMTD:setlocal.obj
 0001:00010fb0       __copytlocinfo_nolock      10011fb0 f   LIBCMTD:setlocal.obj
 0001:000113d0       _sync_legacy_variables_lk  100123d0 f   LIBCMTD:setlocal.obj
 0001:00011450       __setlocale_nolock         10012450 f   LIBCMTD:setlocal.obj
 0001:00011840       __setlocale_set_cat        10012840 f   LIBCMTD:setlocal.obj
 0001:00011d70       __setlocale_get_all        10012d70 f   LIBCMTD:setlocal.obj
 0001:000129f0       ?getSystemCP@@YAHH@Z       100139f0 f   LIBCMTD:mbctype.obj
 0001:00012e50       ?CPtoLCID@@YAHH@Z          10013e50 f   LIBCMTD:mbctype.obj
 0001:00012ed0       ?setSBCS@@YAXPAUthreadmbcinfostruct@@@Z 10013ed0 f   LIBCMTD:mbctype.obj
 0001:00012fb0       ?setSBUpLow@@YAXPAUthreadmbcinfostruct@@@Z 10013fb0 f   LIBCMTD:mbctype.obj
 0001:0001f140       ?und_strlen@@YAIPBD@Z      10020140 f   LIBCMTD:undname.obj
 0001:0001f180       ?und_memcpy@@YAXPADPBDI@Z  10020180 f   LIBCMTD:undname.obj
 0001:0001f1c0       ?und_strncmp@@YAIPBD0I@Z   100201c0 f   LIBCMTD:undname.obj
 0001:0001f5c4       __unwind_handler4          100205c4 f   LIBCMTD:exsup4.obj
 0001:0001fa70       _ctrlevent_capture@4       10020a70 f   LIBCMTD:winsig.obj
 0001:0001fe70       _siglookup                 10020e70 f   LIBCMTD:winsig.obj
 0001:000211c0       ?__crtGetLocaleInfoW_stat@@YAHPAUlocaleinfo_struct@@KKPA_WHH@Z 100221c0 f   LIBCMTD:w_loc.obj
 0001:00021230       ?__crtGetLocaleInfoA_stat@@YAHPAUlocaleinfo_struct@@KKPADHH@Z 10022230 f   LIBCMTD:a_loc.obj
 0001:00021780       __is_LFH_enabled           10022780 f   LIBCMTD:expand.obj
 0001:00024240       __onexit_nolock            10025240 f   LIBCMTD:onexit.obj
 0001:00024c10       ?x_ismbbtype_l@@YAHPAUlocaleinfo_struct@@IHH@Z 10025c10 f   LIBCMTD:ismbbyte.obj
 0001:00024e30       __get_lc_time              10025e30 f   LIBCMTD:inittime.obj
 0001:00025a50       _fix_grouping              10026a50 f   LIBCMTD:initnum.obj
 0001:00025fc0       _fix_grouping              10026fc0 f   LIBCMTD:initmon.obj
 0001:000276b0       ?_expandtime@@YAHPAUlocaleinfo_struct@@DPBUtm@@PAPADPAIPAU__lc_time_data@@I@Z 100286b0 f   LIBCMTD:strftime.obj
 0001:00028680       ?_store_str@@YAXPADPAPADPAI@Z 10029680 f   LIBCMTD:strftime.obj
 0001:000286d0       ?_store_num@@YAXHHPAPADPAII@Z 100296d0 f   LIBCMTD:strftime.obj
 0001:00028780       ?_store_number@@YAXHPAPADPAI@Z 10029780 f   LIBCMTD:strftime.obj
 0001:00028830       ?_store_winword@@YAHPAUlocaleinfo_struct@@HPBUtm@@PAPADPAIPAU__lc_time_data@@@Z 10029830 f   LIBCMTD:strftime.obj
 0001:00029470       _cmpBYTE                   1002a470 f   LIBCMTD:memcmp.obj
 0001:000294a0       _cmpResult                 1002a4a0 f   LIBCMTD:memcmp.obj
 0001:000294c0       _unaligned_memcmp          1002a4c0 f   LIBCMTD:memcmp.obj
 0001:00029bd0       _cmpWORD                   1002abd0 f   LIBCMTD:memcmp.obj
 0001:00029c50       _cmpDWORD                  1002ac50 f   LIBCMTD:memcmp.obj
 0001:00029d80       ?__crtGetStringTypeA_stat@@YAHPAUlocaleinfo_struct@@KPBDHPAGHHH@Z 1002ad80 f   LIBCMTD:a_str.obj
 0001:0002a260       _TranslateName             1002b260 f   LIBCMTD:getqloc.obj
 0001:0002a2f0       _GetLcidFromLangCountry    1002b2f0 f   LIBCMTD:getqloc.obj
 0001:0002a3b0       _LangCountryEnumProc@4     1002b3b0 f   LIBCMTD:getqloc.obj
 0001:0002a7f0       _GetLcidFromLanguage       1002b7f0 f   LIBCMTD:getqloc.obj
 0001:0002a870       _LanguageEnumProc@4        1002b870 f   LIBCMTD:getqloc.obj
 0001:0002aa10       _GetLcidFromCountry        1002ba10 f   LIBCMTD:getqloc.obj
 0001:0002aa60       _CountryEnumProc@4         1002ba60 f   LIBCMTD:getqloc.obj
 0001:0002ab60       _GetLcidFromDefault        1002bb60 f   LIBCMTD:getqloc.obj
 0001:0002aba0       _ProcessCodePage           1002bba0 f   LIBCMTD:getqloc.obj
 0001:0002ac70       _TestDefaultCountry        1002bc70 f   LIBCMTD:getqloc.obj
 0001:0002acc0       _TestDefaultLanguage       1002bcc0 f   LIBCMTD:getqloc.obj
 0001:0002ad60       _LcidFromHexString         1002bd60 f   LIBCMTD:getqloc.obj
 0001:0002ade0       _GetPrimaryLen             1002bde0 f   LIBCMTD:getqloc.obj
 0001:0002aeb0       ?__crtLCMapStringA_stat@@YAHPAUlocaleinfo_struct@@KKPBDHPADHHH@Z 1002beb0 f   LIBCMTD:a_map.obj
 0001:0002b3b0       ?strncnt@@YAHPBDH@Z        1002c3b0 f   LIBCMTD:a_map.obj
 0001:0002b750       __abstract_cw              1002c750 f   LIBCMTD:_ieee87_.obj
 0001:0002b8a0       __hw_cw                    1002c8a0 f   LIBCMTD:_ieee87_.obj
 0001:0002ba00       __abstract_sw              1002ca00 f   LIBCMTD:_ieee87_.obj
 0001:0002ba90       ___statusfp_sse2           1002ca90 f   LIBCMTD:_ieee87_.obj
 0001:0002bab0       ___clearfp_sse2            1002cab0 f   LIBCMTD:_ieee87_.obj
 0001:0002bae0       ___control87_sse2          1002cae0 f   LIBCMTD:_ieee87_.obj
 0001:0002bb60       ___abstract_cw_sse2        1002cb60 f   LIBCMTD:_ieee87_.obj
 0001:0002bcb0       ___hw_cw_sse2              1002ccb0 f   LIBCMTD:_ieee87_.obj
 0001:0002be00       ___abstract_sw_sse2        1002ce00 f   LIBCMTD:_ieee87_.obj
 0001:0002be90       ___fpreset_sse2            1002ce90 f   LIBCMTD:_ieee87_.obj
 0001:00031760       _write_char                10032760 f   LIBCMTD:output.obj
 0001:00031800       _write_multi_char          10032800 f   LIBCMTD:output.obj
 0001:00031840       _write_string              10032840 f   LIBCMTD:output.obj
 0001:00032a40       __tzset_nolock             10033a40 f   LIBCMTD:tzset.obj
 0001:00033050       __isindst_nolock           10034050 f   LIBCMTD:tzset.obj
 0001:000333b0       _cvtdate                   100343b0 f   LIBCMTD:tzset.obj
 0001:00033cd0       _xtoa_s@20                 10034cd0 f   LIBCMTD:xtoas.obj
 0001:000340f0       @x64toa_s@24               100350f0 f   LIBCMTD:xtoas.obj
 0001:00035a60       ?wcsncnt@@YAIPB_WI@Z       10036a60 f   LIBCMTD:wcstombs.obj
 0001:00036ca0       _xtow_s@20                 10037ca0 f   LIBCMTD:xtows.obj
 0001:000370d0       @x64tow_s@24               100380d0 f   LIBCMTD:xtows.obj
 0001:00038560       _write_char                10039560 f   LIBCMTD:woutput.obj
 0001:000385c0       _write_multi_char          100395c0 f   LIBCMTD:woutput.obj
 0001:00038600       _write_string              10039600 f   LIBCMTD:woutput.obj
 0001:00038a30       ?strtoxl@@YAKPAUlocaleinfo_struct@@PBDPAPBDHH@Z 10039a30 f   LIBCMTD:strtol.obj
 0001:00039010       ?strtoxq@@YA_KPAUlocaleinfo_struct@@PBDPAPBDHH@Z 1003a010 f   LIBCMTD:strtoq.obj
 0001:0003eee0       _write_char                1003fee0 f   LIBCMTD:outputp.obj
 0001:0003ef80       _write_multi_char          1003ff80 f   LIBCMTD:outputp.obj
 0001:0003efc0       _write_string              1003ffc0 f   LIBCMTD:outputp.obj
 0001:00040490       _write_char                10041490 f   LIBCMTD:outputs.obj
 0001:00040530       _write_multi_char          10041530 f   LIBCMTD:outputs.obj
 0001:00040570       _write_string              10041570 f   LIBCMTD:outputs.obj
 0001:00040900       __getenv_s_helper          10041900 f   LIBCMTD:getenv.obj
 0001:00040b70       __dupenv_s_helper          10041b70 f   LIBCMTD:getenv.obj
 0001:00040de0       ?__crtGetStringTypeW_stat@@YAHPAUlocaleinfo_struct@@KPB_WHPAGHH@Z 10041de0 f   LIBCMTD:w_str.obj
 0001:00042010       _write_char                10043010 f   LIBCMTD:woutputs.obj
 0001:00042070       _write_multi_char          10043070 f   LIBCMTD:woutputs.obj
 0001:000420b0       _write_string              100430b0 f   LIBCMTD:woutputs.obj
 0001:000459e0       _write_char                100469e0 f   LIBCMTD:woutputp.obj
 0001:00045a40       _write_multi_char          10046a40 f   LIBCMTD:woutputp.obj
 0001:00045a80       _write_string              10046a80 f   LIBCMTD:woutputp.obj
 0001:00046df0       ?DebuggerProbe@@YAHK@Z     10047df0 f   LIBCMTD:_error_.obj
 0001:00046ee0       ?failwithmessage@@YAXPAXHHPBD@Z 10047ee0 f   LIBCMTD:_error_.obj
 0001:000470f0       ?DebuggerRuntime@@YAHKHPAXPB_W@Z 100480f0 f   LIBCMTD:_error_.obj
 0001:000473d0       ?_getMemBlockDataString@@YAXPAD00I@Z 100483d0 f   LIBCMTD:_error_.obj
 0001:00047840       _flsall                    10048840 f   LIBCMTD:fflush.obj
 0001:000481a0       ?wcstoxl@@YAKPAUlocaleinfo_struct@@PB_WPAPB_WHH@Z 100491a0 f   LIBCMTD:wcstol.obj
 0001:00048cd0       ?GetPdbDll@@YAPAUHINSTANCE__@@XZ 10049cd0 f   LIBCMTD:_pdblkup_.obj
 0001:00049400       ?__crtCompareStringA_stat@@YAHPAUlocaleinfo_struct@@KKPBDH1HH@Z 1004a400 f   LIBCMTD:a_cmp.obj
 0001:00049910       ?strncnt@@YAHPBDH@Z        1004a910 f   LIBCMTD:a_cmp.obj
 0001:0004a0d0       _findenv                   1004b0d0 f   LIBCMTD:setenv.obj
 0001:0004a150       _copy_environ              1004b150 f   LIBCMTD:setenv.obj
 0001:0004ada0       __unwindfunclet$??0Streamer@@QAE@XZ$0 1004bda0 f   Streamer.obj
 0001:0004adae       __unwindfunclet$??0Streamer@@QAE@XZ$1 1004bdae f   Streamer.obj
 0001:0004adbc       __unwindfunclet$??0Streamer@@QAE@XZ$2 1004bdbc f   Streamer.obj
 0001:0004adca       __ehhandler$??0Streamer@@QAE@XZ 1004bdca f   Streamer.obj
 0001:0004ade5       __unwindfunclet$?Open@Music@@UAGPAUStreamer@@PBDPAUIFileSystem@@K@Z$0 1004bde5 f   Streamer.obj
 0001:0004adf0       __ehhandler$?Open@Music@@UAGPAUStreamer@@PBDPAUIFileSystem@@K@Z 1004bdf0 f   Streamer.obj
 0001:0004ae0b       __unwindfunclet$_DllMain@12$0 1004be0b f   Streamer.obj
 0001:0004ae16       __ehhandler$_DllMain@12    1004be16 f   Streamer.obj
 0001:0004ae40       __unwindfunclet$??1Streamer@@QAE@XZ$0 1004be40 f   Streamer.obj
 0001:0004ae4e       __unwindfunclet$??1Streamer@@QAE@XZ$1 1004be4e f   Streamer.obj
 0001:0004ae5c       __unwindfunclet$??1Streamer@@QAE@XZ$2 1004be5c f   Streamer.obj
 0001:0004ae6a       __unwindfunclet$??1Streamer@@QAE@XZ$3 1004be6a f   Streamer.obj
 0001:0004ae78       __ehhandler$??1Streamer@@QAE@XZ 1004be78 f   Streamer.obj
 0001:0004aea0       __unwindfunclet$?CreateInstance@?$DAComponentFactory2@U?$DAComponentAggregate@UMusic@@@@UAGGDESC@@@@UAG?AW4GENRESULT@@PAUDACOMDESC@@PAPAX@Z$2 1004bea0 f   Streamer.obj
 0001:0004aeab       __ehhandler$?CreateInstance@?$DAComponentFactory2@U?$DAComponentAggregate@UMusic@@@@UAGGDESC@@@@UAG?AW4GENRESULT@@PAUDACOMDESC@@PAPAX@Z 1004beab f   Streamer.obj
 0001:0004aed0       __unwindfunclet$??0?$DAComponentAggregate@UMusic@@@@QAE@PAUAGGDESC@@@Z$0 1004bed0 f   Streamer.obj
 0001:0004aed8       __ehhandler$??0?$DAComponentAggregate@UMusic@@@@QAE@PAUAGGDESC@@@Z 1004bed8 f   Streamer.obj
 0001:0004af00       __ehhandler$?CallUnexpected@@YAXPBU_s_ESTypeList@@@Z 1004bf00 f   LIBCMTD:frame.obj
 0001:0004af20       __unwindfunclet$?getSystemCP@@YAHH@Z$0 1004bf20 f   LIBCMTD:mbctype.obj
 0001:0004af28       __ehhandler$?getSystemCP@@YAHH@Z 1004bf28 f   LIBCMTD:mbctype.obj
 0001:0004af50       __unwindfunclet$?make@DNameStatusNode@@SAPAV1@W4DNameStatus@@@Z$0 1004bf50 f   LIBCMTD:undname.obj
 0001:0004af5e       __ehhandler$?make@DNameStatusNode@@SAPAV1@W4DNameStatus@@@Z 1004bf5e f   LIBCMTD:undname.obj
 0001:0004af80       __unwindfunclet$?x_ismbbtype_l@@YAHPAUlocaleinfo_struct@@IHH@Z$0 1004bf80 f   LIBCMTD:ismbbyte.obj
 0001:0004af88       __ehhandler$?x_ismbbtype_l@@YAHPAUlocaleinfo_struct@@IHH@Z 1004bf88 f   LIBCMTD:ismbbyte.obj
 0001:0004afb0       __unwindfunclet$?strtoxl@@YAKPAUlocaleinfo_struct@@PBDPAPBDHH@Z$0 1004bfb0 f   LIBCMTD:strtol.obj
 0001:0004afb8       __ehhandler$?strtoxl@@YAKPAUlocaleinfo_struct@@PBDPAPBDHH@Z 1004bfb8 f   LIBCMTD:strtol.obj
 0001:0004afe0       __unwindfunclet$?strtoxq@@YA_KPAUlocaleinfo_struct@@PBDPAPBDHH@Z$0 1004bfe0 f   LIBCMTD:strtoq.obj
 0001:0004afe8       __ehhandler$?strtoxq@@YA_KPAUlocaleinfo_struct@@PBDPAPBDHH@Z 1004bfe8 f   LIBCMTD:strtoq.obj
 0001:0004b010       __unwindfunclet$?wcstoxl@@YAKPAUlocaleinfo_struct@@PB_WPAPB_WHH@Z$0 1004c010 f   LIBCMTD:wcstol.obj
 0001:0004b018       __ehhandler$?wcstoxl@@YAKPAUlocaleinfo_struct@@PB_WPAPB_WHH@Z 1004c018 f   LIBCMTD:wcstol.obj
