 DAHotKey

 Timestamp is 5291889a (Sun Nov 24 00:03:22 2013)

 Preferred load address is 10000000

 Start         Length     Name                   Class
 0001:00000000 0004882cH .text                   CODE
 0001:00048830 00000323H .text$x                 CODE
 0002:00000000 000001b0H .idata$5                DATA
 0002:000001b0 00000004H .CRT$XCA                DATA
 0002:000001b4 00000004H .CRT$XCZ                DATA
 0002:000001b8 00000004H .CRT$XIA                DATA
 0002:000001bc 00000010H .CRT$XIC                DATA
 0002:000001cc 00000004H .CRT$XIZ                DATA
 0002:000001d0 00000004H .CRT$XPA                DATA
 0002:000001d4 00000008H .CRT$XPX                DATA
 0002:000001dc 00000004H .CRT$XPXA               DATA
 0002:000001e0 00000004H .CRT$XPZ                DATA
 0002:000001e4 00000004H .CRT$XTA                DATA
 0002:000001e8 00000004H .CRT$XTZ                DATA
 0002:000001f0 0000c25eH .rdata                  DATA
 0002:0000c450 00000056H .rdata$debug            DATA
 0002:0000c4a8 00000b08H .rdata$r                DATA
 0002:0000cfb0 00000004H .rtc$IAA                DATA
 0002:0000cfb4 00000004H .rtc$IZZ                DATA
 0002:0000cfb8 00000004H .rtc$TAA                DATA
 0002:0000cfbc 00000004H .rtc$TZZ                DATA
 0002:0000cfc0 00000e2cH .xdata$x                DATA
 0002:0000ddec 00000050H .idata$2                DATA
 0002:0000de3c 00000014H .idata$3                DATA
 0002:0000de50 000001b0H .idata$4                DATA
 0002:0000e000 00000796H .idata$6                DATA
 0002:0000e796 00000000H .edata                  DATA
 0003:00000000 00001750H .data                   DATA
 0003:00001760 00001d40H .bss                    DATA
 0004:00000000 00000088H .rsrc$01                DATA
 0004:00000090 000001e0H .rsrc$02                DATA

  Address         Publics by Value              Rva+Base       Lib:Object

 0000:00000000       ___safe_se_handler_table   00000000     <absolute>
 0000:00000000       __except_list              00000000     <absolute>
 0000:00000000       ___safe_se_handler_count   00000000     <absolute>
 0000:00000000       ___ImageBase               10000000     <linker-defined>
 0001:00000000       ?init@EventSystem@@QAE?AW4GENRESULT@@PAUAGGDESC@@@Z 10001000 f   EventSys.obj
 0001:00000040       ??1EventSystem@@QAE@XZ     10001040 f   EventSys.obj
 0001:00000130       ?Initialize@EventSystem@@UAG?AW4GENRESULT@@K@Z 10001130 f   EventSys.obj
 0001:00000150       ?Post@EventSystem@@UAG?AW4GENRESULT@@KPAX@Z 10001150 f   EventSys.obj
 0001:00000200       ?Send@EventSystem@@UAG?AW4GENRESULT@@KPAX@Z 10001200 f   EventSys.obj
 0001:00000250       ?Peek@EventSystem@@UAG?AW4GENRESULT@@KPAKPAPAX@Z 10001250 f   EventSys.obj
 0001:00000300       ?Initialize@EventSystem@@UAG?AW4GENRESULT@@XZ 10001300 f   EventSys.obj
 0001:00000320       ?Update@EventSystem@@UAGXXZ 10001320 f   EventSys.obj
 0001:000003f0       ?RegisterTheEventSystem@@YAXPAUICOManager@@@Z 100013f0 f   EventSys.obj
 0001:000004a0       ??0?$DAComponentFactory2@U?$DAComponentAggregate@UEventSystem@@@@UAGGDESC@@@@QAE@PBD@Z 100014a0 f i EventSys.obj
 0001:000004d0       ??0?$DAComponentFactoryBase@U?$DAComponentAggregate@UEventSystem@@@@UAGGDESC@@@@QAE@PBD@Z 100014d0 f i EventSys.obj
 0001:00000510       ?_GetEntriesIn@EventSystem@@SGPBU_DACOM_INTMAP_ENTRY@@XZ 10001510 f i EventSys.obj
 0001:00000520       ??0IComponentFactory@@QAE@XZ 10001520 f i EventSys.obj
 0001:00000540       ??0IDAComponent@@QAE@XZ    10001540 f i EventSys.obj
 0001:00000550       ??1?$ConnectionPoint@UEventSystem@@UIEventCallback@@@@QAE@XZ 10001550 f i EventSys.obj
 0001:000005a0       ?QueryInterface@?$ConnectionPoint@UEventSystem@@UIEventCallback@@@@UAG?AW4GENRESULT@@PBDPAPAX@Z 100015a0 f i EventSys.obj
 0001:000005c0       ?AddRef@?$ConnectionPoint@UEventSystem@@UIEventCallback@@@@UAGKXZ 100015c0 f i EventSys.obj
 0001:000005d0       ?Release@?$ConnectionPoint@UEventSystem@@UIEventCallback@@@@UAGKXZ 100015d0 f i EventSys.obj
 0001:000005e0       ?GetOutgoingInterface@?$ConnectionPoint@UEventSystem@@UIEventCallback@@@@UAGKPADK@Z 100015e0 f i EventSys.obj
 0001:00000660       ?_GetEntriesOut@EventSystem@@SGPBU_DACOM_INTMAP_ENTRY@@XZ 10001660 f i EventSys.obj
 0001:000006b0       ?GetContainer@?$ConnectionPoint@UEventSystem@@UIEventCallback@@@@UAG?AW4GENRESULT@@PAPAUIDAConnectionPointContainer@@@Z 100016b0 f i EventSys.obj
 0001:00000720       ?Advise@?$ConnectionPoint@UEventSystem@@UIEventCallback@@@@UAG?AW4GENRESULT@@PAUIDAComponent@@PAK@Z 10001720 f i EventSys.obj
 0001:00000810       ?Unadvise@?$ConnectionPoint@UEventSystem@@UIEventCallback@@@@UAG?AW4GENRESULT@@K@Z 10001810 f i EventSys.obj
 0001:00000890       ?EnumerateConnections@?$ConnectionPoint@UEventSystem@@UIEventCallback@@@@UAGJP6GJPAUIDAConnectionPoint@@PAUIDAComponent@@PAX@Z2@Z 10001890 f i EventSys.obj
 0001:000008e0       ?QueryInterface@?$DAComponentFactoryBase@U?$DAComponentAggregate@UEventSystem@@@@UAGGDESC@@@@UAG?AW4GENRESULT@@PBDPAPAX@Z 100018e0 f i EventSys.obj
 0001:00000930       ?AddRef@?$DAComponentFactoryBase@U?$DAComponentAggregate@UEventSystem@@@@UAGGDESC@@@@UAGKXZ 10001930 f i EventSys.obj
 0001:00000950       ?Release@?$DAComponentFactoryBase@U?$DAComponentAggregate@UEventSystem@@@@UAGGDESC@@@@UAGKXZ 10001950 f i EventSys.obj
 0001:000009b0       ?CreateInstance@?$DAComponentFactory2@U?$DAComponentAggregate@UEventSystem@@@@UAGGDESC@@@@UAG?AW4GENRESULT@@PAUDACOMDESC@@PAPAX@Z 100019b0 f i EventSys.obj
 0001:00000ae0       ??2EventSystem@@SAPAXI@Z   10001ae0 f i EventSys.obj
 0001:00000b10       ??3EventSystem@@SAXPAX@Z   10001b10 f i EventSys.obj
 0001:00000b30       ??_G?$DAComponentAggregate@UEventSystem@@@@QAEPAXI@Z 10001b30 f i EventSys.obj
 0001:00000b60       ??1?$DAComponentAggregate@UEventSystem@@@@QAE@XZ 10001b60 f i EventSys.obj
 0001:00000b80       ??0?$DAComponentAggregate@UEventSystem@@@@QAE@PAUAGGDESC@@@Z 10001b80 f i EventSys.obj
 0001:00000c40       ?ShutdownAggregate@ISystemComponent@@UAG?AW4GENRESULT@@XZ 10001c40 f i EventSys.obj
 0001:00000c50       ??0EventSystem@@QAE@XZ     10001c50 f i EventSys.obj
 0001:00000ca0       ?Notify@EventSystem@@UAG?AW4GENRESULT@@KPAX@Z 10001ca0 f i EventSys.obj
 0001:00000cd0       ??0ISystemComponent@@QAE@XZ 10001cd0 f i EventSys.obj
 0001:00000cf0       ??0IEventSystem@@QAE@XZ    10001cf0 f i EventSys.obj
 0001:00000d10       ??0IEventCallback@@QAE@XZ  10001d10 f i EventSys.obj
 0001:00000d30       ??0?$ConnectionPointContainer@UEventSystem@@@@QAE@XZ 10001d30 f i EventSys.obj
 0001:00000d50       ??0IAggregateComponent@@QAE@XZ 10001d50 f i EventSys.obj
 0001:00000d70       ??0IDAConnectionPointContainer@@QAE@XZ 10001d70 f i EventSys.obj
 0001:00000d90       ?FindConnectionPoint@?$ConnectionPointContainer@UEventSystem@@@@UAG?AW4GENRESULT@@PBDPAPAUIDAConnectionPoint@@@Z 10001d90 f i EventSys.obj
 0001:00000e40       ?EnumerateConnectionPoints@?$ConnectionPointContainer@UEventSystem@@@@UAGJP6GJPAUIDAConnectionPointContainer@@PAUIDAConnectionPoint@@PAX@Z2@Z 10001e40 f i EventSys.obj
 0001:00000ed0       ??0?$ConnectionPoint@UEventSystem@@UIEventCallback@@@@QAE@H@Z 10001ed0 f i EventSys.obj
 0001:00000f10       ?QueryInterface@?$DAComponentAggregate@UEventSystem@@@@UAG?AW4GENRESULT@@PBDPAPAX@Z 10001f10 f i EventSys.obj
 0001:00000f40       ?AddRef@?$DAComponentAggregate@UEventSystem@@@@UAGKXZ 10001f40 f i EventSys.obj
 0001:00000f60       ?Release@?$DAComponentAggregate@UEventSystem@@@@UAGKXZ 10001f60 f i EventSys.obj
 0001:00000f80       ??0IDAConnectionPoint@@QAE@XZ 10001f80 f i EventSys.obj
 0001:00000fa0       ??0?$DAComponentInner@UEventSystem@@UIDAComponent@@@@QAE@PAUEventSystem@@@Z 10001fa0 f i EventSys.obj
 0001:00000fe0       ?QueryInterface@?$DAComponentInner@UEventSystem@@UIDAComponent@@@@UAG?AW4GENRESULT@@PBDPAPAX@Z 10001fe0 f i EventSys.obj
 0001:000010a0       ?AddRef@?$DAComponentInner@UEventSystem@@UIDAComponent@@@@UAGKXZ 100020a0 f i EventSys.obj
 0001:000010c0       ?Release@?$DAComponentInner@UEventSystem@@UIDAComponent@@@@UAGKXZ 100020c0 f i EventSys.obj
 0001:00001140       ??_GEventSystem@@QAEPAXI@Z 10002140 f i EventSys.obj
 0001:00001170       ?Release@?$DAComponentAggregate@UEventSystem@@@@W7AGKXZ 10002170 f i EventSys.obj
 0001:00001180       ?Release@?$DAComponentAggregate@UEventSystem@@@@WM@AGKXZ 10002180 f i EventSys.obj
 0001:00001190       ?AddRef@?$DAComponentAggregate@UEventSystem@@@@W3AGKXZ 10002190 f i EventSys.obj
 0001:000011a0       ?AddRef@?$DAComponentAggregate@UEventSystem@@@@W7AGKXZ 100021a0 f i EventSys.obj
 0001:000011b0       ?QueryInterface@?$DAComponentAggregate@UEventSystem@@@@W3AG?AW4GENRESULT@@PBDPAPAX@Z 100021b0 f i EventSys.obj
 0001:000011c0       ?AddRef@?$DAComponentAggregate@UEventSystem@@@@WM@AGKXZ 100021c0 f i EventSys.obj
 0001:000011d0       ?QueryInterface@?$DAComponentAggregate@UEventSystem@@@@W7AG?AW4GENRESULT@@PBDPAPAX@Z 100021d0 f i EventSys.obj
 0001:000011e0       ?QueryInterface@?$DAComponentAggregate@UEventSystem@@@@WM@AG?AW4GENRESULT@@PBDPAPAX@Z 100021e0 f i EventSys.obj
 0001:000011f0       ?Release@?$DAComponentAggregate@UEventSystem@@@@W3AGKXZ 100021f0 f i EventSys.obj
 0001:00001200       ?compare@DAHOTKEY_STRUCT@@QAIJAAU1@@Z 10002200 f   HKEvent.obj
 0001:00001320       ??0HotkeyEvent@@QAE@XZ     10002320 f   HKEvent.obj
 0001:000013c0       ??1HotkeyEvent@@QAE@XZ     100023c0 f   HKEvent.obj
 0001:00001450       ?Initialize@HotkeyEvent@@UAG?AW4GENRESULT@@XZ 10002450 f   HKEvent.obj
 0001:00001460       ?UpdateModifiers@HotkeyEvent@@QAEXXZ 10002460 f   HKEvent.obj
 0001:000016b0       ?initKeyState@HotkeyEvent@@QAEXXZ 100026b0 f   HKEvent.obj
 0001:000017e0       ?GetVkeyState@HotkeyEvent@@UAGJK@Z 100027e0 f   HKEvent.obj
 0001:00001810       ?UpdateKeyboard@HotkeyEvent@@QAEJKH@Z 10002810 f   HKEvent.obj
 0001:00001880       ?SystemMessage@HotkeyEvent@@UAAXJJJJJJ@Z 10002880 f   HKEvent.obj
 0001:00001a30       ?GetHotkeyText@HotkeyEvent@@UAGKKPADK@Z 10002a30 f   HKEvent.obj
 0001:00001ab0       ?Notify@HotkeyEvent@@UAG?AW4GENRESULT@@KPAX@Z 10002ab0 f   HKEvent.obj
 0001:00001b40       ?WndCallback@HotkeyEvent@@QAEJPAUHWND__@@IIJ@Z 10002b40 f   HKEvent.obj
 0001:00001f70       ?ConvertToModifier@HotkeyEvent@@SIKK@Z 10002f70 f   HKEvent.obj
 0001:00002130       ?IsAModifier@HotkeyEvent@@SIJKK@Z 10003130 f   HKEvent.obj
 0001:00002160       ?IsAMatch@HotkeyEvent@@SIJKKK@Z 10003160 f   HKEvent.obj
 0001:00002260       ?KeyPressedEvent@HotkeyEvent@@QAEJK@Z 10003260 f   HKEvent.obj
 0001:00002630       ?setOtherDirtyFlags@HotkeyEvent@@QAEXK@Z 10003630 f   HKEvent.obj
 0001:000026d0       ?AddPressedEvent@HotkeyEvent@@QAEJK@Z 100036d0 f   HKEvent.obj
 0001:00002720       ?KeyReleasedEvent@HotkeyEvent@@QAEJK@Z 10003720 f   HKEvent.obj
 0001:00002a50       ?UpdateMouse@HotkeyEvent@@QAEJK@Z 10003a50 f   HKEvent.obj
 0001:00002ad0       ?AddReleasedEvent@HotkeyEvent@@QAEJK@Z 10003ad0 f   HKEvent.obj
 0001:00002b10       ?UpdateJoystick@HotkeyEvent@@QAEJKKK@Z 10003b10 f   HKEvent.obj
 0001:00002e70       ?GetHotkeyState@HotkeyEvent@@UAGJK@Z 10003e70 f   HKEvent.obj
 0001:00002ee0       ?IsAnyHotkeyPressed@HotkeyEvent@@UAGJXZ 10003ee0 f   HKEvent.obj
 0001:00002f30       ?Enable@HotkeyEvent@@UAG?AW4GENRESULT@@XZ 10003f30 f   HKEvent.obj
 0001:00002f50       ?Disable@HotkeyEvent@@UAG?AW4GENRESULT@@XZ 10003f50 f   HKEvent.obj
 0001:00002f70       ?SendEvent@HotkeyEvent@@QAEXK@Z 10003f70 f   HKEvent.obj
 0001:00002fc0       ?init@HotkeyEvent@@QAE?AW4GENRESULT@@PAUHKEVENTDESC@@@Z 10003fc0 f   HKEvent.obj
 0001:00003450       ?RegisterHotkeyEventServer@@YAXPAUICOManager@@@Z 10004450 f   HKEvent.obj
 0001:00003500       ?getModifiers@DAHOTKEY_STRUCT@@QAEKXZ 10004500 f i HKEvent.obj
 0001:00003520       ??0IHotkeyEvent@@QAE@XZ    10004520 f i HKEvent.obj
 0001:00003540       ??0?$ConnectionPointContainer@UHotkeyEvent@@@@QAE@XZ 10004540 f i HKEvent.obj
 0001:00003560       ?reset@KB_MODIFIERS@@QAEXXZ 10004560 f i HKEvent.obj
 0001:00003580       ?PreMessageFilter@HotkeyEvent@@QAE?AW4GENRESULT@@PAJ000@Z 10004580 f i HKEvent.obj
 0001:000035f0       ?PostMessageFilter@HotkeyEvent@@QAE?AW4GENRESULT@@JJJJ@Z 100045f0 f i HKEvent.obj
 0001:00003660       ?GetText@KTEXT@@QAEPADK@Z  10004660 f i HKEvent.obj
 0001:000036a0       ?SetVkeyState@HotkeyEvent@@QAEXK@Z 100046a0 f i HKEvent.obj
 0001:000036e0       ?ClearVkeyState@HotkeyEvent@@QAEXK@Z 100046e0 f i HKEvent.obj
 0001:00003720       ??0DAFILEDESC@@QAE@PBD0@Z  10004720 f i HKEvent.obj
 0001:000037a0       ??0DACOMDESC@@QAE@PBD@Z    100047a0 f i HKEvent.obj
 0001:000037d0       ??ODAHOTKEY_STRUCT@@QAEJAAU0@@Z 100047d0 f i HKEvent.obj
 0001:00003800       ?remove_element@KTEXT@@QAEXK@Z 10004800 f i HKEvent.obj
 0001:00003870       ?getText@KTEXT@@AAEPADK@Z  10004870 f i HKEvent.obj
 0001:000038a0       ??MDAHOTKEY_STRUCT@@QAEJAAU0@@Z 100048a0 f i HKEvent.obj
 0001:000038d0       ??0?$DAComponentFactory2@U?$DAComponentAggregate@UHotkeyEvent@@@@UHKEVENTDESC@@@@QAE@PBD@Z 100048d0 f i HKEvent.obj
 0001:00003900       ??0?$DAComponentFactoryBase@U?$DAComponentAggregate@UHotkeyEvent@@@@UHKEVENTDESC@@@@QAE@PBD@Z 10004900 f i HKEvent.obj
 0001:00003940       ?_GetEntriesIn@HotkeyEvent@@SGPBU_DACOM_INTMAP_ENTRY@@XZ 10004940 f i HKEvent.obj
 0001:00003950       ??0?$ConnectionPoint@UHotkeyEvent@@UIDAComponent@@@@QAE@H@Z 10004950 f i HKEvent.obj
 0001:00003990       ??1?$ConnectionPoint@UHotkeyEvent@@UIDAComponent@@@@QAE@XZ 10004990 f i HKEvent.obj
 0001:000039e0       ?QueryInterface@?$ConnectionPoint@UHotkeyEvent@@UIDAComponent@@@@UAG?AW4GENRESULT@@PBDPAPAX@Z 100049e0 f i HKEvent.obj
 0001:00003a00       ?AddRef@?$ConnectionPoint@UHotkeyEvent@@UIDAComponent@@@@UAGKXZ 10004a00 f i HKEvent.obj
 0001:00003a10       ?Release@?$ConnectionPoint@UHotkeyEvent@@UIDAComponent@@@@UAGKXZ 10004a10 f i HKEvent.obj
 0001:00003a20       ?GetOutgoingInterface@?$ConnectionPoint@UHotkeyEvent@@UIDAComponent@@@@UAGKPADK@Z 10004a20 f i HKEvent.obj
 0001:00003aa0       ?_GetEntriesOut@HotkeyEvent@@SGPBU_DACOM_INTMAP_ENTRY@@XZ 10004aa0 f i HKEvent.obj
 0001:00003b00       ?GetContainer@?$ConnectionPoint@UHotkeyEvent@@UIDAComponent@@@@UAG?AW4GENRESULT@@PAPAUIDAConnectionPointContainer@@@Z 10004b00 f i HKEvent.obj
 0001:00003b70       ?Advise@?$ConnectionPoint@UHotkeyEvent@@UIDAComponent@@@@UAG?AW4GENRESULT@@PAUIDAComponent@@PAK@Z 10004b70 f i HKEvent.obj
 0001:00003c60       ?Unadvise@?$ConnectionPoint@UHotkeyEvent@@UIDAComponent@@@@UAG?AW4GENRESULT@@K@Z 10004c60 f i HKEvent.obj
 0001:00003ce0       ?EnumerateConnections@?$ConnectionPoint@UHotkeyEvent@@UIDAComponent@@@@UAGJP6GJPAUIDAConnectionPoint@@PAUIDAComponent@@PAX@Z2@Z 10004ce0 f i HKEvent.obj
 0001:00003d30       ?QueryInterface@?$DAComponentFactoryBase@U?$DAComponentAggregate@UHotkeyEvent@@@@UHKEVENTDESC@@@@UAG?AW4GENRESULT@@PBDPAPAX@Z 10004d30 f i HKEvent.obj
 0001:00003d80       ?AddRef@?$DAComponentFactoryBase@U?$DAComponentAggregate@UHotkeyEvent@@@@UHKEVENTDESC@@@@UAGKXZ 10004d80 f i HKEvent.obj
 0001:00003da0       ?Release@?$DAComponentFactoryBase@U?$DAComponentAggregate@UHotkeyEvent@@@@UHKEVENTDESC@@@@UAGKXZ 10004da0 f i HKEvent.obj
 0001:00003e00       ?CreateInstance@?$DAComponentFactory2@U?$DAComponentAggregate@UHotkeyEvent@@@@UHKEVENTDESC@@@@UAG?AW4GENRESULT@@PAUDACOMDESC@@PAPAX@Z 10004e00 f i HKEvent.obj
 0001:00003f40       ??2HotkeyEvent@@SAPAXI@Z   10004f40 f i HKEvent.obj
 0001:00003f70       ??3HotkeyEvent@@SAXPAX@Z   10004f70 f i HKEvent.obj
 0001:00003f90       ??_G?$DAComponentAggregate@UHotkeyEvent@@@@QAEPAXI@Z 10004f90 f i HKEvent.obj
 0001:00003fc0       ??1?$DAComponentAggregate@UHotkeyEvent@@@@QAE@XZ 10004fc0 f i HKEvent.obj
 0001:00003fe0       ??0?$DAComponentAggregate@UHotkeyEvent@@@@QAE@PAUAGGDESC@@@Z 10004fe0 f i HKEvent.obj
 0001:000040a0       ?FindConnectionPoint@?$ConnectionPointContainer@UHotkeyEvent@@@@UAG?AW4GENRESULT@@PBDPAPAUIDAConnectionPoint@@@Z 100050a0 f i HKEvent.obj
 0001:00004150       ?EnumerateConnectionPoints@?$ConnectionPointContainer@UHotkeyEvent@@@@UAGJP6GJPAUIDAConnectionPointContainer@@PAUIDAConnectionPoint@@PAX@Z2@Z 10005150 f i HKEvent.obj
 0001:000041e0       ?QueryInterface@?$DAComponentAggregate@UHotkeyEvent@@@@UAG?AW4GENRESULT@@PBDPAPAX@Z 100051e0 f i HKEvent.obj
 0001:00004210       ?AddRef@?$DAComponentAggregate@UHotkeyEvent@@@@UAGKXZ 10005210 f i HKEvent.obj
 0001:00004240       ?Release@?$DAComponentAggregate@UHotkeyEvent@@@@UAGKXZ 10005240 f i HKEvent.obj
 0001:00004270       ??0?$DAComponentInner@UHotkeyEvent@@UIDAComponent@@@@QAE@PAUHotkeyEvent@@@Z 10005270 f i HKEvent.obj
 0001:000042b0       ?QueryInterface@?$DAComponentInner@UHotkeyEvent@@UIDAComponent@@@@UAG?AW4GENRESULT@@PBDPAPAX@Z 100052b0 f i HKEvent.obj
 0001:00004370       ?AddRef@?$DAComponentInner@UHotkeyEvent@@UIDAComponent@@@@UAGKXZ 10005370 f i HKEvent.obj
 0001:00004390       ?Release@?$DAComponentInner@UHotkeyEvent@@UIDAComponent@@@@UAGKXZ 10005390 f i HKEvent.obj
 0001:00004410       ??_GHotkeyEvent@@QAEPAXI@Z 10005410 f i HKEvent.obj
 0001:00004440       ?AddRef@?$DAComponentAggregate@UHotkeyEvent@@@@W7AGKXZ 10005440 f i HKEvent.obj
 0001:00004450       ?QueryInterface@?$DAComponentAggregate@UHotkeyEvent@@@@W3AG?AW4GENRESULT@@PBDPAPAX@Z 10005450 f i HKEvent.obj
 0001:00004460       ?QueryInterface@?$DAComponentAggregate@UHotkeyEvent@@@@W7AG?AW4GENRESULT@@PBDPAPAX@Z 10005460 f i HKEvent.obj
 0001:00004470       ?Release@?$DAComponentAggregate@UHotkeyEvent@@@@W3AGKXZ 10005470 f i HKEvent.obj
 0001:00004480       ?Release@?$DAComponentAggregate@UHotkeyEvent@@@@W7AGKXZ 10005480 f i HKEvent.obj
 0001:00004490       ?AddRef@?$DAComponentAggregate@UHotkeyEvent@@@@W3AGKXZ 10005490 f i HKEvent.obj
 0001:000044a0       ?AddToParamList@HotkeyRecorder@@SIXKK@Z 100054a0 f   HkeyRec.obj
 0001:000044e0       ??0HotkeyRecorder@@QAE@XZ  100054e0 f   HkeyRec.obj
 0001:000045e0       ??1HotkeyRecorder@@QAE@XZ  100055e0 f   HkeyRec.obj
 0001:00004630       ?WndProc@HotkeyRecorder@@SGJPAUHWND__@@IIJ@Z 10005630 f   HkeyRec.obj
 0001:000046e0       ?WndCallback@HotkeyRecorder@@QAEJPAUHWND__@@IIJ@Z 100056e0 f   HkeyRec.obj
 0001:00004a80       ?GetVirtKeyFromJoyButtons@HotkeyRecorder@@QAEKKAAK@Z 10005a80 f   HkeyRec.obj
 0001:00004af0       ?GetVirtKeyFromMouseButtons@HotkeyRecorder@@QAEKKAAK@Z 10005af0 f   HkeyRec.obj
 0001:00004b60       ?GetVirtKeyFromModifierButtons@HotkeyRecorder@@QAEKKAAK@Z 10005b60 f   HkeyRec.obj
 0001:00004c20       ?ConvertVKeyToMKEY@HotkeyRecorder@@SIKPAUDAHOTKEY_STRUCT@@@Z 10005c20 f   HkeyRec.obj
 0001:00004d40       ?ConvertVKeyToMJOY@HotkeyRecorder@@SIKPAUDAHOTKEY_STRUCT@@@Z 10005d40 f   HkeyRec.obj
 0001:00004d90       ?ConvertVKeyToMMOUSE@HotkeyRecorder@@SIKPAUDAHOTKEY_STRUCT@@@Z 10005d90 f   HkeyRec.obj
 0001:00004de0       ?UsePreviousValue@HotkeyRecorder@@QAEKPAUDAHOTKEY_STRUCT@@AAK1111@Z 10005de0 f   HkeyRec.obj
 0001:00005020       ?PrintVKey@HotkeyRecorder@@QAEHPAUDAHOTKEY_STRUCT@@PADH@Z 10006020 f   HkeyRec.obj
 0001:00005110       ?PrintMKey@HotkeyRecorder@@QAEHPAUDAHOTKEY_STRUCT@@PADH@Z 10006110 f   HkeyRec.obj
 0001:00005330       ?CreateHotkey@HotkeyRecorder@@UAGPAUDAHOTKEY_STRUCT@@PBE@Z 10006330 f   HkeyRec.obj
 0001:00005460       ?DestroyHotkey@HotkeyRecorder@@UAGJPAUDAHOTKEY_STRUCT@@@Z 10006460 f   HkeyRec.obj
 0001:000054a0       ?ReadEvents@HotkeyRecorder@@UAGJPAUDAHOTKEY_STRUCT@@K@Z 100064a0 f   HkeyRec.obj
 0001:00005e20       ?GetData@HotkeyRecorder@@UAGKPAUDAHOTKEY_STRUCT@@PAEK@Z 10006e20 f   HkeyRec.obj
 0001:00005e80       ?IsEqual@HotkeyRecorder@@UAGJPAUDAHOTKEY_STRUCT@@0@Z 10006e80 f   HkeyRec.obj
 0001:00005ec0       ?IsEmpty@HotkeyRecorder@@UAGJPAUDAHOTKEY_STRUCT@@@Z 10006ec0 f   HkeyRec.obj
 0001:00005f00       ?SetEmpty@HotkeyRecorder@@UAGJPAUDAHOTKEY_STRUCT@@@Z 10006f00 f   HkeyRec.obj
 0001:00005f30       ?ConvertToString@HotkeyRecorder@@UAGKPAUDAHOTKEY_STRUCT@@PADK@Z 10006f30 f   HkeyRec.obj
 0001:00006060       ?GetModifiers@HotkeyRecorder@@UAGKPAUDAHOTKEY_STRUCT@@@Z 10007060 f   HkeyRec.obj
 0001:00006090       ?SetModifiers@HotkeyRecorder@@UAGJPAUDAHOTKEY_STRUCT@@K@Z 10007090 f   HkeyRec.obj
 0001:000060c0       ?GetVirtualKey@HotkeyRecorder@@UAGKPAUDAHOTKEY_STRUCT@@@Z 100070c0 f   HkeyRec.obj
 0001:000060f0       ?SetVirtualKey@HotkeyRecorder@@UAGJPAUDAHOTKEY_STRUCT@@K@Z 100070f0 f   HkeyRec.obj
 0001:00006130       ?GetNumKeys@HotkeyRecorder@@UAGKPAUDAHOTKEY_STRUCT@@@Z 10007130 f   HkeyRec.obj
 0001:00006170       ?GetTriggerType@HotkeyRecorder@@UAGKPAUDAHOTKEY_STRUCT@@@Z 10007170 f   HkeyRec.obj
 0001:000061a0       ?SetTriggerType@HotkeyRecorder@@UAGJPAUDAHOTKEY_STRUCT@@K@Z 100071a0 f   HkeyRec.obj
 0001:000061e0       ?GetSymbolNumber@HotkeyRecorder@@UAGKPAUDAHOTKEY_STRUCT@@@Z 100071e0 f   HkeyRec.obj
 0001:00006210       ?SetSymbolNumber@HotkeyRecorder@@UAGJPAUDAHOTKEY_STRUCT@@K@Z 10007210 f   HkeyRec.obj
 0001:00006250       ?init@HotkeyRecorder@@QAE?AW4GENRESULT@@PAUHKRECDESC@@@Z 10007250 f   HkeyRec.obj
 0001:000062f0       _main                      100072f0 f   HkeyRec.obj
 0001:00006300       _DllMain@12                10007300 f   HkeyRec.obj
 0001:000064b0       ??0IHotkeyRecorder@@QAE@XZ 100074b0 f i HkeyRec.obj
 0001:000064d0       ?isJoystickVKey@HotkeyRecorder@@SIJPAUDAHOTKEY_STRUCT@@@Z 100074d0 f i HkeyRec.obj
 0001:00006520       ?isMouseVKey@HotkeyRecorder@@SIJPAUDAHOTKEY_STRUCT@@@Z 10007520 f i HkeyRec.obj
 0001:00006560       ?isPOVVKey@HotkeyRecorder@@SIJPAUDAHOTKEY_STRUCT@@@Z 10007560 f i HkeyRec.obj
 0001:000065b0       ?isDIRVKey@HotkeyRecorder@@SIJPAUDAHOTKEY_STRUCT@@@Z 100075b0 f i HkeyRec.obj
 0001:00006600       ?isKeyboardVKey@HotkeyRecorder@@SIJPAUDAHOTKEY_STRUCT@@@Z 10007600 f i HkeyRec.obj
 0001:00006650       ?init@DAHOTKEY_STRUCT@@QAEHXZ 10007650 f i HkeyRec.obj
 0001:00006690       ?isValid@HotkeyRecorder@@QAEJPAUDAHOTKEY_STRUCT@@@Z 10007690 f i HkeyRec.obj
 0001:000066e0       ?isMod@HotkeyRecorder@@QAEJK@Z 100076e0 f i HkeyRec.obj
 0001:00006700       ??8DAHOTKEY_STRUCT@@QAEHAAU0@@Z 10007700 f i HkeyRec.obj
 0001:00006730       ?setModifiers@DAHOTKEY_STRUCT@@QAEXK@Z 10007730 f i HkeyRec.obj
 0001:00006750       ??0?$DAComponentFactory@U?$DAComponent@UHotkeyRecorder@@@@UHKRECDESC@@@@QAE@PBD@Z 10007750 f i HkeyRec.obj
 0001:00006780       ??0?$DAComponentFactoryBase@U?$DAComponent@UHotkeyRecorder@@@@UHKRECDESC@@@@QAE@PBD@Z 10007780 f i HkeyRec.obj
 0001:000067c0       ?_GetEntriesIn@HotkeyRecorder@@SGPBU_DACOM_INTMAP_ENTRY@@XZ 100077c0 f i HkeyRec.obj
 0001:000067d0       ?QueryInterface@?$DAComponentFactoryBase@U?$DAComponent@UHotkeyRecorder@@@@UHKRECDESC@@@@UAG?AW4GENRESULT@@PBDPAPAX@Z 100077d0 f i HkeyRec.obj
 0001:00006820       ?AddRef@?$DAComponentFactoryBase@U?$DAComponent@UHotkeyRecorder@@@@UHKRECDESC@@@@UAGKXZ 10007820 f i HkeyRec.obj
 0001:00006840       ?Release@?$DAComponentFactoryBase@U?$DAComponent@UHotkeyRecorder@@@@UHKRECDESC@@@@UAGKXZ 10007840 f i HkeyRec.obj
 0001:000068a0       ?CreateInstance@?$DAComponentFactory@U?$DAComponent@UHotkeyRecorder@@@@UHKRECDESC@@@@UAG?AW4GENRESULT@@PAUDACOMDESC@@PAPAX@Z 100078a0 f i HkeyRec.obj
 0001:000069c0       ??_G?$DAComponent@UHotkeyRecorder@@@@QAEPAXI@Z 100079c0 f i HkeyRec.obj
 0001:000069f0       ??1?$DAComponent@UHotkeyRecorder@@@@QAE@XZ 100079f0 f i HkeyRec.obj
 0001:00006a10       ??0?$DAComponent@UHotkeyRecorder@@@@QAE@XZ 10007a10 f i HkeyRec.obj
 0001:00006a40       ?QueryInterface@?$DAComponent@UHotkeyRecorder@@@@UAG?AW4GENRESULT@@PBDPAPAX@Z 10007a40 f i HkeyRec.obj
 0001:00006b00       ?AddRef@?$DAComponent@UHotkeyRecorder@@@@UAGKXZ 10007b00 f i HkeyRec.obj
 0001:00006b30       ?Release@?$DAComponent@UHotkeyRecorder@@@@UAGKXZ 10007b30 f i HkeyRec.obj
 0001:00006c14       __heap_init                10007c14 f   COMHeap:COMHeap.obj
 0001:00006c41       __heap_term                10007c41 f   COMHeap:COMHeap.obj
 0001:00006c42       _InitializeDAHeap          10007c42 f   COMHeap:COMHeap.obj
 0001:00006cae       _SetDefaultHeapMsg         10007cae f   COMHeap:COMHeap.obj
 0001:00006cc3       __nh_malloc                10007cc3 f   COMHeap:COMHeap.obj
 0001:00006cd4       ??2@YAPAXI@Z               10007cd4 f   COMHeap:COMHeap.obj
 0001:00006ce5       ??3@YAXPAX@Z               10007ce5 f   COMHeap:COMHeap.obj
 0001:00006cfb       ??_V@YAXPAX@Z              10007cfb f   COMHeap:COMHeap.obj
 0001:00006d11       __malloc_dbg               10007d11 f   COMHeap:COMHeap.obj
 0001:00006d22       _malloc                    10007d22 f   COMHeap:COMHeap.obj
 0001:00006d33       _realloc                   10007d33 f   COMHeap:COMHeap.obj
 0001:00006d44       _calloc                    10007d44 f   COMHeap:COMHeap.obj
 0001:00006d55       _free                      10007d55 f   COMHeap:COMHeap.obj
 0001:00006d6b       __free_dbg                 10007d6b f   COMHeap:COMHeap.obj
 0001:00006d81       _check_heap                10007d81 f   COMHeap:COMHeap.obj
 0001:00006d91       __msize                    10007d91 f   COMHeap:COMHeap.obj
 0001:00006da3       __msize_dbg                10007da3 f   COMHeap:COMHeap.obj
 0001:00006db6       _DACOM_Acquire             10007db6 f   DACOM:DACOM.dll
 0001:00006dbc       _HEAP_Acquire              10007dbc f   DACOM:DACOM.dll
 0001:00006dc2       _joyGetPosEx@8             10007dc2 f   winmm:WINMM.dll
 0001:00006dc8       _GetModuleFileNameA@12     10007dc8 f   kernel32:KERNEL32.dll
 0001:00006dce       _GetKeyboardState@4        10007dce f   user32:USER32.dll
 0001:00006dd4       _GetKeyState@4             10007dd4 f   user32:USER32.dll
 0001:00006dda       _LoadStringA@16            10007dda f   user32:USER32.dll
 0001:00006de0       _SetWindowLongA@12         10007de0 f   user32:USER32.dll
 0001:00006de6       _CallWindowProcA@20        10007de6 f   user32:USER32.dll
 0001:00006dec       _GetKeyNameTextA@12        10007dec f   user32:USER32.dll
 0001:00006df2       _GetWindowLongA@8          10007df2 f   user32:USER32.dll
 0001:00006e00       _strcmp                    10007e00 f   LIBCMTD:strcmp.obj
 0001:00006e90       ?_JumpToContinuation@@YGXPAXPAUEHRegistrationNode@@@Z 10007e90 f   LIBCMTD:_trnsctrl_.obj
 0001:00006ed0       ?_CallMemberFunction0@@YGXPAX0@Z 10007ed0 f   LIBCMTD:_trnsctrl_.obj
 0001:00006ee0       ?_CallMemberFunction1@@YGXPAX00@Z 10007ee0 f   LIBCMTD:_trnsctrl_.obj
 0001:00006ef0       ?_CallMemberFunction2@@YGXPAX00H@Z 10007ef0 f   LIBCMTD:_trnsctrl_.obj
 0001:00006f00       ?_UnwindNestedFrames@@YGXPAUEHRegistrationNode@@PAUEHExceptionRecord@@@Z 10007f00 f   LIBCMTD:_trnsctrl_.obj
 0001:00006f60       ___CxxFrameHandler         10007f60 f   LIBCMTD:_trnsctrl_.obj
 0001:00006fa0       ___CxxFrameHandler3        10007fa0 f   LIBCMTD:_trnsctrl_.obj
 0001:00006fe0       ___CxxFrameHandler2        10007fe0 f   LIBCMTD:_trnsctrl_.obj
 0001:00007020       ___CxxLongjmpUnwind@4      10008020 f   LIBCMTD:_trnsctrl_.obj
 0001:00007050       ?_CallCatchBlock2@@YAPAXPAUEHRegistrationNode@@PBU_s_FuncInfo@@PAXHK@Z 10008050 f   LIBCMTD:_trnsctrl_.obj
 0001:00007110       ?_CallSETranslator@@YAHPAUEHExceptionRecord@@PAUEHRegistrationNode@@PAX2PBU_s_FuncInfo@@H1@Z 10008110 f   LIBCMTD:_trnsctrl_.obj
 0001:000072b0       ?_GetRangeOfTrysToCheck@@YAPBU_s_TryBlockMapEntry@@PBU_s_FuncInfo@@HHPAI1@Z 100082b0 f   LIBCMTD:_trnsctrl_.obj
 0001:00007330       __CreateFrameInfo          10008330 f   LIBCMTD:_trnsctrl_.obj
 0001:00007360       __IsExceptionObjectToBeDestroyed 10008360 f   LIBCMTD:_trnsctrl_.obj
 0001:00007390       __FindAndUnlinkFrame       10008390 f   LIBCMTD:_trnsctrl_.obj
 0001:000073f0       @__security_check_cookie@4 100083f0 f   LIBCMTD:secchk.obj
 0001:00007400       ?name@type_info@@QBEPBDPAU__type_info_node@@@Z 10008400 f   LIBCMTD:typinfo.obj
 0001:00007420       ??1type_info@@UAE@XZ       10008420 f   LIBCMTD:typinfo.obj
 0001:00007450       ??_Gtype_info@@UAEPAXI@Z   10008450 f i LIBCMTD:typinfo.obj
 0001:00007450       ??_Etype_info@@UAEPAXI@Z   10008450 f i LIBCMTD:typinfo.obj
 0001:00007480       ?_name_internal_method@type_info@@QBEPBDPAU__type_info_node@@@Z 10008480 f   LIBCMTD:typinfo.obj
 0001:000074a0       ?_type_info_dtor_internal_method@type_info@@QAEXXZ 100084a0 f   LIBCMTD:typinfo.obj
 0001:000074c0       ??8type_info@@QBE_NABV0@@Z 100084c0 f   LIBCMTD:typinfo.obj
 0001:000074f0       ??9type_info@@QBE_NABV0@@Z 100084f0 f   LIBCMTD:typinfo.obj
 0001:00007520       ?before@type_info@@QBEHABV1@@Z 10008520 f   LIBCMTD:typinfo.obj
 0001:00007550       ?raw_name@type_info@@QBEPBDXZ 10008550 f   LIBCMTD:typinfo.obj
 0001:00007570       ??0type_info@@AAE@ABV0@@Z  10008570 f   LIBCMTD:typinfo.obj
 0001:00007590       ??4type_info@@AAEAAV0@ABV0@@Z 10008590 f   LIBCMTD:typinfo.obj
 0001:000075b0       _memcpy                    100085b0 f   LIBCMTD:memcpy.obj
 0001:00007920       _strlen                    10008920 f   LIBCMTD:strlen.obj
 0001:000079b0       _memset                    100089b0 f   LIBCMTD:memset.obj
 0001:00007a30       __purecall                 10008a30 f   LIBCMTD:purevirt.obj
 0001:00007a70       __set_purecall_handler     10008a70 f   LIBCMTD:purevirt.obj
 0001:00007ab0       __get_purecall_handler     10008ab0 f   LIBCMTD:purevirt.obj
 0001:00007ad0       _memcmp                    10008ad0 f   LIBCMTD:memcmp.obj
 0001:00008540       __CRT_INIT@12              10009540 f   LIBCMTD:dllcrt0.obj
 0001:00008710       __DllMainCRTStartup@12     10009710 f   LIBCMTD:dllcrt0.obj
 0001:00008900       ___InternalCxxFrameHandler 10009900 f   LIBCMTD:frame.obj
 0001:00008f00       ??0bad_exception@std@@QAE@PBD@Z 10009f00 f i LIBCMTD:frame.obj
 0001:00008f30       ??1bad_exception@std@@UAE@XZ 10009f30 f i LIBCMTD:frame.obj
 0001:00008f50       ??_Gbad_exception@std@@UAEPAXI@Z 10009f50 f i LIBCMTD:frame.obj
 0001:00008f50       ??_Ebad_exception@std@@UAEPAXI@Z 10009f50 f i LIBCMTD:frame.obj
 0001:00008f80       ??0bad_exception@std@@QAE@ABV01@@Z 10009f80 f i LIBCMTD:frame.obj
 0001:00009130       ___TypeMatch               1000a130 f   LIBCMTD:frame.obj
 0001:000091e0       ___FrameUnwindFilter       1000a1e0 f   LIBCMTD:frame.obj
 0001:00009260       ___FrameUnwindToState      1000a260 f   LIBCMTD:frame.obj
 0001:000097a0       ___BuildCatchObjectHelper  1000a7a0 f   LIBCMTD:frame.obj
 0001:00009a10       ___BuildCatchObject        1000aa10 f   LIBCMTD:frame.obj
 0001:00009b20       ___DestructExceptionObject 1000ab20 f   LIBCMTD:frame.obj
 0001:00009bd0       ___AdjustPointer           1000abd0 f   LIBCMTD:frame.obj
 0001:00009c20       ?__uncaught_exception@@YA_NXZ 1000ac20 f   LIBCMTD:frame.obj
 0001:00009c40       ___CxxExceptionFilter      1000ac40 f   LIBCMTD:frame.obj
 0001:00009e30       ___CxxRegisterExceptionObject 1000ae30 f   LIBCMTD:frame.obj
 0001:00009f60       ___CxxDetectRethrow        1000af60 f   LIBCMTD:frame.obj
 0001:00009ff0       ___CxxUnregisterExceptionObject 1000aff0 f   LIBCMTD:frame.obj
 0001:0000a170       ___CxxQueryExceptionSize   1000b170 f   LIBCMTD:frame.obj
 0001:0000a180       ___CxxCallUnwindDtor       1000b180 f   LIBCMTD:frame.obj
 0001:0000a200       ___CxxCallUnwindDelDtor    1000b200 f   LIBCMTD:frame.obj
 0001:0000a280       ___CxxCallUnwindStdDelDtor 1000b280 f   LIBCMTD:frame.obj
 0001:0000a300       ___CxxCallUnwindVecDtor    1000b300 f   LIBCMTD:frame.obj
 0001:0000a530       ?_is_exception_typeof@@YAHABVtype_info@@PAU_EXCEPTION_POINTERS@@@Z 1000b530 f   LIBCMTD:frame.obj
 0001:0000a610       __CallSettingFrame@12      1000b610 f   LIBCMTD:lowhelpr.obj
 0001:0000a637       __NLG_Return               1000b637     LIBCMTD:lowhelpr.obj
 0001:0000a660       __encode_pointer           1000b660 f   LIBCMTD:tidtable.obj
 0001:0000a700       __crt_wait_module_handle   1000b700 f i LIBCMTD:tidtable.obj
 0001:0000a730       __encoded_null             1000b730 f   LIBCMTD:tidtable.obj
 0001:0000a750       __decode_pointer           1000b750 f   LIBCMTD:tidtable.obj
 0001:0000a7f0       ___crtTlsAlloc@4           1000b7f0 f   LIBCMTD:tidtable.obj
 0001:0000a800       ___fls_getvalue@4          1000b800 f   LIBCMTD:tidtable.obj
 0001:0000a820       ___get_flsindex            1000b820 f   LIBCMTD:tidtable.obj
 0001:0000a830       ___set_flsgetvalue         1000b830 f   LIBCMTD:tidtable.obj
 0001:0000a880       ___fls_setvalue@8          1000b880 f   LIBCMTD:tidtable.obj
 0001:0000a8b0       __mtinit                   1000b8b0 f   LIBCMTD:tidtable.obj
 0001:0000aac0       __mtterm                   1000bac0 f   LIBCMTD:tidtable.obj
 0001:0000ab20       __initptd                  1000bb20 f   LIBCMTD:tidtable.obj
 0001:0000ac80       __getptd_noexit            1000bc80 f   LIBCMTD:tidtable.obj
 0001:0000ad40       __getptd                   1000bd40 f   LIBCMTD:tidtable.obj
 0001:0000ad70       __freefls@4                1000bd70 f   LIBCMTD:tidtable.obj
 0001:0000af80       __freeptd                  1000bf80 f   LIBCMTD:tidtable.obj
 0001:0000b000       ___threadid                1000c000 f   LIBCMTD:tidtable.obj
 0001:0000b010       ___threadhandle            1000c010 f   LIBCMTD:tidtable.obj
 0001:0000b020       __initp_eh_hooks           1000c020 f   LIBCMTD:hooks.obj
 0001:0000b040       ?terminate@@YAXXZ          1000c040 f   LIBCMTD:hooks.obj
 0001:0000b0c0       ?unexpected@@YAXXZ         1000c0c0 f   LIBCMTD:hooks.obj
 0001:0000b0f0       ?_inconsistency@@YAXXZ     1000c0f0 f   LIBCMTD:hooks.obj
 0001:0000b180       ___report_gsfailure        1000c180 f   LIBCMTD:gs_report.obj
 0001:0000b290       ?_Type_info_dtor@type_info@@CAXPAV1@@Z 1000c290 f   LIBCMTD:typname.obj
 0001:0000b3a0       ?_Name_base@type_info@@CAPBDPBV1@PAU__type_info_node@@@Z 1000c3a0 f   LIBCMTD:typname.obj
 0001:0000b540       __invoke_watson_if_error   1000c540 f i LIBCMTD:typname.obj
 0001:0000b570       ?_Type_info_dtor_internal@type_info@@CAXPAV1@@Z 1000c570 f   LIBCMTD:typname.obj
 0001:0000b680       ___unDNameHelper           1000c680 f   LIBCMTD:typname.obj
 0001:0000b6c0       ?_Name_base_internal@type_info@@CAPBDPBV1@PAU__type_info_node@@@Z 1000c6c0 f   LIBCMTD:typname.obj
 0001:0000b880       ___clean_type_info_names_internal 1000c880 f   LIBCMTD:typname.obj
 0001:0000b940       __VEC_memcpy               1000c940 f   LIBCMTD:p4_memcpy.obj
 0001:0000bac0       __get_sse2_info            1000cac0 f   LIBCMTD:cpu_disp.obj
 0001:0000bbf0       ___sse2_available_init     1000cbf0 f   LIBCMTD:cpu_disp.obj
 0001:0000bc10       __VEC_memzero              1000cc10 f   LIBCMTD:p4_memset.obj
 0001:0000bd00       _abort                     1000cd00 f   LIBCMTD:abort.obj
 0001:0000be40       __set_abort_behavior       1000ce40 f   LIBCMTD:abort.obj
 0001:0000be70       __FF_MSGBANNER             1000ce70 f   LIBCMTD:crt0msg.obj
 0001:0000bec0       __NMSG_WRITE               1000cec0 f   LIBCMTD:crt0msg.obj
 0001:0000c160       __GET_RTERRMSG             1000d160 f   LIBCMTD:crt0msg.obj
 0001:0000c1b0       ___getlocaleinfo           1000d1b0 f   LIBCMTD:inithelp.obj
 0001:0000c450       __initp_misc_purevirt      1000d450 f   LIBCMTD:inithelp.obj
 0001:0000c460       __nh_malloc_dbg            1000d460 f   LIBCMTD:dbgheap.obj
 0001:0000c530       __heap_alloc               1000d530 f   LIBCMTD:dbgheap.obj
 0001:0000c900       __heap_alloc_dbg           1000d900 f   LIBCMTD:dbgheap.obj
 0001:0000c960       __calloc_dbg_impl          1000d960 f   LIBCMTD:dbgheap.obj
 0001:0000ca30       __calloc_dbg               1000da30 f   LIBCMTD:dbgheap.obj
 0001:0000ca90       __recalloc                 1000da90 f   LIBCMTD:dbgheap.obj
 0001:0000cac0       __realloc_dbg              1000dac0 f   LIBCMTD:dbgheap.obj
 0001:0000d160       __recalloc_dbg             1000e160 f   LIBCMTD:dbgheap.obj
 0001:0000d260       __expand                   1000e260 f   LIBCMTD:dbgheap.obj
 0001:0000d290       __expand_dbg               1000e290 f   LIBCMTD:dbgheap.obj
 0001:0000d3a0       __free_nolock              1000e3a0 f   LIBCMTD:dbgheap.obj
 0001:0000d3c0       __free_dbg_nolock          1000e3c0 f   LIBCMTD:dbgheap.obj
 0001:0000d8a0       __CrtSetBreakAlloc         1000e8a0 f   LIBCMTD:dbgheap.obj
 0001:0000d8c0       __CrtSetDbgBlockType       1000e8c0 f   LIBCMTD:dbgheap.obj
 0001:0000d9b0       __CrtSetAllocHook          1000e9b0 f   LIBCMTD:dbgheap.obj
 0001:0000d9d0       __CrtGetAllocHook          1000e9d0 f   LIBCMTD:dbgheap.obj
 0001:0000da30       __CrtCheckMemory           1000ea30 f   LIBCMTD:dbgheap.obj
 0001:0000de90       __CrtSetDbgFlag            1000ee90 f   LIBCMTD:dbgheap.obj
 0001:0000dfe0       __CrtDoForAllClientObjects 1000efe0 f   LIBCMTD:dbgheap.obj
 0001:0000e100       __CrtIsValidPointer        1000f100 f   LIBCMTD:dbgheap.obj
 0001:0000e110       __CrtIsValidHeapPointer    1000f110 f   LIBCMTD:dbgheap.obj
 0001:0000e1b0       __CrtIsMemoryBlock         1000f1b0 f   LIBCMTD:dbgheap.obj
 0001:0000e320       __CrtReportBlockType       1000f320 f   LIBCMTD:dbgheap.obj
 0001:0000e350       __CrtSetDumpClient         1000f350 f   LIBCMTD:dbgheap.obj
 0001:0000e370       __CrtGetDumpClient         1000f370 f   LIBCMTD:dbgheap.obj
 0001:0000e380       __CrtMemCheckpoint         1000f380 f   LIBCMTD:dbgheap.obj
 0001:0000e5a0       __CrtMemDifference         1000f5a0 f   LIBCMTD:dbgheap.obj
 0001:0000e7c0       __CrtMemDumpAllObjectsSince 1000f7c0 f   LIBCMTD:dbgheap.obj
 0001:0000e800       ??0_LocaleUpdate@@QAE@PAUlocaleinfo_struct@@@Z 1000f800 f i LIBCMTD:dbgheap.obj
 0001:0000e8e0       ??1_LocaleUpdate@@QAE@XZ   1000f8e0 f i LIBCMTD:dbgheap.obj
 0001:0000e910       ?GetLocaleT@_LocaleUpdate@@QAEPAUlocaleinfo_struct@@XZ 1000f910 f i LIBCMTD:dbgheap.obj
 0001:0000edd0       __invoke_watson_if_oneof   1000fdd0 f i LIBCMTD:dbgheap.obj
 0001:0000ee20       __CrtDumpMemoryLeaks       1000fe20 f   LIBCMTD:dbgheap.obj
 0001:0000ee90       __CrtMemDumpStatistics     1000fe90 f   LIBCMTD:dbgheap.obj
 0001:0000efa0       __aligned_malloc           1000ffa0 f   LIBCMTD:dbgheap.obj
 0001:0000efc0       __aligned_malloc_dbg       1000ffc0 f   LIBCMTD:dbgheap.obj
 0001:0000eff0       __aligned_realloc          1000fff0 f   LIBCMTD:dbgheap.obj
 0001:0000f020       __aligned_recalloc         10010020 f   LIBCMTD:dbgheap.obj
 0001:0000f050       __aligned_realloc_dbg      10010050 f   LIBCMTD:dbgheap.obj
 0001:0000f080       __aligned_recalloc_dbg     10010080 f   LIBCMTD:dbgheap.obj
 0001:0000f0b0       __aligned_offset_malloc    100100b0 f   LIBCMTD:dbgheap.obj
 0001:0000f0d0       __aligned_offset_malloc_dbg 100100d0 f   LIBCMTD:dbgheap.obj
 0001:0000f270       __aligned_offset_realloc   10010270 f   LIBCMTD:dbgheap.obj
 0001:0000f2a0       __aligned_offset_recalloc  100102a0 f   LIBCMTD:dbgheap.obj
 0001:0000f2d0       __aligned_offset_realloc_dbg 100102d0 f   LIBCMTD:dbgheap.obj
 0001:0000f5a0       __aligned_offset_recalloc_dbg 100105a0 f   LIBCMTD:dbgheap.obj
 0001:0000f6b0       __aligned_free             100106b0 f   LIBCMTD:dbgheap.obj
 0001:0000f6d0       __aligned_free_dbg         100106d0 f   LIBCMTD:dbgheap.obj
 0001:0000f780       __CrtSetDebugFillThreshold 10010780 f   LIBCMTD:dbgheap.obj
 0001:0000f7a0       __CrtSetCheckCount         100107a0 f   LIBCMTD:dbgheap.obj
 0001:0000f7c0       __CrtGetCheckCount         100107c0 f   LIBCMTD:dbgheap.obj
 0001:0000f7d0       __aligned_msize            100107d0 f   LIBCMTD:dbgheap.obj
 0001:0000f7f0       __aligned_msize_dbg        100107f0 f   LIBCMTD:dbgheap.obj
 0001:0000f900       __crt_waiting_on_module_handle 10010900 f   LIBCMTD:crt0dat.obj
 0001:0000f960       __cinit                    10010960 f   LIBCMTD:crt0dat.obj
 0001:0000fa00       _exit                      10010a00 f   LIBCMTD:crt0dat.obj
 0001:0000fa20       __exit                     10010a20 f   LIBCMTD:crt0dat.obj
 0001:0000fa40       __cexit                    10010a40 f   LIBCMTD:crt0dat.obj
 0001:0000fa60       __c_exit                   10010a60 f   LIBCMTD:crt0dat.obj
 0001:0000fa80       __amsg_exit                10010a80 f   LIBCMTD:crt0dat.obj
 0001:0000fac0       ___freeCrtMemory           10010ac0 f   LIBCMTD:crt0dat.obj
 0001:0000fe10       ___crtCorExitProcess       10010e10 f   LIBCMTD:crt0dat.obj
 0001:0000fe50       ___crtExitProcess          10010e50 f   LIBCMTD:crt0dat.obj
 0001:0000fe70       __lockexit                 10010e70 f   LIBCMTD:crt0dat.obj
 0001:0000fe90       __unlockexit               10010e90 f   LIBCMTD:crt0dat.obj
 0001:0000feb0       __init_pointers            10010eb0 f   LIBCMTD:crt0dat.obj
 0001:0000ff70       __initterm_e               10010f70 f   LIBCMTD:crt0dat.obj
 0001:0000ffb0       __get_wpgmptr              10010fb0 f   LIBCMTD:crt0dat.obj
 0001:000100a0       __get_pgmptr               100110a0 f   LIBCMTD:crt0dat.obj
 0001:00010190       __ioinit                   10011190 f   LIBCMTD:ioinit.obj
 0001:00010630       __ioterm                   10011630 f   LIBCMTD:ioinit.obj
 0001:000106d0       __setenvp                  100116d0 f   LIBCMTD:stdenvp.obj
 0001:00010870       __setargv                  10011870 f   LIBCMTD:stdargv.obj
 0001:00010990       __set_pgmptr               10011990 f i LIBCMTD:stdargv.obj
 0001:00010d00       ___crtGetEnvironmentStringsA 10011d00 f   LIBCMTD:a_env.obj
 0001:00010f20       __RTC_Initialize           10011f20 f   LIBCMTD:_initsect_.obj
 0001:00010f50       __RTC_Terminate            10011f50 f   LIBCMTD:_initsect_.obj
 0001:00010f80       ___security_init_cookie    10011f80 f   LIBCMTD:gs_support.obj
 0001:00011060       __initp_misc_winxfltr      10012060 f   LIBCMTD:winxfltr.obj
 0001:00011070       ___CppXcptFilter           10012070 f   LIBCMTD:winxfltr.obj
 0001:000110a0       __XcptFilter               100120a0 f   LIBCMTD:winxfltr.obj
 0001:000112d0       __except_handler4          100122d0 f   LIBCMTD:chandler4.obj
 0001:000114f0       ?_ValidateRead@@YAHPBXI@Z  100124f0 f   LIBCMTD:validate.obj
 0001:00011520       ?_ValidateWrite@@YAHPAXI@Z 10012520 f   LIBCMTD:validate.obj
 0001:00011550       ?_ValidateExecute@@YAHP6GHXZ@Z 10012550 f   LIBCMTD:validate.obj
 0001:00011580       __CxxThrowException@8      10012580 f   LIBCMTD:throw.obj
 0001:000115e0       ??0exception@std@@QAE@XZ   100125e0 f   LIBCMTD:stdexcpt.obj
 0001:00011610       ??_Gexception@std@@UAEPAXI@Z 10012610 f i LIBCMTD:stdexcpt.obj
 0001:00011610       ??_Eexception@std@@UAEPAXI@Z 10012610 f i LIBCMTD:stdexcpt.obj
 0001:00011640       ??0exception@std@@QAE@ABQBD@Z 10012640 f   LIBCMTD:stdexcpt.obj
 0001:000116d0       ??0exception@std@@QAE@ABQBDH@Z 100126d0 f   LIBCMTD:stdexcpt.obj
 0001:00011700       ??0exception@std@@QAE@ABV01@@Z 10012700 f   LIBCMTD:stdexcpt.obj
 0001:000117a0       ??4exception@std@@QAEAAV01@ABV01@@Z 100127a0 f   LIBCMTD:stdexcpt.obj
 0001:00011850       ??1exception@std@@UAE@XZ   10012850 f   LIBCMTD:stdexcpt.obj
 0001:00011880       ?what@exception@std@@UBEPBDXZ 10012880 f   LIBCMTD:stdexcpt.obj
 0001:000118b0       ??0bad_cast@std@@QAE@PBD@Z 100128b0 f   LIBCMTD:stdexcpt.obj
 0001:000118e0       ??_Gbad_cast@std@@UAEPAXI@Z 100128e0 f i LIBCMTD:stdexcpt.obj
 0001:000118e0       ??_Ebad_cast@std@@UAEPAXI@Z 100128e0 f i LIBCMTD:stdexcpt.obj
 0001:00011910       ??0bad_cast@std@@QAE@ABV01@@Z 10012910 f   LIBCMTD:stdexcpt.obj
 0001:00011940       ??1bad_cast@std@@UAE@XZ    10012940 f   LIBCMTD:stdexcpt.obj
 0001:00011960       ??0bad_typeid@std@@QAE@PBD@Z 10012960 f   LIBCMTD:stdexcpt.obj
 0001:00011990       ??_Ebad_typeid@std@@UAEPAXI@Z 10012990 f i LIBCMTD:stdexcpt.obj
 0001:00011990       ??_Gbad_typeid@std@@UAEPAXI@Z 10012990 f i LIBCMTD:stdexcpt.obj
 0001:000119c0       ??0bad_typeid@std@@QAE@ABV01@@Z 100129c0 f   LIBCMTD:stdexcpt.obj
 0001:000119f0       ??1bad_typeid@std@@UAE@XZ  100129f0 f   LIBCMTD:stdexcpt.obj
 0001:00011a10       ??0__non_rtti_object@std@@QAE@PBD@Z 10012a10 f   LIBCMTD:stdexcpt.obj
 0001:00011a40       ??_G__non_rtti_object@std@@UAEPAXI@Z 10012a40 f i LIBCMTD:stdexcpt.obj
 0001:00011a40       ??_E__non_rtti_object@std@@UAEPAXI@Z 10012a40 f i LIBCMTD:stdexcpt.obj
 0001:00011a70       ??0__non_rtti_object@std@@QAE@ABV01@@Z 10012a70 f   LIBCMTD:stdexcpt.obj
 0001:00011aa0       ??1__non_rtti_object@std@@UAE@XZ 10012aa0 f   LIBCMTD:stdexcpt.obj
 0001:00011ac0       _memmove                   10012ac0 f   LIBCMTD:memmove.obj
 0001:00011e28       __global_unwind2           10012e28 f   LIBCMTD:exsup.obj
 0001:00011e8d       __local_unwind2            10012e8d f   LIBCMTD:exsup.obj
 0001:00011f11       __abnormal_termination     10012f11 f   LIBCMTD:exsup.obj
 0001:00011f34       __NLG_Notify1              10012f34 f   LIBCMTD:exsup.obj
 0001:00011f3d       __NLG_Notify               10012f3d f   LIBCMTD:exsup.obj
 0001:00011f54       __NLG_Dispatch2            10012f54     LIBCMTD:exsup.obj
 0001:00011f54       __NLG_Dispatch             10012f54     LIBCMTD:exsup.obj
 0001:00011f5c       __NLG_Call                 10012f5c f   LIBCMTD:exsup.obj
 0001:00011f5e       __NLG_Return2              10012f5e     LIBCMTD:exsup.obj
 0001:00011f60       __mtinitlocks              10012f60 f   LIBCMTD:mlock.obj
 0001:00011ff0       __mtdeletelocks            10012ff0 f   LIBCMTD:mlock.obj
 0001:000120b0       __mtinitlocknum            100130b0 f   LIBCMTD:mlock.obj
 0001:00012200       __lock                     10013200 f   LIBCMTD:mlock.obj
 0001:00012240       __unlock                   10013240 f   LIBCMTD:mlock.obj
 0001:00012260       __lockerr_exit             10013260 f   LIBCMTD:mlock.obj
 0001:00012280       ____setlc_active_func      10013280 f   LIBCMTD:setlocal.obj
 0001:00012290       ____unguarded_readlc_active_add_func 10013290 f   LIBCMTD:setlocal.obj
 0001:000122a0       ___freetlocinfo            100132a0 f   LIBCMTD:setlocal.obj
 0001:00012580       ___addlocaleref            10013580 f   LIBCMTD:setlocal.obj
 0001:000126a0       ___removelocaleref         100136a0 f   LIBCMTD:setlocal.obj
 0001:000127d0       ___updatetlocinfo          100137d0 f   LIBCMTD:setlocal.obj
 0001:00012920       __configthreadlocale       10013920 f   LIBCMTD:setlocal.obj
 0001:00012a30       __locterm                  10013a30 f   LIBCMTD:setlocal.obj
 0001:00012ad0       __free_locale              10013ad0 f   LIBCMTD:setlocal.obj
 0001:00012c10       ___free_locale             10013c10 f   LIBCMTD:setlocal.obj
 0001:00012c30       __create_locale            10013c30 f   LIBCMTD:setlocal.obj
 0001:00012e60       ___create_locale           10013e60 f   LIBCMTD:setlocal.obj
 0001:00012e80       __get_current_locale       10013e80 f   LIBCMTD:setlocal.obj
 0001:00012fa0       ___get_current_locale      10013fa0 f   LIBCMTD:setlocal.obj
 0001:00012fb0       _setlocale                 10013fb0 f   LIBCMTD:setlocal.obj
 0001:00013ec0       __expandlocale             10014ec0 f   LIBCMTD:setlocal.obj
 0001:00014170       ___init_dummy              10015170 f   LIBCMTD:setlocal.obj
 0001:00014180       __strcats                  10015180 f   LIBCMTD:setlocal.obj
 0001:00014200       ___lc_strtolc              10015200 f   LIBCMTD:setlocal.obj
 0001:00014400       ___lc_lctostr              10015400 f   LIBCMTD:setlocal.obj
 0001:000144a0       ___updatetmbcinfo          100154a0 f   LIBCMTD:mbctype.obj
 0001:000145b0       __setmbcp                  100155b0 f   LIBCMTD:mbctype.obj
 0001:00014960       __setmbcp_nolock           10015960 f   LIBCMTD:mbctype.obj
 0001:00015150       __getmbcp                  10016150 f   LIBCMTD:mbctype.obj
 0001:000151c0       ___initmbctable            100161c0 f   LIBCMTD:mbctype.obj
 0001:000151f0       __CrtDefaultAllocHook      100161f0 f   LIBCMTD:dbghook.obj
 0001:00015200       __crt_debugger_hook        10016200 f   LIBCMTD:dbghook.obj
 0001:00015220       __CrtSetReportHookW2       10016220 f   LIBCMTD:dbgrptw.obj
 0001:00015540       __CrtDbgReportW            10016540 f   LIBCMTD:dbgrptw.obj
 0001:00015580       __CrtDbgReportWV           10016580 f i LIBCMTD:dbgrptw.obj
 0001:000155b0       ___crtMessageWindowW       100165b0 f   LIBCMTD:dbgrptw.obj
 0001:000159b0       ?_CrtDbgReportW@@YAHHPBGH00ZZ 100169b0 f   LIBCMTD:dbgrptw.obj
 0001:000159f0       _strcpy_s                  100169f0 f   LIBCMTD:strcpy_s.obj
 0001:00015cd0       ___unDName                 10016cd0 f   LIBCMTD:undname.obj
 0001:00015db0       ?Constructor@HeapManager@@QAEXP6APAXI@ZP6AXPAX@Z@Z 10016db0 f i LIBCMTD:undname.obj
 0001:00015df0       ?Destructor@HeapManager@@QAEXXZ 10016df0 f i LIBCMTD:undname.obj
 0001:00015e40       ___unDNameEx               10016e40 f   LIBCMTD:undname.obj
 0001:00015f20       ??0UnDecorator@@QAE@PADPBDHP6APADJ@ZK@Z 10016f20 f i LIBCMTD:undname.obj
 0001:00015fc0       ??BUnDecorator@@QAEPADXZ   10016fc0 f i LIBCMTD:undname.obj
 0001:000161f0       ?dbGetString@DName@@QBEPADXZ 100171f0 f   LIBCMTD:undname.obj
 0001:00016220       ?getDecoratedName@UnDecorator@@CA?AVDName@@XZ 10017220 f   LIBCMTD:undname.obj
 0001:00016530       ?getSymbolName@UnDecorator@@CA?AVDName@@XZ 10017530 f i LIBCMTD:undname.obj
 0001:000165b0       ?getZName@UnDecorator@@CA?AVDName@@_N0@Z 100175b0 f   LIBCMTD:undname.obj
 0001:00016850       ?getOperatorName@UnDecorator@@CA?AVDName@@_NPA_N@Z 10017850 f i LIBCMTD:undname.obj
 0001:000171c0       ?getStringEncoding@UnDecorator@@CA?AVDName@@PADH@Z 100181c0 f   LIBCMTD:undname.obj
 0001:000172c0       ?getScope@UnDecorator@@CA?AVDName@@XZ 100182c0 f   LIBCMTD:undname.obj
 0001:000176a0       ?getSignedDimension@UnDecorator@@CA?AVDName@@XZ 100186a0 f   LIBCMTD:undname.obj
 0001:00017720       ?getDimension@UnDecorator@@CA?AVDName@@_N@Z 10018720 f   LIBCMTD:undname.obj
 0001:000179d0       ?getNumberOfDimensions@UnDecorator@@CAHXZ 100189d0 f   LIBCMTD:undname.obj
 0001:00017ad0       ?getTemplateName@UnDecorator@@CA?AVDName@@_N@Z 10018ad0 f   LIBCMTD:undname.obj
 0001:00017c90       ?getTemplateArgumentList@UnDecorator@@CA?AVDName@@XZ 10018c90 f   LIBCMTD:undname.obj
 0001:00017f10       ?getTemplateConstant@UnDecorator@@CA?AVDName@@XZ 10018f10 f   LIBCMTD:undname.obj
 0001:000183a0       ?composeDeclaration@UnDecorator@@CA?AVDName@@ABV2@@Z 100193a0 f i LIBCMTD:undname.obj
 0001:000199a0       ?getTypeEncoding@UnDecorator@@CAHXZ 1001a9a0 f i LIBCMTD:undname.obj
 0001:0001a3e0       ?getBasedType@UnDecorator@@CA?AVDName@@XZ 1001b3e0 f   LIBCMTD:undname.obj
 0001:0001a4a0       ?getScopedName@UnDecorator@@CA?AVDName@@XZ 1001b4a0 f   LIBCMTD:undname.obj
 0001:0001a5c0       ?getCallingConvention@UnDecorator@@CA?AVDName@@XZ 1001b5c0 f   LIBCMTD:undname.obj
 0001:0001a720       ?getReturnType@UnDecorator@@CA?AVDName@@PAV2@@Z 1001b720 f   LIBCMTD:undname.obj
 0001:0001a770       ?getDataType@UnDecorator@@CA?AVDName@@PAV2@@Z 1001b770 f   LIBCMTD:undname.obj
 0001:0001a880       ?getPrimaryDataType@UnDecorator@@CA?AVDName@@ABV2@@Z 1001b880 f   LIBCMTD:undname.obj
 0001:0001ab30       ?getArgumentTypes@UnDecorator@@CA?AVDName@@XZ 1001bb30 f   LIBCMTD:undname.obj
 0001:0001ac90       ?getArgumentList@UnDecorator@@CA?AVDName@@XZ 1001bc90 f   LIBCMTD:undname.obj
 0001:0001ade0       ?getThrowTypes@UnDecorator@@CA?AVDName@@XZ 1001bde0 f   LIBCMTD:undname.obj
 0001:0001ae90       ?getBasicDataType@UnDecorator@@CA?AVDName@@ABV2@@Z 1001be90 f   LIBCMTD:undname.obj
 0001:0001b440       ?getECSUDataType@UnDecorator@@CA?AVDName@@XZ 1001c440 f   LIBCMTD:undname.obj
 0001:0001b610       ?getECSUName@UnDecorator@@CA?AVDName@@XZ 1001c610 f i LIBCMTD:undname.obj
 0001:0001b630       ?getEnumType@UnDecorator@@CA?AVDName@@XZ 1001c630 f i LIBCMTD:undname.obj
 0001:0001b780       ?getFunctionIndirectType@UnDecorator@@CA?AVDName@@ABV2@@Z 1001c780 f   LIBCMTD:undname.obj
 0001:0001bbc0       ?getPtrRefType@UnDecorator@@CA?AVDName@@ABV2@0D@Z 1001cbc0 f   LIBCMTD:undname.obj
 0001:0001bd20       ?getExtendedDataIndirectType@UnDecorator@@CA?AVDName@@AADAA_NH@Z 1001cd20 f   LIBCMTD:undname.obj
 0001:0001bf30       ?getDataIndirectType@UnDecorator@@CA?AVDName@@ABV2@D0H@Z 1001cf30 f   LIBCMTD:undname.obj
 0001:0001c630       ?getPtrRefDataType@UnDecorator@@CA?AVDName@@ABV2@H@Z 1001d630 f i LIBCMTD:undname.obj
 0001:0001c770       ?getArrayType@UnDecorator@@CA?AVDName@@ABV2@@Z 1001d770 f i LIBCMTD:undname.obj
 0001:0001c9a0       ?getLexicalFrame@UnDecorator@@CA?AVDName@@XZ 1001d9a0 f i LIBCMTD:undname.obj
 0001:0001c9e0       ?getThisType@UnDecorator@@CA?AVDName@@XZ 1001d9e0 f i LIBCMTD:undname.obj
 0001:0001ca20       ?getPointerType@UnDecorator@@CA?AVDName@@ABV2@0@Z 1001da20 f i LIBCMTD:undname.obj
 0001:0001ca40       ?getPointerTypeArray@UnDecorator@@CA?AVDName@@ABV2@0@Z 1001da40 f i LIBCMTD:undname.obj
 0001:0001ca60       ?getReferenceType@UnDecorator@@CA?AVDName@@ABV2@0@Z 1001da60 f i LIBCMTD:undname.obj
 0001:0001ca80       ?getDisplacement@UnDecorator@@CA?AVDName@@XZ 1001da80 f i LIBCMTD:undname.obj
 0001:0001caa0       ?getCallIndex@UnDecorator@@CA?AVDName@@XZ 1001daa0 f i LIBCMTD:undname.obj
 0001:0001cac0       ?getGuardNumber@UnDecorator@@CA?AVDName@@XZ 1001dac0 f i LIBCMTD:undname.obj
 0001:0001cae0       ?getVbTableType@UnDecorator@@CA?AVDName@@ABV2@@Z 1001dae0 f i LIBCMTD:undname.obj
 0001:0001cb00       ?getVCallThunkType@UnDecorator@@CA?AVDName@@XZ 1001db00 f i LIBCMTD:undname.obj
 0001:0001cb60       ?getVfTableType@UnDecorator@@CA?AVDName@@ABV2@@Z 1001db60 f i LIBCMTD:undname.obj
 0001:0001cd20       ?getStorageConvention@UnDecorator@@CA?AVDName@@XZ 1001dd20 f i LIBCMTD:undname.obj
 0001:0001cd40       ?getDataIndirectType@UnDecorator@@CA?AVDName@@XZ 1001dd40 f i LIBCMTD:undname.obj
 0001:0001cd80       ?getVdispMapType@UnDecorator@@CA?AVDName@@ABV2@@Z 1001dd80 f i LIBCMTD:undname.obj
 0001:0001cdf0       ?getExternalDataType@UnDecorator@@CA?AVDName@@ABV2@@Z 1001ddf0 f i LIBCMTD:undname.obj
 0001:0001ce80       ?doMSKeywords@UnDecorator@@SAHXZ 1001de80 f i LIBCMTD:undname.obj
 0001:0001cea0       ?doPtr64@UnDecorator@@SAHXZ 1001dea0 f i LIBCMTD:undname.obj
 0001:0001cec0       ?doFunctionReturns@UnDecorator@@SAHXZ 1001dec0 f i LIBCMTD:undname.obj
 0001:0001cee0       ?doAllocationModel@UnDecorator@@SAHXZ 1001dee0 f i LIBCMTD:undname.obj
 0001:0001cf00       ?doAllocationLanguage@UnDecorator@@SAHXZ 1001df00 f i LIBCMTD:undname.obj
 0001:0001cf20       ?doThisTypes@UnDecorator@@SAHXZ 1001df20 f i LIBCMTD:undname.obj
 0001:0001cf40       ?doAccessSpecifiers@UnDecorator@@SAHXZ 1001df40 f i LIBCMTD:undname.obj
 0001:0001cf60       ?doThrowTypes@UnDecorator@@SAHXZ 1001df60 f i LIBCMTD:undname.obj
 0001:0001cf80       ?doMemberTypes@UnDecorator@@SAHXZ 1001df80 f i LIBCMTD:undname.obj
 0001:0001cfa0       ?doNameOnly@UnDecorator@@SAHXZ 1001dfa0 f i LIBCMTD:undname.obj
 0001:0001cfc0       ?doTypeOnly@UnDecorator@@SAHXZ 1001dfc0 f i LIBCMTD:undname.obj
 0001:0001cfe0       ?haveTemplateParameters@UnDecorator@@SAHXZ 1001dfe0 f i LIBCMTD:undname.obj
 0001:0001d000       ?doEcsu@UnDecorator@@SAHXZ 1001e000 f i LIBCMTD:undname.obj
 0001:0001d020       ?doEllipsis@UnDecorator@@SAHXZ 1001e020 f i LIBCMTD:undname.obj
 0001:0001d040       ?UScore@UnDecorator@@SAPBDW4Tokens@@@Z 1001e040 f   LIBCMTD:undname.obj
 0001:0001d070       ?doUnderScore@UnDecorator@@SAHXZ 1001e070 f i LIBCMTD:undname.obj
 0001:0001d090       ??2@YAPAXIAAVHeapManager@@H@Z 1001e090 f i LIBCMTD:undname.obj
 0001:0001d0b0       ?getMemory@HeapManager@@QAEPAXIH@Z 1001e0b0 f   LIBCMTD:undname.obj
 0001:0001d1c0       ??0Block@HeapManager@@QAE@XZ 1001e1c0 f i LIBCMTD:undname.obj
 0001:0001d1e0       ??H@YA?AVDName@@DABV0@@Z   1001e1e0 f i LIBCMTD:undname.obj
 0001:0001d210       ??H@YA?AVDName@@W4DNameStatus@@ABV0@@Z 1001e210 f i LIBCMTD:undname.obj
 0001:0001d240       ??H@YA?AVDName@@PBDABV0@@Z 1001e240 f i LIBCMTD:undname.obj
 0001:0001d270       ??0DName@@QAE@XZ           1001e270 f i LIBCMTD:undname.obj
 0001:0001d330       ??0DName@@QAE@D@Z          1001e330 f   LIBCMTD:undname.obj
 0001:0001d410       ??0DName@@QAE@ABV0@@Z      1001e410 f i LIBCMTD:undname.obj
 0001:0001d440       ??0DName@@QAE@PAV0@@Z      1001e440 f   LIBCMTD:undname.obj
 0001:0001d570       ??0DName@@QAE@PBD@Z        1001e570 f   LIBCMTD:undname.obj
 0001:0001d650       ??0DName@@QAE@AAPBDD@Z     1001e650 f   LIBCMTD:undname.obj
 0001:0001d910       ?doNoIdentCharCheck@UnDecorator@@SAHXZ 1001e910 f i LIBCMTD:undname.obj
 0001:0001d930       ??0DName@@QAE@_K@Z         1001e930 f   LIBCMTD:undname.obj
 0001:0001da70       ??0DName@@QAE@_J@Z         1001ea70 f   LIBCMTD:undname.obj
 0001:0001dbf0       ??0DName@@QAE@W4DNameStatus@@@Z 1001ebf0 f   LIBCMTD:undname.obj
 0001:0001dd10       ?isValid@DName@@QBEHXZ     1001ed10 f i LIBCMTD:undname.obj
 0001:0001dd40       ?isEmpty@DName@@QBEHXZ     1001ed40 f i LIBCMTD:undname.obj
 0001:0001dd60       ?status@DName@@QBE?AW4DNameStatus@@XZ 1001ed60 f i LIBCMTD:undname.obj
 0001:0001dd80       ?setPtrRef@DName@@QAEAAV1@XZ 1001ed80 f i LIBCMTD:undname.obj
 0001:0001ddb0       ?isPtrRef@DName@@QBEHXZ    1001edb0 f i LIBCMTD:undname.obj
 0001:0001ddd0       ?isUDC@DName@@QBEHXZ       1001edd0 f i LIBCMTD:undname.obj
 0001:0001de10       ?setIsUDC@DName@@QAEXXZ    1001ee10 f i LIBCMTD:undname.obj
 0001:0001de40       ?isUDTThunk@DName@@QBEHXZ  1001ee40 f i LIBCMTD:undname.obj
 0001:0001de80       ?setIsArray@DName@@QAEXXZ  1001ee80 f i LIBCMTD:undname.obj
 0001:0001dea0       ?isArray@DName@@QBEHXZ     1001eea0 f i LIBCMTD:undname.obj
 0001:0001dec0       ?isNoTE@DName@@QBEHXZ      1001eec0 f i LIBCMTD:undname.obj
 0001:0001dee0       ?setIsNoTE@DName@@QAEXXZ   1001eee0 f i LIBCMTD:undname.obj
 0001:0001df00       ?isPinPtr@DName@@QBEHXZ    1001ef00 f i LIBCMTD:undname.obj
 0001:0001df20       ?setIsPinPtr@DName@@QAEXXZ 1001ef20 f i LIBCMTD:undname.obj
 0001:0001df40       ?isComArray@DName@@QBEHXZ  1001ef40 f i LIBCMTD:undname.obj
 0001:0001df60       ?setIsComArray@DName@@QAEXXZ 1001ef60 f i LIBCMTD:undname.obj
 0001:0001df80       ?isVCallThunk@DName@@QBEHXZ 1001ef80 f i LIBCMTD:undname.obj
 0001:0001dfa0       ?setIsVCallThunk@DName@@QAEXXZ 1001efa0 f i LIBCMTD:undname.obj
 0001:0001dfc0       ?length@DName@@QBEHXZ      1001efc0 f i LIBCMTD:undname.obj
 0001:0001dff0       ?getLastChar@DName@@QBEDXZ 1001eff0 f i LIBCMTD:undname.obj
 0001:0001e020       ?getString@DName@@QBEPADPADH@Z 1001f020 f i LIBCMTD:undname.obj
 0001:0001e0b0       ?getString@DName@@QBEPADPAD0@Z 1001f0b0 f i LIBCMTD:undname.obj
 0001:0001e0f0       ??HDName@@QBE?AV0@D@Z      1001f0f0 f   LIBCMTD:undname.obj
 0001:0001e130       ??HDName@@QBE?AV0@PBD@Z    1001f130 f   LIBCMTD:undname.obj
 0001:0001e170       ??HDName@@QBE?AV0@ABV0@@Z  1001f170 f   LIBCMTD:undname.obj
 0001:0001e1b0       ??HDName@@QBE?AV0@PAV0@@Z  1001f1b0 f   LIBCMTD:undname.obj
 0001:0001e1f0       ??HDName@@QBE?AV0@W4DNameStatus@@@Z 1001f1f0 f   LIBCMTD:undname.obj
 0001:0001e230       ?append@DName@@AAEXPAVDNameNode@@@Z 1001f230 f   LIBCMTD:undname.obj
 0001:0001e2c0       ??YDName@@QAEAAV0@D@Z      1001f2c0 f   LIBCMTD:undname.obj
 0001:0001e350       ??YDName@@QAEAAV0@PBD@Z    1001f350 f   LIBCMTD:undname.obj
 0001:0001e3f0       ??YDName@@QAEAAV0@ABV0@@Z  1001f3f0 f   LIBCMTD:undname.obj
 0001:0001e460       ??YDName@@QAEAAV0@PAV0@@Z  1001f460 f   LIBCMTD:undname.obj
 0001:0001e520       ??YDName@@QAEAAV0@W4DNameStatus@@@Z 1001f520 f   LIBCMTD:undname.obj
 0001:0001e590       ??_5DName@@QAEAAV0@ABV0@@Z 1001f590 f   LIBCMTD:undname.obj
 0001:0001e5f0       ??4DName@@QAEAAV0@D@Z      1001f5f0 f i LIBCMTD:undname.obj
 0001:0001e6d0       ??4DName@@QAEAAV0@PBD@Z    1001f6d0 f   LIBCMTD:undname.obj
 0001:0001e7b0       ??4DName@@QAEAAV0@ABV0@@Z  1001f7b0 f   LIBCMTD:undname.obj
 0001:0001e7e0       ??4DName@@QAEAAV0@PAV0@@Z  1001f7e0 f   LIBCMTD:undname.obj
 0001:0001e920       ??4DName@@QAEAAV0@W4DNameStatus@@@Z 1001f920 f   LIBCMTD:undname.obj
 0001:0001ea20       ?doPchar@DName@@AAEXPBDH@Z 1001fa20 f   LIBCMTD:undname.obj
 0001:0001eb60       ?isFull@Replicator@@QBEHXZ 1001fb60 f i LIBCMTD:undname.obj
 0001:0001eb80       ??0Replicator@@QAE@XZ      1001fb80 f i LIBCMTD:undname.obj
 0001:0001eba0       ??YReplicator@@QAEAAV0@ABVDName@@@Z 1001fba0 f   LIBCMTD:undname.obj
 0001:0001ec30       ??AReplicator@@QBE?AVDName@@H@Z 1001fc30 f   LIBCMTD:undname.obj
 0001:0001eca0       ??0DNameNode@@IAE@XZ       1001fca0 f   LIBCMTD:undname.obj
 0001:0001ecc0       ??0charNode@@QAE@D@Z       1001fcc0 f   LIBCMTD:undname.obj
 0001:0001ecf0       ?length@charNode@@UBEHXZ   1001fcf0 f i LIBCMTD:undname.obj
 0001:0001ed10       ?getLastChar@charNode@@UBEDXZ 1001fd10 f i LIBCMTD:undname.obj
 0001:0001ed30       ?getString@charNode@@UBEPADPAD0@Z 1001fd30 f i LIBCMTD:undname.obj
 0001:0001ed60       ??0pcharNode@@QAE@PBDH@Z   1001fd60 f   LIBCMTD:undname.obj
 0001:0001edf0       ?length@pcharNode@@UBEHXZ  1001fdf0 f i LIBCMTD:undname.obj
 0001:0001ee10       ?getLastChar@pcharNode@@UBEDXZ 1001fe10 f i LIBCMTD:undname.obj
 0001:0001ee50       ?getString@pcharNode@@UBEPADPAD0@Z 1001fe50 f i LIBCMTD:undname.obj
 0001:0001ee80       ?getStringHelper@@YAPADPAD00H@Z 1001fe80 f i LIBCMTD:undname.obj
 0001:0001eec0       ??0pDNameNode@@QAE@PAVDName@@@Z 1001fec0 f   LIBCMTD:undname.obj
 0001:0001ef20       ?length@pDNameNode@@UBEHXZ 1001ff20 f i LIBCMTD:undname.obj
 0001:0001ef60       ?getLastChar@pDNameNode@@UBEDXZ 1001ff60 f i LIBCMTD:undname.obj
 0001:0001ef90       ?getString@pDNameNode@@UBEPADPAD0@Z 1001ff90 f i LIBCMTD:undname.obj
 0001:0001efd0       ??0DNameStatusNode@@AAE@W4DNameStatus@@@Z 1001ffd0 f   LIBCMTD:undname.obj
 0001:0001f020       ?length@DNameStatusNode@@UBEHXZ 10020020 f i LIBCMTD:undname.obj
 0001:0001f040       ?getLastChar@DNameStatusNode@@UBEDXZ 10020040 f i LIBCMTD:undname.obj
 0001:0001f060       ?getString@DNameStatusNode@@UBEPADPAD0@Z 10020060 f i LIBCMTD:undname.obj
 0001:0001f0a0       ?make@DNameStatusNode@@SAPAV1@W4DNameStatus@@@Z 100200a0 f i LIBCMTD:undname.obj
 0001:0001f150       ??0pairNode@@QAE@PAVDNameNode@@0@Z 10020150 f   LIBCMTD:undname.obj
 0001:0001f190       ?length@pairNode@@UBEHXZ   10020190 f i LIBCMTD:undname.obj
 0001:0001f1e0       ?getLastChar@pairNode@@UBEDXZ 100201e0 f i LIBCMTD:undname.obj
 0001:0001f230       ?getString@pairNode@@UBEPADPAD0@Z 10020230 f i LIBCMTD:undname.obj
 0001:0001f370       _V6_HeapAlloc              10020370 f   LIBCMTD:malloc.obj
 0001:0001f410       __malloc_base              10020410 f   LIBCMTD:malloc.obj
 0001:0001f4a0       __heap_alloc_base          100204a0 f i LIBCMTD:malloc.obj
 0001:0001f560       __free_base                10020560 f   LIBCMTD:free.obj
 0001:0001f690       __initp_misc_invarg        10020690 f   LIBCMTD:invarg.obj
 0001:0001f6a0       __invalid_parameter        100206a0 f   LIBCMTD:invarg.obj
 0001:0001f710       __invoke_watson            10020710 f   LIBCMTD:invarg.obj
 0001:0001f860       __set_invalid_parameter_handler 10020860 f   LIBCMTD:invarg.obj
 0001:0001f8b0       __get_invalid_parameter_handler 100208b0 f   LIBCMTD:invarg.obj
 0001:0001f8e0       ?_invalid_parameter@@YAXPBG00II@Z 100208e0 f   LIBCMTD:invarg.obj
 0001:0001f910       ?_invoke_watson@@YAXPBG00II@Z 10020910 f   LIBCMTD:invarg.obj
 0001:0001f934       __local_unwind4            10020934 f   LIBCMTD:exsup4.obj
 0001:0001fa0a       __seh_longjmp_unwind4@4    10020a0a f   LIBCMTD:exsup4.obj
 0001:0001fa26       @_EH4_CallFilterFunc@8     10020a26 f   LIBCMTD:exsup4.obj
 0001:0001fa3d       @_EH4_TransferToHandler@8  10020a3d f   LIBCMTD:exsup4.obj
 0001:0001fa56       @_EH4_GlobalUnwind@4       10020a56 f   LIBCMTD:exsup4.obj
 0001:0001fa70       @_EH4_LocalUnwind@16       10020a70 f   LIBCMTD:exsup4.obj
 0001:0001fa90       __initp_misc_winsig        10020a90 f   LIBCMTD:winsig.obj
 0001:0001fac0       _signal                    10020ac0 f   LIBCMTD:winsig.obj
 0001:0001ff60       _raise                     10020f60 f   LIBCMTD:winsig.obj
 0001:000202d0       ___get_sigabrt             100212d0 f   LIBCMTD:winsig.obj
 0001:000202f0       ___fpecode                 100212f0 f   LIBCMTD:winsig.obj
 0001:00020300       ___pxcptinfoptrs           10021300 f   LIBCMTD:winsig.obj
 0001:00020310       __set_error_mode           10021310 f   LIBCMTD:errmode.obj
 0001:000203d0       ___set_app_type            100213d0 f   LIBCMTD:errmode.obj
 0001:000203e0       ___get_app_type            100213e0 f   LIBCMTD:errmode.obj
 0001:000203f0       ___crtMessageBoxA          100213f0 f   LIBCMTD:crtmbox.obj
 0001:00020610       _strcat_s                  10021610 f   LIBCMTD:strcat_s.obj
 0001:000209f0       _strncpy_s                 100219f0 f   LIBCMTD:strncpy_s.obj
 0001:00020de0       __CrtSetReportHook2        10021de0 f   LIBCMTD:dbgrpt.obj
 0001:00021100       __CrtDbgReport             10022100 f   LIBCMTD:dbgrpt.obj
 0001:00021140       __CrtDbgReportV            10022140 f i LIBCMTD:dbgrpt.obj
 0001:00021170       ___crtMessageWindowA       10022170 f   LIBCMTD:dbgrpt.obj
 0001:00021570       __isalpha_l                10022570 f i LIBCMTD:_ctype.obj
 0001:00021600       _isalpha                   10022600 f i LIBCMTD:_ctype.obj
 0001:00021640       __isupper_l                10022640 f i LIBCMTD:_ctype.obj
 0001:000216c0       _isupper                   100226c0 f i LIBCMTD:_ctype.obj
 0001:000216f0       __islower_l                100226f0 f i LIBCMTD:_ctype.obj
 0001:00021770       _islower                   10022770 f i LIBCMTD:_ctype.obj
 0001:000217a0       __isdigit_l                100227a0 f i LIBCMTD:_ctype.obj
 0001:00021820       _isdigit                   10022820 f i LIBCMTD:_ctype.obj
 0001:00021850       __isxdigit_l               10022850 f i LIBCMTD:_ctype.obj
 0001:000218e0       _isxdigit                  100228e0 f i LIBCMTD:_ctype.obj
 0001:00021920       __isspace_l                10022920 f i LIBCMTD:_ctype.obj
 0001:000219a0       _isspace                   100229a0 f i LIBCMTD:_ctype.obj
 0001:000219d0       __ispunct_l                100229d0 f i LIBCMTD:_ctype.obj
 0001:00021a50       _ispunct                   10022a50 f i LIBCMTD:_ctype.obj
 0001:00021a80       __isalnum_l                10022a80 f i LIBCMTD:_ctype.obj
 0001:00021b10       _isalnum                   10022b10 f i LIBCMTD:_ctype.obj
 0001:00021b50       __isprint_l                10022b50 f i LIBCMTD:_ctype.obj
 0001:00021be0       _isprint                   10022be0 f i LIBCMTD:_ctype.obj
 0001:00021c20       __isgraph_l                10022c20 f i LIBCMTD:_ctype.obj
 0001:00021cb0       _isgraph                   10022cb0 f i LIBCMTD:_ctype.obj
 0001:00021cf0       __iscntrl_l                10022cf0 f i LIBCMTD:_ctype.obj
 0001:00021d70       _iscntrl                   10022d70 f i LIBCMTD:_ctype.obj
 0001:00021da0       ___isascii                 10022da0 f i LIBCMTD:_ctype.obj
 0001:00021dc0       ___toascii                 10022dc0 f i LIBCMTD:_ctype.obj
 0001:00021dd0       __iscsymf_l                10022dd0 f i LIBCMTD:_ctype.obj
 0001:00021e10       ___iscsymf                 10022e10 f i LIBCMTD:_ctype.obj
 0001:00021e50       __iscsym_l                 10022e50 f i LIBCMTD:_ctype.obj
 0001:00021e90       ___iscsym                  10022e90 f i LIBCMTD:_ctype.obj
 0001:00021ed0       ___crtGetLocaleInfoW       10022ed0 f   LIBCMTD:w_loc.obj
 0001:00021f40       ___crtGetLocaleInfoA       10022f40 f   LIBCMTD:a_loc.obj
 0001:00022120       __MarkAllocaS              10023120 f i LIBCMTD:a_loc.obj
 0001:00022150       __freea                    10023150 f i LIBCMTD:a_loc.obj
 0001:000221c0       __dosmaperr                100231c0 f   LIBCMTD:dosmap.obj
 0001:000221f0       __get_errno_from_oserr     100231f0 f   LIBCMTD:dosmap.obj
 0001:00022270       __set_errno                10023270 f   LIBCMTD:dosmap.obj
 0001:000222a0       __get_errno                100232a0 f   LIBCMTD:dosmap.obj
 0001:00022320       __set_doserrno             10023320 f   LIBCMTD:dosmap.obj
 0001:00022350       __get_doserrno             10023350 f   LIBCMTD:dosmap.obj
 0001:000223d0       __errno                    100233d0 f   LIBCMTD:dosmap.obj
 0001:00022400       ___doserrno                10023400 f   LIBCMTD:dosmap.obj
 0001:00022430       __initp_heap_handler       10023430 f   LIBCMTD:handler.obj
 0001:00022440       ?_set_new_handler@@YAP6AHI@ZP6AHI@Z@Z 10023440 f   LIBCMTD:handler.obj
 0001:00022490       ?_set_new_handler@@YAP6AHI@ZH@Z 10023490 f   LIBCMTD:handler.obj
 0001:000224d0       ?_query_new_handler@@YAP6AHI@ZXZ 100234d0 f   LIBCMTD:handler.obj
 0001:000224f0       __callnewh                 100234f0 f   LIBCMTD:handler.obj
 0001:00022530       __expand_base              10023530 f   LIBCMTD:expand.obj
 0001:00022800       __realloc_base             10023800 f   LIBCMTD:realloc.obj
 0001:00022ba0       __heapchk                  10023ba0 f   LIBCMTD:heapchk.obj
 0001:00022c70       __heapset                  10023c70 f   LIBCMTD:heapchk.obj
 0001:00022c80       ___heap_select             10023c80 f   LIBCMTD:heapinit.obj
 0001:00022ca0       __get_heap_handle          10023ca0 f   LIBCMTD:heapinit.obj
 0001:00022ce0       __get_sbh_threshold        10023ce0 f   LIBCMTD:sbheap.obj
 0001:00022d30       __set_sbh_threshold        10023d30 f   LIBCMTD:sbheap.obj
 0001:00022ec0       __set_amblksiz             10023ec0 f   LIBCMTD:sbheap.obj
 0001:00022fd0       __get_amblksiz             10023fd0 f   LIBCMTD:sbheap.obj
 0001:000230c0       ___sbh_heap_init           100240c0 f   LIBCMTD:sbheap.obj
 0001:00023130       ___sbh_find_block          10024130 f   LIBCMTD:sbheap.obj
 0001:00023190       ___sbh_verify_block        10024190 f   LIBCMTD:sbheap.obj
 0001:000231f0       ___sbh_free_block          100241f0 f   LIBCMTD:sbheap.obj
 0001:000237b0       ___sbh_alloc_block         100247b0 f   LIBCMTD:sbheap.obj
 0001:00023cd0       ___sbh_alloc_new_region    10024cd0 f   LIBCMTD:sbheap.obj
 0001:00023de0       ___sbh_alloc_new_group     10024de0 f   LIBCMTD:sbheap.obj
 0001:00023fd0       ___sbh_resize_block        10024fd0 f   LIBCMTD:sbheap.obj
 0001:000245a0       ___sbh_heapmin             100255a0 f   LIBCMTD:sbheap.obj
 0001:000246d0       ___sbh_heap_check          100256d0 f   LIBCMTD:sbheap.obj
 0001:00024bc0       _sprintf                   10025bc0 f   LIBCMTD:sprintf.obj
 0001:00024d40       __sprintf_l                10025d40 f   LIBCMTD:sprintf.obj
 0001:00024d70       _sprintf_s                 10025d70 f   LIBCMTD:sprintf.obj
 0001:00024da0       __sprintf_s_l              10025da0 f   LIBCMTD:sprintf.obj
 0001:00024dd0       __snprintf_s               10025dd0 f   LIBCMTD:sprintf.obj
 0001:00024e00       __snprintf_s_l             10025e00 f   LIBCMTD:sprintf.obj
 0001:00024e30       __sprintf_p                10025e30 f   LIBCMTD:sprintf.obj
 0001:00024e60       __sprintf_p_l              10025e60 f   LIBCMTD:sprintf.obj
 0001:00024e90       __scprintf                 10025e90 f   LIBCMTD:sprintf.obj
 0001:00024eb0       __scprintf_p               10025eb0 f   LIBCMTD:sprintf.obj
 0001:00024ed0       __scprintf_l               10025ed0 f   LIBCMTD:sprintf.obj
 0001:00024f00       __scprintf_p_l             10025f00 f   LIBCMTD:sprintf.obj
 0001:00024f30       __chvalidator              10025f30 f   LIBCMTD:isctype.obj
 0001:00024f80       __chvalidator_l            10025f80 f   LIBCMTD:isctype.obj
 0001:00025030       __isctype_l                10026030 f   LIBCMTD:isctype.obj
 0001:00025150       __isctype                  10026150 f   LIBCMTD:isctype.obj
 0001:00025190       __onexit                   10026190 f   LIBCMTD:onexit.obj
 0001:00025360       _atexit                    10026360 f   LIBCMTD:onexit.obj
 0001:00025380       ___onexitinit              10026380 f   LIBCMTD:onexit.obj
 0001:000253e0       __initp_misc_cfltcvt_tab   100263e0 f   LIBCMTD:cmiscdat.obj
 0001:00025430       __ValidateImageBase        10026430 f   LIBCMTD:pesect.obj
 0001:00025490       __FindPESection            10026490 f   LIBCMTD:pesect.obj
 0001:00025510       __IsNonwritableInCurrentImage 10026510 f   LIBCMTD:pesect.obj
 0001:00025630       __initp_misc_rand_s        10026630 f   LIBCMTD:rand_s.obj
 0001:00025640       _rand_s                    10026640 f   LIBCMTD:rand_s.obj
 0001:00025860       __initp_misc_initcrit      10026860 f   LIBCMTD:initcrit.obj
 0001:00025870       ___crtInitCritSecAndSpinCount 10026870 f   LIBCMTD:initcrit.obj
 0001:00025920       __ismbbkalnum_l            10026920 f   LIBCMTD:ismbbyte.obj
 0001:00025940       __ismbbkalnum              10026940 f   LIBCMTD:ismbbyte.obj
 0001:00025960       __ismbbkprint_l            10026960 f   LIBCMTD:ismbbyte.obj
 0001:00025980       __ismbbkprint              10026980 f   LIBCMTD:ismbbyte.obj
 0001:000259a0       __ismbbkpunct_l            100269a0 f   LIBCMTD:ismbbyte.obj
 0001:000259c0       __ismbbkpunct              100269c0 f   LIBCMTD:ismbbyte.obj
 0001:000259e0       __ismbbalnum_l             100269e0 f   LIBCMTD:ismbbyte.obj
 0001:00025a00       __ismbbalnum               10026a00 f   LIBCMTD:ismbbyte.obj
 0001:00025a20       __ismbbalpha_l             10026a20 f   LIBCMTD:ismbbyte.obj
 0001:00025a40       __ismbbalpha               10026a40 f   LIBCMTD:ismbbyte.obj
 0001:00025a60       __ismbbgraph_l             10026a60 f   LIBCMTD:ismbbyte.obj
 0001:00025a80       __ismbbgraph               10026a80 f   LIBCMTD:ismbbyte.obj
 0001:00025aa0       __ismbbprint_l             10026aa0 f   LIBCMTD:ismbbyte.obj
 0001:00025ac0       __ismbbprint               10026ac0 f   LIBCMTD:ismbbyte.obj
 0001:00025ae0       __ismbbpunct_l             10026ae0 f   LIBCMTD:ismbbyte.obj
 0001:00025b00       __ismbbpunct               10026b00 f   LIBCMTD:ismbbyte.obj
 0001:00025b20       __ismbblead_l              10026b20 f   LIBCMTD:ismbbyte.obj
 0001:00025b40       __ismbblead                10026b40 f   LIBCMTD:ismbbyte.obj
 0001:00025b60       __ismbbtrail_l             10026b60 f   LIBCMTD:ismbbyte.obj
 0001:00025b80       __ismbbtrail               10026b80 f   LIBCMTD:ismbbyte.obj
 0001:00025ba0       __ismbbkana_l              10026ba0 f   LIBCMTD:ismbbyte.obj
 0001:00025c10       __ismbbkana                10026c10 f   LIBCMTD:ismbbyte.obj
 0001:00025d00       ___pwctype_func            10026d00 f   LIBCMTD:ctype.obj
 0001:00025d10       ___pctype_func             10026d10 f   LIBCMTD:ctype.obj
 0001:00025d60       ___init_time               10026d60 f   LIBCMTD:inittime.obj
 0001:00026480       ___free_lc_time            10027480 f   LIBCMTD:inittime.obj
 0001:00026790       ___init_numeric            10027790 f   LIBCMTD:initnum.obj
 0001:00026af0       ___free_lconv_num          10027af0 f   LIBCMTD:initnum.obj
 0001:00026b60       ___init_monetary           10027b60 f   LIBCMTD:initmon.obj
 0001:00027060       ___free_lconv_mon          10028060 f   LIBCMTD:initmon.obj
 0001:00027150       ___init_ctype              10028150 f   LIBCMTD:initctyp.obj
 0001:00027700       ____mb_cur_max_func        10028700 f   LIBCMTD:initctyp.obj
 0001:00027750       ____mb_cur_max_l_func      10028750 f   LIBCMTD:initctyp.obj
 0001:00027780       ____lc_codepage_func       10028780 f   LIBCMTD:initctyp.obj
 0001:000277d0       ____lc_collate_cp_func     100287d0 f   LIBCMTD:initctyp.obj
 0001:00027820       ____lc_handle_func         10028820 f   LIBCMTD:initctyp.obj
 0001:00027870       ___init_collate            10028870 f   LIBCMTD:initcoll.obj
 0001:00027880       __Getdays_l                10028880 f   LIBCMTD:strftime.obj
 0001:00027a40       __Getdays                  10028a40 f   LIBCMTD:strftime.obj
 0001:00027a60       __Getmonths_l              10028a60 f   LIBCMTD:strftime.obj
 0001:00027c20       __Getmonths                10028c20 f   LIBCMTD:strftime.obj
 0001:00027c40       __Gettnames_l              10028c40 f   LIBCMTD:strftime.obj
 0001:000281b0       __Gettnames                100291b0 f   LIBCMTD:strftime.obj
 0001:000281d0       __strftime_l               100291d0 f   LIBCMTD:strftime.obj
 0001:00028200       _strftime                  10029200 f   LIBCMTD:strftime.obj
 0001:00028230       __Strftime                 10029230 f   LIBCMTD:strftime.obj
 0001:00028260       __Strftime_l               10029260 f   LIBCMTD:strftime.obj
 0001:0002a070       _localeconv                1002b070 f   LIBCMTD:lconv.obj
 0001:0002a0c0       _strcspn                   1002b0c0 f   LIBCMTD:strcspn.obj
 0001:0002a110       _strncmp                   1002b110 f   LIBCMTD:strncmp.obj
 0001:0002a290       _strpbrk                   1002b290 f   LIBCMTD:strpbrk.obj
 0001:0002a2d0       ___crtGetStringTypeA       1002b2d0 f   LIBCMTD:a_str.obj
 0001:0002a560       ___get_qualified_locale    1002b560 f   LIBCMTD:getqloc.obj
 0001:0002b400       ___crtLCMapStringA         1002c400 f   LIBCMTD:a_map.obj
 0001:0002b9b0       __CrtDbgBreak              1002c9b0 f   LIBCMTD:dbgrptt.obj
 0001:0002b9c0       __CrtSetReportMode         1002c9c0 f   LIBCMTD:dbgrptt.obj
 0001:0002bb00       __CrtSetReportFile         1002cb00 f   LIBCMTD:dbgrptt.obj
 0001:0002bc00       __CrtSetReportHook         1002cc00 f   LIBCMTD:dbgrptt.obj
 0001:0002bc20       __CrtGetReportHook         1002cc20 f   LIBCMTD:dbgrptt.obj
 0001:0002bc30       __VCrtDbgReportA           1002cc30 f   LIBCMTD:dbgrptt.obj
 0001:0002c460       __VCrtDbgReportW           1002d460 f   LIBCMTD:dbgrptt.obj
 0001:0002cd90       ___crtMessageBoxW          1002dd90 f   LIBCMTD:crtmboxw.obj
 0001:0002cfb0       __swprintf                 1002dfb0 f   LIBCMTD:swprintf.obj
 0001:0002d180       ___swprintf_l              1002e180 f   LIBCMTD:swprintf.obj
 0001:0002d1b0       _swprintf_s                1002e1b0 f   LIBCMTD:swprintf.obj
 0001:0002d1e0       __snwprintf_s              1002e1e0 f   LIBCMTD:swprintf.obj
 0001:0002d210       __swprintf_p               1002e210 f   LIBCMTD:swprintf.obj
 0001:0002d240       __swprintf_s_l             1002e240 f   LIBCMTD:swprintf.obj
 0001:0002d270       __snwprintf_s_l            1002e270 f   LIBCMTD:swprintf.obj
 0001:0002d2a0       __swprintf_p_l             1002e2a0 f   LIBCMTD:swprintf.obj
 0001:0002d2d0       __scwprintf                1002e2d0 f   LIBCMTD:swprintf.obj
 0001:0002d2f0       __scwprintf_p              1002e2f0 f   LIBCMTD:swprintf.obj
 0001:0002d310       __scwprintf_l              1002e310 f   LIBCMTD:swprintf.obj
 0001:0002d340       __scwprintf_p_l            1002e340 f   LIBCMTD:swprintf.obj
 0001:0002d370       _memcpy_s                  1002e370 f   LIBCMTD:memcpy_s.obj
 0001:0002d500       _wcslen                    1002e500 f   LIBCMTD:wcslen.obj
 0001:0002d530       _wcscpy_s                  1002e530 f   LIBCMTD:wcscpy_s.obj
 0001:0002d810       __alloca_probe             1002e810     LIBCMTD:chkstk.obj
 0001:0002d810       __chkstk                   1002e810 f   LIBCMTD:chkstk.obj
 0001:0002d840       _atol                      1002e840 f   LIBCMTD:atox.obj
 0001:0002d860       __atol_l                   1002e860 f   LIBCMTD:atox.obj
 0001:0002d880       _atoi                      1002e880 f   LIBCMTD:atox.obj
 0001:0002d8a0       __atoi_l                   1002e8a0 f   LIBCMTD:atox.obj
 0001:0002d8c0       __atoi64                   1002e8c0 f   LIBCMTD:atox.obj
 0001:0002d8e0       __atoi64_l                 1002e8e0 f   LIBCMTD:atox.obj
 0001:0002d900       __allshl                   1002e900 f   LIBCMTD:llshl.obj
 0001:0002d920       __aulldiv                  1002e920 f   LIBCMTD:ulldiv.obj
 0001:0002d990       __aullrem                  1002e990 f   LIBCMTD:ullrem.obj
 0001:0002da10       __flsbuf                   1002ea10 f   LIBCMTD:_flsbuf.obj
 0001:0002dcd0       __output_l                 1002ecd0 f   LIBCMTD:output.obj
 0001:0002f100       _get_int_arg               10030100 f i LIBCMTD:output.obj
 0001:0002f120       _get_int64_arg             10030120 f i LIBCMTD:output.obj
 0001:0002f140       _get_short_arg             10030140 f i LIBCMTD:output.obj
 0001:0002f160       __vsprintf_l               10030160 f   LIBCMTD:vsprintf.obj
 0001:0002f2e0       _vsprintf                  100302e0 f   LIBCMTD:vsprintf.obj
 0001:0002f300       __vscprintf_helper         10030300 f   LIBCMTD:vsprintf.obj
 0001:0002f3c0       __vscprintf                100303c0 f   LIBCMTD:vsprintf.obj
 0001:0002f3e0       __vscprintf_l              100303e0 f   LIBCMTD:vsprintf.obj
 0001:0002f400       __vscprintf_p              10030400 f   LIBCMTD:vsprintf.obj
[...]
 0003:000020e4       ___lc_codepage             1005b0e4     LIBCMTD:nlsdata2.obj
 0003:000020e8       ___lc_collate_cp           1005b0e8     LIBCMTD:nlsdata2.obj
 0003:000020f0       ___mbulinfo                1005b0f0     LIBCMTD:mbctype.obj
 0003:000020fc       ___mbcodepage              1005b0fc     LIBCMTD:mbctype.obj
 0003:00002100       ___ismbcodepage            1005b100     LIBCMTD:mbctype.obj
 0003:00002104       ___mblcid                  1005b104     LIBCMTD:mbctype.obj
 0003:0000211c       ?pArgList@UnDecorator@@0PAVReplicator@@A 1005b11c     LIBCMTD:undname.obj
 0003:00002120       ?pZNameList@UnDecorator@@0PAVReplicator@@A 1005b120     LIBCMTD:undname.obj
 0003:00002124       ?pTemplateArgList@UnDecorator@@0PAVReplicator@@A 1005b124     LIBCMTD:undname.obj
 0003:00002128       ?gName@UnDecorator@@0PBDB  1005b128     LIBCMTD:undname.obj
 0003:0000212c       ?name@UnDecorator@@0PBDB   1005b12c     LIBCMTD:undname.obj
 0003:00002130       ?outputString@UnDecorator@@0PADA 1005b130     LIBCMTD:undname.obj
 0003:00002134       ?maxStringLength@UnDecorator@@0HA 1005b134     LIBCMTD:undname.obj
 0003:00002138       ?disableFlags@UnDecorator@@0KA 1005b138     LIBCMTD:undname.obj
 0003:0000213c       ?m_pGetParameter@UnDecorator@@0P6APADJ@ZA 1005b13c     LIBCMTD:undname.obj
 0003:00002140       ?fExplicitTemplateParams@UnDecorator@@0_NA 1005b140     LIBCMTD:undname.obj
 0003:00002141       ?fGetTemplateArgumentList@UnDecorator@@0_NA 1005b141     LIBCMTD:undname.obj
 0003:00002198       ?nodes@?1??make@DNameStatusNode@@SAPAV2@W4DNameStatus@@@Z@4PAV2@A 1005b198     LIBCMTD:undname.obj
 0003:000021c8       ??_B?1??make@DNameStatusNode@@SAPAV1@W4DNameStatus@@@Z@51 1005b1c8     LIBCMTD:undname.obj
 0003:000021cc       ___pInvalidArgHandler      1005b1cc     LIBCMTD:invarg.obj
 0003:000021fc       __newmode                  1005b1fc     LIBCMTD:_newmode.obj
 0003:00002200       ?_pnhHeap@@3P6AHI@ZA       1005b200     LIBCMTD:handler.obj
 0003:0000220c       __crtheap                  1005b20c     LIBCMTD:heapinit.obj
 0003:00002210       ___sbh_pHeaderDefer        1005b210     LIBCMTD:sbheap.obj
 0003:0000221c       ___lconv_static_null       1005b21c     LIBCMTD:lconv.obj
 0003:000022f8       __cflush                   1005b2f8     LIBCMTD:_file.obj
 0003:00002300       ?wsprintffp@@3P6AHPADPBDZZA 1005b300     LIBCMTD:_error_.obj
 0003:00002304       __stdbuf                   1005b304     LIBCMTD:_sftbuf.obj
 0003:00002324       ___piob                    1005b324     <common>
 0003:00002340       __bufin                    1005b340     <common>
 0003:00003340       __nstream                  1005c340     <common>
 0003:00003344       __pfnReportHook            1005c344     <common>
 0003:00003348       __pReportHookListW         1005c348     <common>
 0003:0000334c       __pReportHookList          1005c34c     <common>
 0003:00003350       ___sbh_initialized         1005c350     <common>
 0003:00003354       ___sbh_cntHeaderList       1005c354     <common>
 0003:00003358       ___sbh_pHeaderList         1005c358     <common>
 0003:0000335c       ___sbh_threshold           1005c35c     <common>
 0003:00003360       ___sbh_pHeaderScan         1005c360     <common>
 0003:00003364       ___sbh_sizeHeaderList      1005c364     <common>
 0003:00003368       ___sbh_indGroupDefer       1005c368     <common>
 0003:0000336c       ___active_heap             1005c36c     <common>
 0003:00003370       __debugger_hook_dummy      1005c370     <common>
 0003:00003374       ___setlc_active            1005c374     <common>
 0003:00003378       ___unguarded_readlc_active 1005c378     <common>
 0003:0000337c       __nhandle                  1005c37c     <common>
 0003:00003380       ___pioinfo                 1005c380     <common>
 0003:00003480       ___env_initialized         1005c480     <common>
 0003:00003484       ___onexitend               1005c484     <common>
 0003:00003488       ___onexitbegin             1005c488     <common>
 0003:0000348c       ___mbctype_initialized     1005c48c     <common>
 0003:00003490       __FPinit                   1005c490     <common>
 0003:00003494       ___dyn_tls_init_callback   1005c494     <common>
 0003:00003498       ___sse2_available          1005c498     <common>
 0003:0000349c       __acmdln                   1005c49c     <common>

 entry point at        0001:00008710

 Static symbols

 0001:000012e0       ?BitsSet@@YIHK@Z           100022e0 f   HKEvent.obj
 0001:00003300       ?NormalizeKeyText@@YAXAAUKTEXT@@PAUDAHOTKEY_STRUCT@@@Z 10004300 f   HKEvent.obj
 0001:000033a0       ?BubbleSortHotKeyList@@YIJPAUDAHOTKEY_STRUCT@@K@Z 100043a0 f   HKEvent.obj
 0001:00005de0       ?BitsSet@@YIHK@Z           10006de0 f   HkeyRec.obj
 0001:00006410       ?SetDllHeapMsg@@YAXXZ      10007410 f   HkeyRec.obj
 0001:00006bb4       _local_strrchr             10007bb4 f   COMHeap:COMHeap.obj
 0001:00006bcf       _set_name                  10007bcf f   COMHeap:COMHeap.obj
 0001:000070c0       ?CatchGuardHandler@@YA?AW4_EXCEPTION_DISPOSITION@@PAUEHExceptionRecord@@PAUCatchGuardRN@@PAX2@Z 100080c0 f   LIBCMTD:_trnsctrl_.obj
 0001:00007200       ?TranslatorGuardHandler@@YA?AW4_EXCEPTION_DISPOSITION@@PAUEHExceptionRecord@@PAUTranslatorGuardRN@@PAX2@Z 10008200 f   LIBCMTD:_trnsctrl_.obj
 0001:00007c90       _cmpBYTE                   10008c90 f   LIBCMTD:memcmp.obj
 0001:00007cc0       _cmpResult                 10008cc0 f   LIBCMTD:memcmp.obj
 0001:00007ce0       _unaligned_memcmp          10008ce0 f   LIBCMTD:memcmp.obj
 0001:000083f0       _cmpWORD                   100093f0 f   LIBCMTD:memcmp.obj
 0001:00008470       _cmpDWORD                  10009470 f   LIBCMTD:memcmp.obj
 0001:00008740       ___DllMainCRTStartup       10009740 f   LIBCMTD:dllcrt0.obj
 0001:00008a60       ?FindHandler@@YAXPAUEHExceptionRecord@@PAUEHRegistrationNode@@PAU_CONTEXT@@PAXPBU_s_FuncInfo@@EH1@Z 10009a60 f   LIBCMTD:frame.obj
 0001:00008fb0       ?FindHandlerForForeignException@@YAXPAUEHExceptionRecord@@PAUEHRegistrationNode@@PAU_CONTEXT@@PAXPBU_s_FuncInfo@@HH1@Z 10009fb0 f   LIBCMTD:frame.obj
 0001:000093e0       ?CatchIt@@YAXPAUEHExceptionRecord@@PAUEHRegistrationNode@@PAU_CONTEXT@@PAXPBU_s_FuncInfo@@PBU_s_HandlerType@@PBU_s_CatchableType@@PBU_s_TryBlockMapEntry@@H1E@Z 1000a3e0 f   LIBCMTD:frame.obj
 0001:000094a0       ?CallCatchBlock@@YAPAXPAUEHExceptionRecord@@PAUEHRegistrationNode@@PAU_CONTEXT@@PBU_s_FuncInfo@@PAXHK@Z 1000a4a0 f   LIBCMTD:frame.obj
 0001:00009730       ?ExFilterRethrow@@YAHPAU_EXCEPTION_POINTERS@@@Z 1000a730 f   LIBCMTD:frame.obj
 0001:0000a390       ?IsInExceptionSpec@@YAEPAUEHExceptionRecord@@PBU_s_ESTypeList@@@Z 1000b390 f   LIBCMTD:frame.obj
 0001:0000a450       ?CallUnexpected@@YAXPBU_s_ESTypeList@@@Z 1000b450 f   LIBCMTD:frame.obj
 0001:0000a49e       __catch$?CallUnexpected@@YAXPBU_s_ESTypeList@@@Z$0 1000b49e f   LIBCMTD:frame.obj
 0001:0000a4e0       ?Is_bad_exception_allowed@@YAEPBU_s_ESTypeList@@@Z 1000b4e0 f   LIBCMTD:frame.obj
 0001:0000ba30       _fastcopy_I                1000ca30 f   LIBCMTD:p4_memcpy.obj
 0001:0000bb40       _has_osfxsr_set            1000cb40 f   LIBCMTD:cpu_disp.obj
 0001:0000bca0       _fastzero_I                1000cca0 f   LIBCMTD:p4_memset.obj
 0001:0000c4c0       __nh_malloc_dbg_impl       1000d4c0 f   LIBCMTD:dbgheap.obj
 0001:0000c550       __heap_alloc_dbg_impl      1000d550 f   LIBCMTD:dbgheap.obj
 0001:0000cb60       _realloc_help              1000db60 f   LIBCMTD:dbgheap.obj
 0001:0000d9e0       _CheckBytes                1000e9e0 f   LIBCMTD:dbgheap.obj
 0001:0000e920       ?_CrtMemDumpAllObjectsSince_stat@@YAXPBU_CrtMemState@@PAUlocaleinfo_struct@@@Z 1000f920 f   LIBCMTD:dbgheap.obj
 0001:0000ec30       __printMemBlockData        1000fc30 f   LIBCMTD:dbgheap.obj
 0001:0000fc10       _doexit                    10010c10 f   LIBCMTD:crt0dat.obj
 0001:0000ff40       __initterm                 10010f40 f   LIBCMTD:crt0dat.obj
 0001:000109a0       _parse_cmdline             100119a0 f   LIBCMTD:stdargv.obj
 0001:00011270       _xcptlookup                10012270 f   LIBCMTD:winxfltr.obj
 0001:00011490       _ValidateLocalCookies      10012490 f   LIBCMTD:chandler4.obj
 0001:00011e48       __unwind_handler           10012e48 f   LIBCMTD:exsup.obj
 0001:000128a0       __updatetlocinfoEx_nolock  100138a0 f   LIBCMTD:setlocal.obj
 0001:00012e10       __copytlocinfo_nolock      10013e10 f   LIBCMTD:setlocal.obj
 0001:00013230       _sync_legacy_variables_lk  10014230 f   LIBCMTD:setlocal.obj
 0001:000132b0       __setlocale_nolock         100142b0 f   LIBCMTD:setlocal.obj
 0001:000136a0       __setlocale_set_cat        100146a0 f   LIBCMTD:setlocal.obj
 0001:00013bd0       __setlocale_get_all        10014bd0 f   LIBCMTD:setlocal.obj
 0001:00014850       ?getSystemCP@@YAHH@Z       10015850 f   LIBCMTD:mbctype.obj
 0001:00014cb0       ?CPtoLCID@@YAHH@Z          10015cb0 f   LIBCMTD:mbctype.obj
 0001:00014d30       ?setSBCS@@YAXPAUthreadmbcinfostruct@@@Z 10015d30 f   LIBCMTD:mbctype.obj
 0001:00014e10       ?setSBUpLow@@YAXPAUthreadmbcinfostruct@@@Z 10015e10 f   LIBCMTD:mbctype.obj
 0001:0001f290       ?und_strlen@@YAIPBD@Z      10020290 f   LIBCMTD:undname.obj
 0001:0001f2d0       ?und_memcpy@@YAXPADPBDI@Z  100202d0 f   LIBCMTD:undname.obj
 0001:0001f310       ?und_strncmp@@YAIPBD0I@Z   10020310 f   LIBCMTD:undname.obj
 0001:0001f9c4       __unwind_handler4          100209c4 f   LIBCMTD:exsup4.obj
 0001:0001fe70       _ctrlevent_capture@4       10020e70 f   LIBCMTD:winsig.obj
 0001:00020270       _siglookup                 10021270 f   LIBCMTD:winsig.obj
 0001:00021f20       ?__crtGetLocaleInfoW_stat@@YAHPAUlocaleinfo_struct@@KKPA_WHH@Z 10022f20 f   LIBCMTD:w_loc.obj
 0001:00021f90       ?__crtGetLocaleInfoA_stat@@YAHPAUlocaleinfo_struct@@KKPADHH@Z 10022f90 f   LIBCMTD:a_loc.obj
 0001:00022750       __is_LFH_enabled           10023750 f   LIBCMTD:expand.obj
 0001:00025210       __onexit_nolock            10026210 f   LIBCMTD:onexit.obj
 0001:00025c30       ?x_ismbbtype_l@@YAHPAUlocaleinfo_struct@@IHH@Z 10026c30 f   LIBCMTD:ismbbyte.obj
 0001:00025e50       __get_lc_time              10026e50 f   LIBCMTD:inittime.obj
 0001:00026a70       _fix_grouping              10027a70 f   LIBCMTD:initnum.obj
 0001:00026fe0       _fix_grouping              10027fe0 f   LIBCMTD:initmon.obj
 0001:000286d0       ?_expandtime@@YAHPAUlocaleinfo_struct@@DPBUtm@@PAPADPAIPAU__lc_time_data@@I@Z 100296d0 f   LIBCMTD:strftime.obj
 0001:000296a0       ?_store_str@@YAXPADPAPADPAI@Z 1002a6a0 f   LIBCMTD:strftime.obj
 0001:000296f0       ?_store_num@@YAXHHPAPADPAII@Z 1002a6f0 f   LIBCMTD:strftime.obj
 0001:000297a0       ?_store_number@@YAXHPAPADPAI@Z 1002a7a0 f   LIBCMTD:strftime.obj
 0001:00029850       ?_store_winword@@YAHPAUlocaleinfo_struct@@HPBUtm@@PAPADPAIPAU__lc_time_data@@@Z 1002a850 f   LIBCMTD:strftime.obj
 0001:0002a330       ?__crtGetStringTypeA_stat@@YAHPAUlocaleinfo_struct@@KPBDHPAGHHH@Z 1002b330 f   LIBCMTD:a_str.obj
 0001:0002a810       _TranslateName             1002b810 f   LIBCMTD:getqloc.obj
 0001:0002a8a0       _GetLcidFromLangCountry    1002b8a0 f   LIBCMTD:getqloc.obj
 0001:0002a960       _LangCountryEnumProc@4     1002b960 f   LIBCMTD:getqloc.obj
 0001:0002ada0       _GetLcidFromLanguage       1002bda0 f   LIBCMTD:getqloc.obj
 0001:0002ae20       _LanguageEnumProc@4        1002be20 f   LIBCMTD:getqloc.obj
 0001:0002afc0       _GetLcidFromCountry        1002bfc0 f   LIBCMTD:getqloc.obj
 0001:0002b010       _CountryEnumProc@4         1002c010 f   LIBCMTD:getqloc.obj
 0001:0002b110       _GetLcidFromDefault        1002c110 f   LIBCMTD:getqloc.obj
 0001:0002b150       _ProcessCodePage           1002c150 f   LIBCMTD:getqloc.obj
 0001:0002b220       _TestDefaultCountry        1002c220 f   LIBCMTD:getqloc.obj
 0001:0002b270       _TestDefaultLanguage       1002c270 f   LIBCMTD:getqloc.obj
 0001:0002b310       _LcidFromHexString         1002c310 f   LIBCMTD:getqloc.obj
 0001:0002b390       _GetPrimaryLen             1002c390 f   LIBCMTD:getqloc.obj
 0001:0002b460       ?__crtLCMapStringA_stat@@YAHPAUlocaleinfo_struct@@KKPBDHPADHHH@Z 1002c460 f   LIBCMTD:a_map.obj
 0001:0002b960       ?strncnt@@YAHPBDH@Z        1002c960 f   LIBCMTD:a_map.obj
 0001:0002ef90       _write_char                1002ff90 f   LIBCMTD:output.obj
 0001:0002f030       _write_multi_char          10030030 f   LIBCMTD:output.obj
 0001:0002f070       _write_string              10030070 f   LIBCMTD:output.obj
 0001:000306e0       __tzset_nolock             100316e0 f   LIBCMTD:tzset.obj
 0001:00030cf0       __isindst_nolock           10031cf0 f   LIBCMTD:tzset.obj
 0001:00031050       _cvtdate                   10032050 f   LIBCMTD:tzset.obj
 0001:00031970       _xtoa_s@20                 10032970 f   LIBCMTD:xtoas.obj
 0001:00031d90       @x64toa_s@24               10032d90 f   LIBCMTD:xtoas.obj
 0001:00033130       ?wcsncnt@@YAIPB_WI@Z       10034130 f   LIBCMTD:wcstombs.obj
 0001:00034370       _xtow_s@20                 10035370 f   LIBCMTD:xtows.obj
 0001:000347a0       @x64tow_s@24               100357a0 f   LIBCMTD:xtows.obj
 0001:00035c30       _write_char                10036c30 f   LIBCMTD:woutput.obj
 0001:00035c90       _write_multi_char          10036c90 f   LIBCMTD:woutput.obj
 0001:00035cd0       _write_string              10036cd0 f   LIBCMTD:woutput.obj
 0001:00036100       ?strtoxl@@YAKPAUlocaleinfo_struct@@PBDPAPBDHH@Z 10037100 f   LIBCMTD:strtol.obj
 0001:000366e0       ?strtoxq@@YA_KPAUlocaleinfo_struct@@PBDPAPBDHH@Z 100376e0 f   LIBCMTD:strtoq.obj
 0001:0003c5b0       _write_char                1003d5b0 f   LIBCMTD:outputp.obj
 0001:0003c650       _write_multi_char          1003d650 f   LIBCMTD:outputp.obj
 0001:0003c690       _write_string              1003d690 f   LIBCMTD:outputp.obj
 0001:0003db60       _write_char                1003eb60 f   LIBCMTD:outputs.obj
 0001:0003dc00       _write_multi_char          1003ec00 f   LIBCMTD:outputs.obj
 0001:0003dc40       _write_string              1003ec40 f   LIBCMTD:outputs.obj
 0001:0003e130       __getenv_s_helper          1003f130 f   LIBCMTD:getenv.obj
 0001:0003e3a0       __dupenv_s_helper          1003f3a0 f   LIBCMTD:getenv.obj
 0001:0003fa00       _write_char                10040a00 f   LIBCMTD:woutputs.obj
 0001:0003fa60       _write_multi_char          10040a60 f   LIBCMTD:woutputs.obj
 0001:0003faa0       _write_string              10040aa0 f   LIBCMTD:woutputs.obj
 0001:000433d0       _write_char                100443d0 f   LIBCMTD:woutputp.obj
 0001:00043430       _write_multi_char          10044430 f   LIBCMTD:woutputp.obj
 0001:00043470       _write_string              10044470 f   LIBCMTD:woutputp.obj
 0001:000447e0       ?DebuggerProbe@@YAHK@Z     100457e0 f   LIBCMTD:_error_.obj
 0001:000448d0       ?failwithmessage@@YAXPAXHHPBD@Z 100458d0 f   LIBCMTD:_error_.obj
 0001:00044ae0       ?DebuggerRuntime@@YAHKHPAXPB_W@Z 10045ae0 f   LIBCMTD:_error_.obj
 0001:00044dc0       ?_getMemBlockDataString@@YAXPAD00I@Z 10045dc0 f   LIBCMTD:_error_.obj
 0001:00045230       _flsall                    10046230 f   LIBCMTD:fflush.obj
 0001:00045800       ?__crtGetStringTypeW_stat@@YAHPAUlocaleinfo_struct@@KPB_WHPAGHH@Z 10046800 f   LIBCMTD:w_str.obj
 0001:00045c10       ?wcstoxl@@YAKPAUlocaleinfo_struct@@PB_WPAPB_WHH@Z 10046c10 f   LIBCMTD:wcstol.obj
 0001:00046740       ?GetPdbDll@@YAPAUHINSTANCE__@@XZ 10047740 f   LIBCMTD:_pdblkup_.obj
 0001:00046e70       ?__crtCompareStringA_stat@@YAHPAUlocaleinfo_struct@@KKPBDH1HH@Z 10047e70 f   LIBCMTD:a_cmp.obj
 0001:00047380       ?strncnt@@YAHPBDH@Z        10048380 f   LIBCMTD:a_cmp.obj
 0001:00047b40       _findenv                   10048b40 f   LIBCMTD:setenv.obj
 0001:00047bc0       _copy_environ              10048bc0 f   LIBCMTD:setenv.obj
 0001:00048830       __unwindfunclet$??1EventSystem@@QAE@XZ$0 10049830 f   EventSys.obj
 0001:0004883b       __ehhandler$??1EventSystem@@QAE@XZ 1004983b f   EventSys.obj
 0001:00048856       __unwindfunclet$?RegisterTheEventSystem@@YAXPAUICOManager@@@Z$0 10049856 f   EventSys.obj
 0001:00048861       __ehhandler$?RegisterTheEventSystem@@YAXPAUICOManager@@@Z 10049861 f   EventSys.obj
 0001:00048880       __unwindfunclet$?CreateInstance@?$DAComponentFactory2@U?$DAComponentAggregate@UEventSystem@@@@UAGGDESC@@@@UAG?AW4GENRESULT@@PAUDACOMDESC@@PAPAX@Z$2 10049880 f   EventSys.obj
 0001:0004888b       __ehhandler$?CreateInstance@?$DAComponentFactory2@U?$DAComponentAggregate@UEventSystem@@@@UAGGDESC@@@@UAG?AW4GENRESULT@@PAUDACOMDESC@@PAPAX@Z 1004988b f   EventSys.obj
 0001:000488b0       __unwindfunclet$??0?$DAComponentAggregate@UEventSystem@@@@QAE@PAUAGGDESC@@@Z$0 100498b0 f   EventSys.obj
 0001:000488b8       __ehhandler$??0?$DAComponentAggregate@UEventSystem@@@@QAE@PAUAGGDESC@@@Z 100498b8 f   EventSys.obj
 0001:000488e0       __unwindfunclet$??0HotkeyEvent@@QAE@XZ$0 100498e0 f   HKEvent.obj
 0001:000488eb       __ehhandler$??0HotkeyEvent@@QAE@XZ 100498eb f   HKEvent.obj
 0001:00048906       __unwindfunclet$??1HotkeyEvent@@QAE@XZ$0 10049906 f   HKEvent.obj
 0001:00048911       __ehhandler$??1HotkeyEvent@@QAE@XZ 10049911 f   HKEvent.obj
 0001:0004892c       __unwindfunclet$?RegisterHotkeyEventServer@@YAXPAUICOManager@@@Z$0 1004992c f   HKEvent.obj
 0001:00048937       __ehhandler$?RegisterHotkeyEventServer@@YAXPAUICOManager@@@Z 10049937 f   HKEvent.obj
 0001:00048960       __unwindfunclet$?CreateInstance@?$DAComponentFactory2@U?$DAComponentAggregate@UHotkeyEvent@@@@UHKEVENTDESC@@@@UAG?AW4GENRESULT@@PAUDACOMDESC@@PAPAX@Z$2 10049960 f   HKEvent.obj
 0001:0004896b       __ehhandler$?CreateInstance@?$DAComponentFactory2@U?$DAComponentAggregate@UHotkeyEvent@@@@UHKEVENTDESC@@@@UAG?AW4GENRESULT@@PAUDACOMDESC@@PAPAX@Z 1004996b f   HKEvent.obj
 0001:00048990       __unwindfunclet$??0?$DAComponentAggregate@UHotkeyEvent@@@@QAE@PAUAGGDESC@@@Z$0 10049990 f   HKEvent.obj
 0001:00048998       __ehhandler$??0?$DAComponentAggregate@UHotkeyEvent@@@@QAE@PAUAGGDESC@@@Z 10049998 f   HKEvent.obj
 0001:000489c0       __unwindfunclet$_DllMain@12$0 100499c0 f   HkeyRec.obj
 0001:000489cb       __ehhandler$_DllMain@12    100499cb f   HkeyRec.obj
 0001:000489f0       __unwindfunclet$?CreateInstance@?$DAComponentFactory@U?$DAComponent@UHotkeyRecorder@@@@UHKRECDESC@@@@UAG?AW4GENRESULT@@PAUDACOMDESC@@PAPAX@Z$2 100499f0 f   HkeyRec.obj
 0001:000489fb       __ehhandler$?CreateInstance@?$DAComponentFactory@U?$DAComponent@UHotkeyRecorder@@@@UHKRECDESC@@@@UAG?AW4GENRESULT@@PAUDACOMDESC@@PAPAX@Z 100499fb f   HkeyRec.obj
 0001:00048a20       __ehhandler$?CallUnexpected@@YAXPBU_s_ESTypeList@@@Z 10049a20 f   LIBCMTD:frame.obj
 0001:00048a40       __unwindfunclet$?getSystemCP@@YAHH@Z$0 10049a40 f   LIBCMTD:mbctype.obj
 0001:00048a48       __ehhandler$?getSystemCP@@YAHH@Z 10049a48 f   LIBCMTD:mbctype.obj
 0001:00048a70       __unwindfunclet$?make@DNameStatusNode@@SAPAV1@W4DNameStatus@@@Z$0 10049a70 f   LIBCMTD:undname.obj
 0001:00048a7e       __ehhandler$?make@DNameStatusNode@@SAPAV1@W4DNameStatus@@@Z 10049a7e f   LIBCMTD:undname.obj
 0001:00048aa0       __unwindfunclet$?x_ismbbtype_l@@YAHPAUlocaleinfo_struct@@IHH@Z$0 10049aa0 f   LIBCMTD:ismbbyte.obj
 0001:00048aa8       __ehhandler$?x_ismbbtype_l@@YAHPAUlocaleinfo_struct@@IHH@Z 10049aa8 f   LIBCMTD:ismbbyte.obj
 0001:00048ad0       __unwindfunclet$?strtoxl@@YAKPAUlocaleinfo_struct@@PBDPAPBDHH@Z$0 10049ad0 f   LIBCMTD:strtol.obj
 0001:00048ad8       __ehhandler$?strtoxl@@YAKPAUlocaleinfo_struct@@PBDPAPBDHH@Z 10049ad8 f   LIBCMTD:strtol.obj
 0001:00048b00       __unwindfunclet$?strtoxq@@YA_KPAUlocaleinfo_struct@@PBDPAPBDHH@Z$0 10049b00 f   LIBCMTD:strtoq.obj
 0001:00048b08       __ehhandler$?strtoxq@@YA_KPAUlocaleinfo_struct@@PBDPAPBDHH@Z 10049b08 f   LIBCMTD:strtoq.obj
 0001:00048b30       __unwindfunclet$?wcstoxl@@YAKPAUlocaleinfo_struct@@PB_WPAPB_WHH@Z$0 10049b30 f   LIBCMTD:wcstol.obj
 0001:00048b38       __ehhandler$?wcstoxl@@YAKPAUlocaleinfo_struct@@PB_WPAPB_WHH@Z 10049b38 f   LIBCMTD:wcstol.obj
