 DACOM

 Timestamp is 69ce70f7 (Thu Apr  2 08:36:55 2026)

 Preferred load address is 10000000

 Start         Length     Name                   Class
 0001:00000000 00005ab0H .text$mn                CODE
 0001:00005ab0 0000007dH .text$x                 CODE
 0002:00000000 00000174H .idata$5                DATA
 0002:00000174 0000000cH .00cfg                  DATA
 0002:00000180 00000004H .CRT$XCA                DATA
 0002:00000184 00000004H .CRT$XCZ                DATA
 0002:00000188 00000004H .CRT$XIA                DATA
 0002:0000018c 00000004H .CRT$XIZ                DATA
 0002:00000190 00000004H .CRT$XPA                DATA
 0002:00000194 00000004H .CRT$XPZ                DATA
 0002:00000198 00000004H .CRT$XTA                DATA
 0002:0000019c 00000004H .CRT$XTZ                DATA
 0002:000001a0 00000000H .gfids$y                DATA
 0002:000001a0 000007e0H .rdata                  DATA
 0002:00000980 00000040H .rdata$CastGuardVftablesA DATA
 0002:000009c0 00000040H .rdata$CastGuardVftablesC DATA
 0002:00000a00 000007fcH .rdata$r                DATA
 0002:000011fc 000000a0H .rdata$voltmd           DATA
 0002:0000129c 0000032cH .rdata$zzzdbg           DATA
 0002:000015c8 00000004H .rtc$IAA                DATA
 0002:000015cc 00000004H .rtc$IZZ                DATA
 0002:000015d0 00000004H .rtc$TAA                DATA
 0002:000015d4 00000004H .rtc$TZZ                DATA
 0002:000015d8 00000218H .xdata$x                DATA
 0002:000017f0 000000acH .edata                  DATA
 0002:0000189c 0000008cH .idata$2                DATA
 0002:00001928 00000014H .idata$3                DATA
 0002:0000193c 00000174H .idata$4                DATA
 0002:00001ab0 0000069aH .idata$6                DATA
 0003:00000000 000000b0H .data                   DATA
 0003:000000b0 00000060H .data$r                 DATA
 0003:00000110 00000448H .data$rs                DATA
 0003:00000558 000006d4H .bss                    DATA
 0004:00000000 000000f0H .rsrc$01                DATA
 0004:000000f0 000007d8H .rsrc$02                DATA

  Address         Publics by Value              Rva+Base       Lib:Object

 0000:00000000       ___AbsoluteZero            00000000     <absolute>
 0000:00000000       ___arm64x_extra_rfe_table  00000000     <absolute>
 0000:00000000       ___arm64x_extra_rfe_table_size 00000000     <absolute>
 0000:00000000       ___arm64x_native_entrypoint 00000000     <absolute>
 0000:00000000       ___arm64x_redirection_metadata 00000000     <absolute>
 0000:00000000       ___arm64x_redirection_metadata_count 00000000     <absolute>
 0000:00000000       ___dynamic_value_reloc_table 00000000     <absolute>
 0000:00000000       ___enclave_config          00000000     <absolute>
 0000:00000000       ___guard_check_icall_a64n_fptr 00000000     <absolute>
 0000:00000000       ___guard_eh_cont_count     00000000     <absolute>
 0000:00000000       ___guard_eh_cont_table     00000000     <absolute>
 0000:00000000       ___guard_fids_count        00000000     <absolute>
 0000:00000000       ___guard_fids_table        00000000     <absolute>
 0000:00000000       ___guard_iat_count         00000000     <absolute>
 0000:00000000       ___guard_iat_table         00000000     <absolute>
 0000:00000000       ___guard_longjmp_count     00000000     <absolute>
 0000:00000000       ___guard_longjmp_table     00000000     <absolute>
 0000:00000000       ___hybrid_auxiliary_delayload_iat 00000000     <absolute>
 0000:00000000       ___hybrid_auxiliary_delayload_iat_copy 00000000     <absolute>
 0000:00000000       ___hybrid_auxiliary_iat    00000000     <absolute>
 0000:00000000       ___hybrid_auxiliary_iat_copy 00000000     <absolute>
 0000:00000000       ___hybrid_code_map         00000000     <absolute>
 0000:00000000       ___hybrid_code_map_count   00000000     <absolute>
 0000:00000000       ___hybrid_image_info_bitfield 00000000     <absolute>
 0000:00000000       ___safe_se_handler_count   00000000     <absolute>
 0000:00000000       ___safe_se_handler_table   00000000     <absolute>
 0000:00000000       ___x64_code_ranges_to_entry_points 00000000     <absolute>
 0000:00000000       ___x64_code_ranges_to_entry_points_count 00000000     <absolute>
 0000:00000100       ___guard_flags             00000100     <absolute>
 0000:00000000       ___ImageBase               10000000     <linker-defined>
 0001:00000000       ?malloc_pass_through@BaseHeap@@UAGPAXPBD@Z 10001000 f   HeapPass.obj
 0001:00000035       ?realloc_pass_through@BaseHeap@@UAGPAXPBD@Z 10001035 f   HeapPass.obj
 0001:0000006f       ?calloc_pass_through@BaseHeap@@UAGPAXPBD@Z 1000106f f   HeapPass.obj
 0001:000000ab       ?malloc_pass_through@MSHeap@@UAGPAXPBD@Z 100010ab f   HeapPass.obj
 0001:000000b4       ?realloc_pass_through@MSHeap@@UAGPAXPBD@Z 100010b4 f   HeapPass.obj
 0001:000000bd       ?calloc_pass_through@MSHeap@@UAGPAXPBD@Z 100010bd f   HeapPass.obj
 0001:000000d0       ?AddRef@BaseHeap@@UAGKXZ   100010d0 f   BaseHeap.obj
 0001:000000f0       ?AddToList@BaseHeap@@QAIHPAUHeapInstance@@@Z 100010f0 f   BaseHeap.obj
 0001:00000160       ?AllocateMemory@BaseHeap@@UAGPAXKPBD@Z 10001160 f   BaseHeap.obj
 0001:000002a0       ?AllocateMemory@MTHeapInstance@@UAGPAXKPBD@Z 100012a0 f i BaseHeap.obj
 0001:000002d0       ?ClearAllocateMemory@BaseHeap@@UAGPAXKPBDE@Z 100012d0 f   BaseHeap.obj
 0001:00000310       ?CreateInstance@BaseHeap@@UAG?AW4GENRESULT@@PAUDACOMDESC@@PAPAX@Z 10001310 f   BaseHeap.obj
 0001:00000560       ?DidAlloc@BaseHeap@@UAGJPAX@Z 10001560 f   BaseHeap.obj
 0001:00000590       ?DidAlloc@MTHeapInstance@@UAGJPAX@Z 10001590 f i BaseHeap.obj
 0001:000005c0       ?EnumerateBlocks@BaseHeap@@UAGJP6GJPAUIHeap@@PAXK1@Z1@Z 100015c0 f   BaseHeap.obj
 0001:00000600       ?EnumerateBlocks@MTHeapInstance@@UAGJP6GJPAUIHeap@@PAXK1@Z1@Z 10001600 f i BaseHeap.obj
 0001:00000630       ?FreeMemory@BaseHeap@@UAGJPAX@Z 10001630 f   BaseHeap.obj
 0001:00000680       ?FreeMemory@MTHeapInstance@@UAGJPAX@Z 10001680 f i BaseHeap.obj
 0001:000006c0       ?GetAvailableMemory@BaseHeap@@UAGKXZ 100016c0 f   BaseHeap.obj
 0001:000006f0       ?GetAvailableMemory@MTHeapInstance@@UAGKXZ 100016f0 f i BaseHeap.obj
 0001:00000720       ?GetBlockMessage@BaseHeap@@UAGPBDPAX@Z 10001720 f   BaseHeap.obj
 0001:00000760       ?GetBlockMessage@MTHeapInstance@@UAGPBDPAX@Z 10001760 f i BaseHeap.obj
 0001:00000790       ?GetBlockOwner@BaseHeap@@UAGKPAX@Z 10001790 f   BaseHeap.obj
 0001:000007d0       ?GetBlockOwner@MTHeapInstance@@UAGKPAX@Z 100017d0 f i BaseHeap.obj
 0001:00000800       ?GetBlockSize@BaseHeap@@UAGKPAX@Z 10001800 f   BaseHeap.obj
 0001:00000840       ?GetBlockSize@MTHeapInstance@@UAGKPAX@Z 10001840 f i BaseHeap.obj
 0001:00000870       ?GetErrorHandler@BaseHeap@@UAGP6AHUErrorCode@@PBDZZXZ 10001870 f   BaseHeap.obj
 0001:00000880       ?GetErrorHandler@MTHeapInstance@@UAGP6AHUErrorCode@@PBDZZXZ 10001880 f i BaseHeap.obj
 0001:000008b0       ?GetHeapFlags@BaseHeap@@UAGKXZ 100018b0 f   BaseHeap.obj
 0001:000008d0       ?GetHeapSize@BaseHeap@@UAGKXZ 100018d0 f   BaseHeap.obj
 0001:00000900       ?GetHeapSize@MTHeapInstance@@UAGKXZ 10001900 f i BaseHeap.obj
 0001:00000930       ?GetLargestBlock@BaseHeap@@UAGKXZ 10001930 f   BaseHeap.obj
 0001:00000960       ?GetLargestBlock@MTHeapInstance@@UAGKXZ 10001960 f i BaseHeap.obj
 0001:00000990       ?HeapMinimize@BaseHeap@@UAGXXZ 10001990 f   BaseHeap.obj
 0001:00000a10       ?QueryInterface@BaseHeap@@UAG?AW4GENRESULT@@PBDPAPAX@Z 10001a10 f   BaseHeap.obj
 0001:00000a50       ?ReallocateMemory@BaseHeap@@UAGPAXPAXKPBD@Z 10001a50 f   BaseHeap.obj
 0001:00000b70       ?ReallocateMemory@MTHeapInstance@@UAGPAXPAXKPBD@Z 10001b70 f i BaseHeap.obj
 0001:00000bb0       ?RegisterHeap@@YAXPAUICOManager@@@Z 10001bb0 f   BaseHeap.obj
 0001:00000bd0       ?Release@BaseHeap@@UAGKXZ  10001bd0 f   BaseHeap.obj
 0001:00000c20       ?SetBlockMessage@BaseHeap@@UAGJPAXPBD@Z 10001c20 f   BaseHeap.obj
 0001:00000c60       ?SetBlockMessage@MTHeapInstance@@UAGJPAXPBD@Z 10001c60 f i BaseHeap.obj
 0001:00000c90       ?SetBlockOwner@BaseHeap@@UAGJPAXK@Z 10001c90 f   BaseHeap.obj
 0001:00000cd0       ?SetBlockOwner@MTHeapInstance@@UAGJPAXK@Z 10001cd0 f i BaseHeap.obj
 0001:00000d00       ?SetErrorHandler@BaseHeap@@UAGP6AHUErrorCode@@PBDZZP6AH01ZZ@Z 10001d00 f   BaseHeap.obj
 0001:00000d40       ?SetErrorHandler@MTHeapInstance@@UAGP6AHUErrorCode@@PBDZZP6AH01ZZ@Z 10001d40 f i BaseHeap.obj
 0001:00000d70       ?doError@BaseHeap@@QAEJKKK@Z 10001d70 f   BaseHeap.obj
 0001:00000e30       ??0DACOManager@@QAE@XZ     10001e30 f   Dacom.obj
 0001:00000f00       ??0TempStr@@QAA@PADZZ      10001f00 f i Dacom.obj
 0001:00000f20       ?AddLibrary@DACOManager@@UAG?AW4GENRESULT@@PBD@Z 10001f20 f   Dacom.obj
 0001:00001170       ?AddRef@DACOManager@@UAGKXZ 10002170 f   Dacom.obj
 0001:00001180       ?CreateInstance@DACOManager@@UAG?AW4GENRESULT@@PAUDACOMDESC@@PAPAX@Z 10002180 f   Dacom.obj
 0001:00001280       ?EnumerateComponents@DACOManager@@UAG?AW4GENRESULT@@PBDP6AJPAUIComponentFactory@@0KPAX@Z2@Z 10002280 f   Dacom.obj
 0001:00001310       ?GetAbsolutePath@DACOManager@@SGJPADPBD1J@Z 10002310 f   Dacom.obj
 0001:00001470       ?LoadAllFromDirectory@DACOManager@@QAEJPBD0@Z 10002470 f   Dacom.obj
 0001:000015f0       ?LoadAllFromPath@DACOManager@@QAEXPBD@Z 100025f0 f   Dacom.obj
 0001:000016f0       ?QueryInterface@DACOManager@@UAG?AW4GENRESULT@@PBDPAPAX@Z 100026f0 f   Dacom.obj
 0001:00001790       ?RegisterComponent@DACOManager@@UAG?AW4GENRESULT@@PAUIComponentFactory@@PBDK@Z 10002790 f   Dacom.obj
 0001:00001830       ?Release@DACOManager@@UAGKXZ 10002830 f   Dacom.obj
 0001:00001840       ?RemoveLibrary@DACOManager@@UAG?AW4GENRESULT@@PBD@Z 10002840 f   Dacom.obj
 0001:000019c0       ?STANDARD_DUMP@@YAHUErrorCode@@PBDZZ 100029c0 f   Dacom.obj
 0001:00001aa0       ?SetINIConfig@DACOManager@@UAG?AW4GENRESULT@@PBDK@Z 10002aa0 f   Dacom.obj
 0001:00001b10       ?ShutDown@DACOManager@@UAG?AW4GENRESULT@@XZ 10002b10 f   Dacom.obj
 0001:00001bc0       ?UnregisterComponent@DACOManager@@UAG?AW4GENRESULT@@PAUIComponentFactory@@PBD@Z 10002bc0 f   Dacom.obj
 0001:00001c70       ?UnregisterRelatedComponents@DACOManager@@QAEXPAUADDED_LIBRARY@@@Z 10002c70 f   Dacom.obj
 0001:00001cf0       ?free@?$LList@UADDED_LIBRARY@@@@QAEXPAUADDED_LIBRARY@@@Z 10002cf0 f i Dacom.obj
 0001:00001d40       ?initialize@DACOManager@@QAEJXZ 10002d40 f   Dacom.obj
 0001:00001f60       _DACOM_Acquire             10002f60 f   Dacom.obj
 0001:00001f90       _DACOM_GetDllVersion       10002f90 f   Dacom.obj
 0001:000020f0       _DACOM_GetVersion          100030f0 f   Dacom.obj
 0001:000021b0       ?AllocateMemory@HeapInstance@@UAGPAXKPBD@Z 100031b0 f   HeapInst.obj
 0001:000021f0       ?DidAlloc@HeapInstance@@UAGJPAX@Z 100031f0 f   HeapInst.obj
 0001:00002220       ?EnumerateBlocks@HeapInstance@@UAGJP6GJPAUIHeap@@PAXK1@Z1@Z 10003220 f   HeapInst.obj
 0001:000022c0       ?FreeMemory@HeapInstance@@UAGJPAX@Z 100032c0 f   HeapInst.obj
 0001:00002340       ?GetAvailableMemory@HeapInstance@@UAGKXZ 10003340 f   HeapInst.obj
 0001:00002380       ?GetBlockMessage@HeapInstance@@UAGPBDPAX@Z 10003380 f   HeapInst.obj
 0001:00002410       ?GetBlockOwner@HeapInstance@@UAGKPAX@Z 10003410 f   HeapInst.obj
 0001:000024a0       ?GetBlockSize@HeapInstance@@UAGKPAX@Z 100034a0 f   HeapInst.obj
 0001:00002520       ?GetErrorHandler@HeapInstance@@UAGP6AHUErrorCode@@PBDZZXZ 10003520 f   HeapInst.obj
 0001:00002530       ?GetHeapSize@HeapInstance@@UAGKXZ 10003530 f   HeapInst.obj
 0001:00002550       ?GetLargestBlock@HeapInstance@@UAGKXZ 10003550 f   HeapInst.obj
 0001:000025b0       ?ReallocateMemory@HeapInstance@@UAGPAXPAXKPBD@Z 100035b0 f   HeapInst.obj
 0001:00002680       ?Release@HeapInstance@@UAGKXZ 10003680 f   HeapInst.obj
 0001:000026c0       ?SetBlockMessage@HeapInstance@@UAGJPAXPBD@Z 100036c0 f   HeapInst.obj
 0001:00002750       ?SetBlockOwner@HeapInstance@@UAGJPAXK@Z 10003750 f   HeapInst.obj
 0001:000027e0       ?SetErrorHandler@HeapInstance@@UAGP6AHUErrorCode@@PBDZZP6AH01ZZ@Z 100037e0 f   HeapInst.obj
 0001:00002800       ?free@HeapInstance@@QAIHPAUFREE_BLOCK@@@Z 10003800 f   HeapInst.obj
 0001:00002970       ?initHeap@HeapInstance@@QAE?AW4GENRESULT@@PAUDAHEAPDESC@@@Z 10003970 f   HeapInst.obj
 0001:00002a80       ?malloc@HeapInstance@@QAIPAUBASE_BLOCK@@K@Z 10003a80 f   HeapInst.obj
 0001:00002b50       ?sort@HeapInstance@@QAIXPAUFREE_BLOCK@@@Z 10003b50 f   HeapInst.obj
 0001:00002c10       ?AddRef@?$DAComponent@UMSHeap@@@@UAGKXZ 10003c10 f i MSHeap.obj
 0001:00002c30       ?AllocateMemory@MSHeap@@UAGPAXKPBD@Z 10003c30 f   MSHeap.obj
 0001:00002c50       ?ClearAllocateMemory@MSHeap@@UAGPAXKPBDE@Z 10003c50 f   MSHeap.obj
 0001:00002c80       ?CreateInstance@MSHeap@@UAG?AW4GENRESULT@@PAUDACOMDESC@@PAPAX@Z 10003c80 f   MSHeap.obj
 0001:00002ca0       ?DidAlloc@MSHeap@@UAGJPAX@Z 10003ca0 f   MSHeap.obj
 0001:00002cb0       ?EnumerateBlocks@MSHeap@@UAGJP6GJPAUIHeap@@PAXK1@Z1@Z 10003cb0 f   MSHeap.obj
 0001:00002cd0       ?FreeMemory@MSHeap@@UAGJPAX@Z 10003cd0 f   MSHeap.obj
 0001:00002e10       ?GetAvailableMemory@MSHeap@@UAGKXZ 10003e10 f   MSHeap.obj
 0001:00002e20       ?GetBlockMessage@MSHeap@@UAGPBDPAX@Z 10003e20 f   MSHeap.obj
 0001:00002e30       ?GetBlockOwner@MSHeap@@UAGKPAX@Z 10003e30 f   MSHeap.obj
 0001:00002e40       ?GetBlockSize@MSHeap@@UAGKPAX@Z 10003e40 f   MSHeap.obj
 0001:00002ed0       ?GetErrorHandler@MSHeap@@UAGP6AHUErrorCode@@PBDZZXZ 10003ed0 f   MSHeap.obj
 0001:00002ee0       ?GetHeapFlags@MSHeap@@UAGKXZ 10003ee0 f   MSHeap.obj
 0001:00002ef0       ?GetHeapSize@MSHeap@@UAGKXZ 10003ef0 f   MSHeap.obj
 0001:00002f00       ?GetLargestBlock@MSHeap@@UAGKXZ 10003f00 f   MSHeap.obj
 0001:00002f10       ?HeapMinimize@MSHeap@@UAGXXZ 10003f10 f   MSHeap.obj
 0001:00002f20       ?QueryInterface@?$DAComponent@UMSHeap@@@@UAG?AW4GENRESULT@@PBDPAPAX@Z 10003f20 f i MSHeap.obj
 0001:00002fd0       ?ReallocateMemory@MSHeap@@UAGPAXPAXKPBD@Z 10003fd0 f   MSHeap.obj
 0001:00003040       ?Release@?$DAComponent@UMSHeap@@@@UAGKXZ 10004040 f i MSHeap.obj
 0001:00003070       ?SetBlockMessage@MSHeap@@UAGJPAXPBD@Z 10004070 f   MSHeap.obj
 0001:00003080       ?SetBlockOwner@MSHeap@@UAGJPAXK@Z 10004080 f   MSHeap.obj
 0001:00003090       ?SetErrorHandler@MSHeap@@UAGP6AHUErrorCode@@PBDZZP6AH01ZZ@Z 10004090 f   MSHeap.obj
 0001:000030b0       ?_GetEntriesIn@MSHeap@@SGPBU_DACOM_INTMAP_ENTRY@@XZ 100040b0 f i MSHeap.obj
 0001:000030f0       _DllMain@12                100040f0 f   MSHeap.obj
 0001:00003180       _HEAP_Acquire              10004180 f   MSHeap.obj
 0001:000031a0       ?AddRef@?$DAComponentAggregate@UProfileParser2@@@@UAGKXZ 100041a0 f i ProfileParser.obj
 0001:000031b2       ?AddRef@?$DAComponentAggregate@UProfileParser2@@@@W3AGKXZ 100041b2 f i ProfileParser.obj
 0001:000031c0       ?AddRef@?$DAComponentAggregate@UProfileParser@@@@UAGKXZ 100041c0 f i ProfileParser.obj
 0001:000031e0       ?AddRef@?$DAComponentFactoryBase@U?$DAComponentAggregate@UProfileParser2@@@@UPROFPARSEDESC2@@@@UAGKXZ 100041e0 f i ProfileParser.obj
 0001:00003200       ?AddRef@?$DAComponentFactoryBase@U?$DAComponentAggregate@UProfileParser@@@@UPROFPARSEDESC@@@@UAGKXZ 10004200 f i ProfileParser.obj
 0001:00003220       ?AddRef@?$DAComponentInner@UProfileParser2@@UIDAComponent@@@@UAGKXZ 10004220 f i ProfileParser.obj
 0001:00003240       ?AddRef@?$DAComponentInner@UProfileParser@@UIDAComponent@@@@UAGKXZ 10004240 f i ProfileParser.obj
 0001:00003260       ?CloseSection@ProfileParser2@@UAGJPAX@Z 10004260 f i ProfileParser.obj
 0001:0000326d       ?CloseSection@ProfileParser2@@W3AGJPAX@Z 1000426d f i ProfileParser.obj
 0001:00003280       ?CloseSection@ProfileParser@@UAGJPAX@Z 10004280 f   ProfileParser.obj
 0001:00003290       ?CreateInstance@?$DAComponentFactory2@U?$DAComponentAggregate@UProfileParser2@@@@UPROFPARSEDESC2@@@@UAG?AW4GENRESULT@@PAUDACOMDESC@@PAPAX@Z 10004290 f i ProfileParser.obj
 0001:000033c0       ?CreateInstance@?$DAComponentFactory2@U?$DAComponentAggregate@UProfileParser@@@@UPROFPARSEDESC@@@@UAG?AW4GENRESULT@@PAUDACOMDESC@@PAPAX@Z 100043c0 f i ProfileParser.obj
 0001:000034e0       ?CreateProfileParserFactory2@@YAPAUIComponentFactory@@XZ 100044e0 f   ProfileParser.obj
 0001:00003520       ?CreateProfileParserFactory@@YAPAUIComponentFactory@@XZ 10004520 f   ProfileParser.obj
 0001:00003560       ?CreateSection@ProfileParser2@@UAGPAXPBDW4CREATE_MODE@IProfileParser@@@Z 10004560 f i ProfileParser.obj
 0001:0000356d       ?CreateSection@ProfileParser2@@W3AGPAXPBDW4CREATE_MODE@IProfileParser@@@Z 1000456d f i ProfileParser.obj
 0001:00003580       ?CreateSection@ProfileParser@@UAGPAXPBDW4CREATE_MODE@IProfileParser@@@Z 10004580 f   ProfileParser.obj
 0001:00003610       ?EnumerateKeys@ProfileParser2@@UAGJPAUIProfileCallback@@PAX1@Z 10004610 f   ProfileParser.obj
 0001:000037e0       ?EnumerateSections@ProfileParser2@@UAGJPAUIProfileCallback@@PAX@Z 100047e0 f   ProfileParser.obj
 0001:00003850       ?EnumerateSections@ProfileParser@@UAGJP6GJPAUIProfileParser@@PBDPAX@Z2@Z 10004850 f   ProfileParser.obj
 0001:000038b0       ?Initialize2@ProfileParser2@@UAG?AW4GENRESULT@@PBDK@Z 100048b0 f   ProfileParser.obj
 0001:000038d0       ?Initialize@ProfileParser2@@UAG?AW4GENRESULT@@PBDW4ACCESS@IProfileParser@@@Z 100048d0 f i ProfileParser.obj
 0001:000038dd       ?Initialize@ProfileParser2@@W3AG?AW4GENRESULT@@PBDW4ACCESS@IProfileParser@@@Z 100048dd f i ProfileParser.obj
 0001:000038f0       ?Initialize@ProfileParser@@UAG?AW4GENRESULT@@PBDW4ACCESS@IProfileParser@@@Z 100048f0 f   ProfileParser.obj
 0001:00003a60       ?QueryInterface@?$DAComponentAggregate@UProfileParser2@@@@UAG?AW4GENRESULT@@PBDPAPAX@Z 10004a60 f i ProfileParser.obj
 0001:00003a71       ?QueryInterface@?$DAComponentAggregate@UProfileParser2@@@@W3AG?AW4GENRESULT@@PBDPAPAX@Z 10004a71 f i ProfileParser.obj
 0001:00003a80       ?QueryInterface@?$DAComponentAggregate@UProfileParser@@@@UAG?AW4GENRESULT@@PBDPAPAX@Z 10004a80 f i ProfileParser.obj
 0001:00003aa0       ?QueryInterface@?$DAComponentFactoryBase@U?$DAComponentAggregate@UProfileParser2@@@@UPROFPARSEDESC2@@@@UAG?AW4GENRESULT@@PBDPAPAX@Z 10004aa0 f i ProfileParser.obj
 0001:00003b00       ?QueryInterface@?$DAComponentFactoryBase@U?$DAComponentAggregate@UProfileParser@@@@UPROFPARSEDESC@@@@UAG?AW4GENRESULT@@PBDPAPAX@Z 10004b00 f i ProfileParser.obj
 0001:00003b60       ?QueryInterface@?$DAComponentInner@UProfileParser2@@UIDAComponent@@@@UAG?AW4GENRESULT@@PBDPAPAX@Z 10004b60 f i ProfileParser.obj
 0001:00003c10       ?QueryInterface@?$DAComponentInner@UProfileParser@@UIDAComponent@@@@UAG?AW4GENRESULT@@PBDPAPAX@Z 10004c10 f i ProfileParser.obj
 0001:00003cc0       ?ReadKeyValue@ProfileParser2@@UAGKPAXPBDPADK@Z 10004cc0 f i ProfileParser.obj
 0001:00003ccd       ?ReadKeyValue@ProfileParser2@@W3AGKPAXPBDPADK@Z 10004ccd f i ProfileParser.obj
 0001:00003ce0       ?ReadKeyValue@ProfileParser@@UAGKPAXPBDPADK@Z 10004ce0 f   ProfileParser.obj
 0001:00003e20       ?ReadProfileLine@ProfileParser2@@UAGKPAXKPADK@Z 10004e20 f i ProfileParser.obj
 0001:00003e2d       ?ReadProfileLine@ProfileParser2@@W3AGKPAXKPADK@Z 10004e2d f i ProfileParser.obj
 0001:00003e40       ?ReadProfileLine@ProfileParser@@UAGKPAXKPADK@Z 10004e40 f   ProfileParser.obj
 0001:00003f00       ?Release@?$DAComponentAggregate@UProfileParser2@@@@UAGKXZ 10004f00 f i ProfileParser.obj
 0001:00003f12       ?Release@?$DAComponentAggregate@UProfileParser2@@@@W3AGKXZ 10004f12 f i ProfileParser.obj
 0001:00003f20       ?Release@?$DAComponentAggregate@UProfileParser@@@@UAGKXZ 10004f20 f i ProfileParser.obj
 0001:00003f40       ?Release@?$DAComponentFactoryBase@U?$DAComponentAggregate@UProfileParser2@@@@UPROFPARSEDESC2@@@@UAGKXZ 10004f40 f i ProfileParser.obj
 0001:00003f70       ?Release@?$DAComponentFactoryBase@U?$DAComponentAggregate@UProfileParser@@@@UPROFPARSEDESC@@@@UAGKXZ 10004f70 f i ProfileParser.obj
 0001:00003fa0       ?Release@?$DAComponentInner@UProfileParser2@@UIDAComponent@@@@UAGKXZ 10004fa0 f i ProfileParser.obj
 0001:00004020       ?Release@?$DAComponentInner@UProfileParser@@UIDAComponent@@@@UAGKXZ 10005020 f i ProfileParser.obj
 0001:000040a0       ?_GetEntriesIn@ProfileParser2@@SGPBU_DACOM_INTMAP_ENTRY@@XZ 100050a0 f i ProfileParser.obj
 0001:00004110       ?_GetEntriesIn@ProfileParser@@SGPBU_DACOM_INTMAP_ENTRY@@XZ 10005110 f i ProfileParser.obj
 0001:00004150       ?__empty_global_delete@@YAXPAX@Z 10005150 f i ProfileParser.obj
 0001:00004160       ?__empty_global_delete@@YAXPAXI@Z 10005160 f i ProfileParser.obj
 0001:00004160       ?__global_delete@@YAXPAXI@Z 10005160 f i ProfileParser.obj
 0001:00004170       ?free@ProfileParser@@QAEXXZ 10005170 f   ProfileParser.obj
 0001:00004190       ?getLine@ProfileParser@@SIPBDPBDH@Z 10005190 f   ProfileParser.obj
 0001:00004200       ?getSection@ProfileParser@@SIPBDPBDH@Z 10005200 f   ProfileParser.obj
 0001:0000423a       _GetFileVersionInfoSizeA@8 1000523a f   version:VERSION.dll
 0001:00004240       _GetFileVersionInfoA@16    10005240 f   version:VERSION.dll
 0001:00004246       _VerQueryValueA@16         10005246 f   version:VERSION.dll
 0001:0000424c       _InitializeCriticalSection@4 1000524c f   kernel32:KERNEL32.dll
 0001:00004252       _EnterCriticalSection@4    10005252 f   kernel32:KERNEL32.dll
 0001:00004258       _LeaveCriticalSection@4    10005258 f   kernel32:KERNEL32.dll
 0001:0000425e       _DeleteCriticalSection@4   1000525e f   kernel32:KERNEL32.dll
 0001:00004264       _VirtualFree@12            10005264 f   kernel32:KERNEL32.dll
 0001:0000426a       _GetEnvironmentVariableA@12 1000526a f   kernel32:KERNEL32.dll
 0001:00004270       _FindClose@4               10005270 f   kernel32:KERNEL32.dll
 0001:00004276       _FindFirstFileA@8          10005276 f   kernel32:KERNEL32.dll
 0001:0000427c       _FindNextFileA@8           1000527c f   kernel32:KERNEL32.dll
 0001:00004282       _OutputDebugStringA@4      10005282 f   kernel32:KERNEL32.dll
 0001:00004288       _FreeLibrary@4             10005288 f   kernel32:KERNEL32.dll
 0001:0000428e       _GetModuleFileNameA@12     1000528e f   kernel32:KERNEL32.dll
 0001:00004294       _LoadLibraryA@4            10005294 f   kernel32:KERNEL32.dll
 0001:0000429a       _GetShortPathNameA@12      1000529a f   kernel32:KERNEL32.dll
 0001:000042a0       _VirtualAlloc@16           100052a0 f   kernel32:KERNEL32.dll
 0001:000042a6       _HeapReAlloc@16            100052a6 f   kernel32:KERNEL32.dll
 0001:000042ac       _HeapFree@12               100052ac f   kernel32:KERNEL32.dll
 0001:000042b2       _HeapSize@12               100052b2 f   kernel32:KERNEL32.dll
 0001:000042b8       _GetProcessHeap@0          100052b8 f   kernel32:KERNEL32.dll
 0001:000042be       _CreateFileA@28            100052be f   kernel32:KERNEL32.dll
 0001:000042c4       _GetFileSize@8             100052c4 f   kernel32:KERNEL32.dll
 0001:000042ca       _ReadFile@20               100052ca f   kernel32:KERNEL32.dll
 0001:000042d0       _CloseHandle@4             100052d0 f   kernel32:KERNEL32.dll
 0001:000042d6       _LoadStringA@16            100052d6 f   user32:USER32.dll
 0001:000042dc       _wvsprintfA@12             100052dc f   user32:USER32.dll
 0001:000042e2       _PostQuitMessage@4         100052e2 f   user32:USER32.dll
 0001:000042e8       _MessageBoxA@16            100052e8 f   user32:USER32.dll
 0001:000042ee       ??2@YAPAXI@Z               100052ee f   MSVCRT:new_scalar.obj
 0001:0000431e       ??3@YAXPAXI@Z              1000531e f   MSVCRT:delete_scalar_size.obj
 0001:0000432c       @__security_check_cookie@4 1000532c f   MSVCRT:secchk.obj
 0001:0000433a       ??1type_info@@UAE@XZ       1000533a f   MSVCRT:std_type_info_static.obj
 0001:00004341       ??_Etype_info@@UAEPAXI@Z   10005341 f i MSVCRT:std_type_info_static.obj
 0001:00004341       ??_Gtype_info@@UAEPAXI@Z   10005341 f i MSVCRT:std_type_info_static.obj
 0001:00004364       ??_U@YAPAXI@Z              10005364 f   MSVCRT:new_array.obj
 0001:0000436d       ??_V@YAXPAX@Z              1000536d f   MSVCRT:delete_array.obj
 0001:00004372       ___raise_securityfailure   10005372 f   MSVCRT:gs_report.obj
 0001:0000439a       ___report_gsfailure        1000539a f   MSVCRT:gs_report.obj
 0001:00004495       ___report_rangecheckfailure 10005495 f   MSVCRT:gs_report.obj
 0001:000044a2       ___report_securityfailure  100054a2 f   MSVCRT:gs_report.obj
 0001:00004572       ___report_securityfailureEx 10005572 f   MSVCRT:gs_report.obj
 0001:00004690       __alloca_probe             10005690 f   MSVCRT:chkstk.obj
 0001:00004690       __chkstk                   10005690 f   MSVCRT:chkstk.obj
 0001:000046bb       __except_handler4          100056bb f   MSVCRT:chandler4gs.obj
 0001:00004a37       __CRT_INIT@12              10005a37 f   MSVCRT:dll_dllmain.obj
 0001:00004a40       __DllMainCRTStartup@12     10005a40 f   MSVCRT:dll_dllmain.obj
 0001:00004a63       ??0bad_alloc@std@@AAE@QBD@Z 10005a63 f i MSVCRT:throw_bad_alloc.obj
 0001:00004a86       ??0bad_alloc@std@@QAE@ABV01@@Z 10005a86 f i MSVCRT:throw_bad_alloc.obj
 0001:00004aa1       ??0bad_alloc@std@@QAE@XZ   10005aa1 f i MSVCRT:throw_bad_alloc.obj
 0001:00004abf       ??0bad_array_new_length@std@@QAE@ABV01@@Z 10005abf f i MSVCRT:throw_bad_alloc.obj
 0001:00004ada       ??0bad_array_new_length@std@@QAE@XZ 10005ada f i MSVCRT:throw_bad_alloc.obj
 0001:00004af8       ??0exception@std@@QAE@ABV01@@Z 10005af8 f i MSVCRT:throw_bad_alloc.obj
 0001:00004b2a       ??0exception@std@@QAE@QBDH@Z 10005b2a f i MSVCRT:throw_bad_alloc.obj
 0001:00004b4d       ??1bad_alloc@std@@UAE@XZ   10005b4d f i MSVCRT:throw_bad_alloc.obj
 0001:00004b5e       ??1bad_array_new_length@std@@UAE@XZ 10005b5e f i MSVCRT:throw_bad_alloc.obj
 0001:00004b6f       ??1exception@std@@UAE@XZ   10005b6f f i MSVCRT:throw_bad_alloc.obj
 0001:00004b80       ??_Ebad_alloc@std@@UAEPAXI@Z 10005b80 f i MSVCRT:throw_bad_alloc.obj
 0001:00004b80       ??_Gbad_alloc@std@@UAEPAXI@Z 10005b80 f i MSVCRT:throw_bad_alloc.obj
 0001:00004bad       ??_Ebad_array_new_length@std@@UAEPAXI@Z 10005bad f i MSVCRT:throw_bad_alloc.obj
 0001:00004bad       ??_Gbad_array_new_length@std@@UAEPAXI@Z 10005bad f i MSVCRT:throw_bad_alloc.obj
 0001:00004bda       ??_Eexception@std@@UAEPAXI@Z 10005bda f i MSVCRT:throw_bad_alloc.obj
 0001:00004bda       ??_Gexception@std@@UAEPAXI@Z 10005bda f i MSVCRT:throw_bad_alloc.obj
 0001:00004c07       ?__scrt_throw_std_bad_alloc@@YAXXZ 10005c07 f   MSVCRT:throw_bad_alloc.obj
 0001:00004c24       ?__scrt_throw_std_bad_array_new_length@@YAXXZ 10005c24 f   MSVCRT:throw_bad_alloc.obj
 0001:00004c41       ?what@exception@std@@UBEPBDXZ 10005c41 f i MSVCRT:throw_bad_alloc.obj
 0001:00004c4f       ??3@YAXPAX@Z               10005c4f f   MSVCRT:delete_scalar.obj
 0001:00004ca1       ___security_init_cookie    10005ca1 f   MSVCRT:gs_support.obj
 0001:00004cec       ?__scrt_initialize_type_info@@YAXXZ 10005cec f   MSVCRT:tncleanup.obj
 0001:00004cf8       ?__scrt_uninitialize_type_info@@YAXXZ 10005cf8 f   MSVCRT:tncleanup.obj
 0001:00004d04       ___local_stdio_printf_options 10005d04 f i MSVCRT:default_local_stdio_options.obj
 0001:00004d0a       ___local_stdio_scanf_options 10005d0a f i MSVCRT:default_local_stdio_options.obj
 0001:00004d10       ___scrt_initialize_default_local_stdio_options 10005d10 f   MSVCRT:default_local_stdio_options.obj
 0001:00004d2d       ?configure_argv@__scrt_narrow_argv_policy@@SAHXZ 10005d2d f i MSVCRT:utility.obj
 0001:00004d7c       ?initialize_environment@__scrt_narrow_environment_policy@@SAHXZ 10005d7c f i MSVCRT:utility.obj
 0001:00004db4       _NtCurrentTeb              10005db4 f i MSVCRT:utility.obj
 0001:00004dbb       ___scrt_acquire_startup_lock 10005dbb f   MSVCRT:utility.obj
 0001:00004ded       ___scrt_dllmain_after_initialize_c 10005ded f   MSVCRT:utility.obj
 0001:00004e18       ___scrt_dllmain_before_initialize_c 10005e18 f   MSVCRT:utility.obj
 0001:00004e26       ___scrt_dllmain_crt_thread_attach 10005e26 f   MSVCRT:utility.obj
 0001:00004e45       ___scrt_dllmain_crt_thread_detach 10005e45 f   MSVCRT:utility.obj
 0001:00004e52       ___scrt_dllmain_exception_filter 10005e52 f   MSVCRT:utility.obj
 0001:00004e86       ___scrt_dllmain_uninitialize_c 10005e86 f   MSVCRT:utility.obj
 0001:00004ea9       ___scrt_dllmain_uninitialize_critical 10005ea9 f   MSVCRT:utility.obj
 0001:00004eb6       ___scrt_initialize_crt     10005eb6 f   MSVCRT:utility.obj
 0001:00004eef       ___scrt_initialize_onexit_tables 10005eef f   MSVCRT:utility.obj
 0001:00004f76       ___scrt_is_nonwritable_in_current_image 10005f76 f   MSVCRT:utility.obj
 0001:0000500d       ___scrt_release_startup_lock 1000600d f   MSVCRT:utility.obj
 0001:0000502a       ___scrt_uninitialize_crt   1000602a f   MSVCRT:utility.obj
 0001:00005052       __onexit                   10006052 f   MSVCRT:utility.obj
 0001:00005080       _at_quick_exit             10006080 f   MSVCRT:utility.obj
 0001:000050a3       _atexit                    100060a3 f   MSVCRT:utility.obj
 0001:000050b8       ___scrt_get_dyn_tls_init_callback 100060b8 f   MSVCRT:dyn_tls_init.obj
 0001:000050be       ___scrt_fastfail           100060be f   MSVCRT:utility_desktop.obj
 0001:000051d3       ___scrt_get_show_window_mode 100061d3 f   MSVCRT:utility_desktop.obj
 0001:00005203       ___scrt_initialize_mta     10006203 f   MSVCRT:utility_desktop.obj
 0001:00005208       ___scrt_initialize_winrt   10006208 f   MSVCRT:utility_desktop.obj
 0001:0000520b       ___scrt_is_managed_app     1000620b f   MSVCRT:utility_desktop.obj
 0001:0000524d       ___scrt_set_unhandled_exception_filter 1000624d f   MSVCRT:utility_desktop.obj
 0001:00005259       ___scrt_exe_initialize_mta 10006259 f   MSVCRT:utility_desktop.obj
 0001:00005259       ___scrt_stub_for_initialize_mta 10006259 f   MSVCRT:utility_desktop.obj
 0001:0000525c       ___scrt_unhandled_exception_filter@4 1000625c f   MSVCRT:utility_desktop.obj
 0001:000052b2       __crt_debugger_hook        100062b2 f   MSVCRT:utility_desktop.obj
 0001:000052bd       __RTC_Initialize           100062bd f   MSVCRT:initsect.obj
 0001:000052e9       __RTC_Terminate            100062e9 f   MSVCRT:initsect.obj
 0001:00005320       __SEH_prolog4              10006320 f   MSVCRT:sehprolg4.obj
 0001:00005370       __SEH_epilog4              10006370 f   MSVCRT:sehprolg4.obj
 0001:00005384       @_guard_check_icall_nop@4  10006384 f i MSVCRT:guard_support.obj
 0001:00005387       _ReadNoFence               10006387 f i MSVCRT:guard_support.obj
 0001:00005391       _ReadPointerNoFence        10006391 f i MSVCRT:guard_support.obj
 0001:0000539b       __InlineInterlockedExchangePointer 1000639b f i MSVCRT:guard_support.obj
 0001:000053a8       ___castguard_check_failure_debugbreak 100063a8 f i MSVCRT:guard_support.obj
 0001:000053c3       ___castguard_check_failure_fastfail 100063c3 f i MSVCRT:guard_support.obj
 0001:000053e2       ___castguard_check_failure_nop 100063e2 f i MSVCRT:guard_support.obj
 0001:000053e5       ___castguard_check_failure_os_handled 100063e5 f i MSVCRT:guard_support.obj
 0001:0000541c       ___castguard_check_failure_user_handled 1000641c f i MSVCRT:guard_support.obj
 0001:0000548a       ___castguard_set_user_handler 1000648a f i MSVCRT:guard_support.obj
 0001:00005499       ___castguard_slow_path_check_debugbreak 10006499 f i MSVCRT:guard_support.obj
 0001:000054c6       ___castguard_slow_path_check_fastfail 100064c6 f i MSVCRT:guard_support.obj
 0001:000054f7       ___castguard_slow_path_check_nop 100064f7 f i MSVCRT:guard_support.obj
 0001:000054fa       ___castguard_slow_path_check_os_handled 100064fa f i MSVCRT:guard_support.obj
 0001:00005536       ___castguard_slow_path_check_user_handled 10006536 f i MSVCRT:guard_support.obj
 0001:00005597       __guard_icall_checks_enforced 10006597 f i MSVCRT:guard_support.obj
 0001:000055a9       ___isa_available_init      100065a9 f   MSVCRT:cpu_disp.obj
 0001:000058c3       __get_startup_argv_mode    100068c3 f   MSVCRT:argv_mode.obj
 0001:000058c7       ___scrt_is_ucrt_dll_in_use 100068c7 f   MSVCRT:ucrt_detection.obj
 0001:000058d3       _memcpy                    100068d3 f   vcruntime:VCRUNTIME140.dll
 0001:000058d9       _memset                    100068d9 f   vcruntime:VCRUNTIME140.dll
 0001:000058df       _strchr                    100068df f   vcruntime:VCRUNTIME140.dll
 0001:000058e5       _strrchr                   100068e5 f   vcruntime:VCRUNTIME140.dll
 0001:000058eb       __purecall                 100068eb f   vcruntime:VCRUNTIME140.dll
 0001:000058f1       ___std_terminate           100068f1 f   vcruntime:VCRUNTIME140.dll
 0001:000058f7       ___CxxFrameHandler3        100068f7 f   vcruntime:VCRUNTIME140.dll
 0001:000058fd       __except_handler4_common   100068fd f   vcruntime:VCRUNTIME140.dll
 0001:00005903       ___std_exception_copy      10006903 f   vcruntime:VCRUNTIME140.dll
 0001:00005909       ___std_exception_destroy   10006909 f   vcruntime:VCRUNTIME140.dll
 0001:0000590f       __CxxThrowException@8      1000690f f   vcruntime:VCRUNTIME140.dll
 0001:00005915       ___std_type_info_destroy_list 10006915 f   vcruntime:VCRUNTIME140.dll
 0001:0000591b       ___current_exception       1000691b f   vcruntime:VCRUNTIME140.dll
 0001:00005921       ___current_exception_context 10006921 f   vcruntime:VCRUNTIME140.dll
 0001:00005927       _calloc                    10006927 f   ucrt:api-ms-win-crt-heap-l1-1-0.dll
 0001:0000592d       _malloc                    1000692d f   ucrt:api-ms-win-crt-heap-l1-1-0.dll
 0001:00005933       _realloc                   10006933 f   ucrt:api-ms-win-crt-heap-l1-1-0.dll
 0001:00005939       _strcpy_s                  10006939 f   ucrt:api-ms-win-crt-string-l1-1-0.dll
 0001:0000593f       _strcat_s                  1000693f f   ucrt:api-ms-win-crt-string-l1-1-0.dll
 0001:00005945       _strncpy_s                 10006945 f   ucrt:api-ms-win-crt-string-l1-1-0.dll
 0001:0000594b       _strncpy                   1000694b f   ucrt:api-ms-win-crt-string-l1-1-0.dll
 0001:00005951       __strupr_s                 10006951 f   ucrt:api-ms-win-crt-string-l1-1-0.dll
 0001:00005957       _abort                     10006957 f   ucrt:api-ms-win-crt-runtime-l1-1-0.dll
 0001:0000595d       _free                      1000695d f   ucrt:api-ms-win-crt-heap-l1-1-0.dll
 0001:00005963       __msize                    10006963 f   ucrt:api-ms-win-crt-heap-l1-1-0.dll
 0001:00005969       __heapmin                  10006969 f   ucrt:api-ms-win-crt-heap-l1-1-0.dll
 0001:0000596f       __heapchk                  1000696f f   ucrt:api-ms-win-crt-heap-l1-1-0.dll
 0001:00005975       _isalnum                   10006975 f   ucrt:api-ms-win-crt-string-l1-1-0.dll
 0001:0000597b       __callnewh                 1000697b f   ucrt:api-ms-win-crt-heap-l1-1-0.dll
 0001:00005981       __initterm                 10006981 f   ucrt:api-ms-win-crt-runtime-l1-1-0.dll
 0001:00005987       __initterm_e               10006987 f   ucrt:api-ms-win-crt-runtime-l1-1-0.dll
 0001:0000598d       __seh_filter_dll           1000698d f   ucrt:api-ms-win-crt-runtime-l1-1-0.dll
 0001:00005993       __configure_narrow_argv    10006993 f   ucrt:api-ms-win-crt-runtime-l1-1-0.dll
 0001:00005999       __initialize_narrow_environment 10006999 f   ucrt:api-ms-win-crt-runtime-l1-1-0.dll
 0001:0000599f       __initialize_onexit_table  1000699f f   ucrt:api-ms-win-crt-runtime-l1-1-0.dll
 0001:000059a5       __register_onexit_function 100069a5 f   ucrt:api-ms-win-crt-runtime-l1-1-0.dll
 0001:000059ab       __execute_onexit_table     100069ab f   ucrt:api-ms-win-crt-runtime-l1-1-0.dll
 0001:000059b1       __crt_atexit               100069b1 f   ucrt:api-ms-win-crt-runtime-l1-1-0.dll
 0001:000059b7       __crt_at_quick_exit        100069b7 f   ucrt:api-ms-win-crt-runtime-l1-1-0.dll
 0001:000059bd       __cexit                    100069bd f   ucrt:api-ms-win-crt-runtime-l1-1-0.dll
 0001:000059c3       _terminate                 100069c3 f   ucrt:api-ms-win-crt-runtime-l1-1-0.dll
 0001:000059c9       __stricmp                  100069c9 f   ucrt:api-ms-win-crt-string-l1-1-0.dll
 0001:000059cf       __strnicmp                 100069cf f   ucrt:api-ms-win-crt-string-l1-1-0.dll
 0001:000059d5       _UnhandledExceptionFilter@4 100069d5 f   kernel32:KERNEL32.dll
 0001:000059db       _SetUnhandledExceptionFilter@4 100069db f   kernel32:KERNEL32.dll
 0001:000059e1       _GetCurrentProcess@0       100069e1 f   kernel32:KERNEL32.dll
 0001:000059e7       _TerminateProcess@8        100069e7 f   kernel32:KERNEL32.dll
 0001:000059ed       _IsProcessorFeaturePresent@4 100069ed f   kernel32:KERNEL32.dll
 0001:000059f3       _QueryPerformanceCounter@4 100069f3 f   kernel32:KERNEL32.dll
 0001:000059f9       _GetCurrentProcessId@0     100069f9 f   kernel32:KERNEL32.dll
 0001:000059ff       _GetCurrentThreadId@0      100069ff f   kernel32:KERNEL32.dll
 0001:00005a05       _GetSystemTimeAsFileTime@4 10006a05 f   kernel32:KERNEL32.dll
 0001:00005a0b       _InitializeSListHead@4     10006a0b f   kernel32:KERNEL32.dll
 0001:00005a11       _IsDebuggerPresent@0       10006a11 f   kernel32:KERNEL32.dll
 0001:00005a17       _GetStartupInfoW@4         10006a17 f   kernel32:KERNEL32.dll
 0001:00005a1d       _GetModuleHandleW@4        10006a1d f   kernel32:KERNEL32.dll
 0001:00005a23       __filter_x86_sse2_floating_point_exception 10006a23 f   MSVCRT:x86_exception_filter.obj
 0001:00005a23       __filter_x86_sse2_floating_point_exception_default 10006a23 f   MSVCRT:x86_exception_filter.obj
 0001:00005a9a       ___acrt_initialize         10006a9a f   MSVCRT:ucrt_stubs.obj
 0001:00005a9a       ___scrt_stub_for_acrt_initialize 10006a9a f   MSVCRT:ucrt_stubs.obj
 0001:00005a9a       ___vcrt_initialize         10006a9a f   MSVCRT:ucrt_stubs.obj
 0001:00005a9d       ___acrt_thread_attach      10006a9d f   MSVCRT:ucrt_stubs.obj
 0001:00005a9d       ___scrt_stub_for_acrt_thread_attach 10006a9d f   MSVCRT:ucrt_stubs.obj
 0001:00005a9d       ___vcrt_thread_attach      10006a9d f   MSVCRT:ucrt_stubs.obj
 0001:00005aa0       ___acrt_thread_detach      10006aa0 f   MSVCRT:ucrt_stubs.obj
 0001:00005aa0       ___scrt_stub_for_acrt_thread_detach 10006aa0 f   MSVCRT:ucrt_stubs.obj
 0001:00005aa0       ___vcrt_thread_detach      10006aa0 f   MSVCRT:ucrt_stubs.obj
 0001:00005aa3       ___acrt_uninitialize       10006aa3 f   MSVCRT:ucrt_stubs.obj
 0001:00005aa3       ___scrt_stub_for_acrt_uninitialize 10006aa3 f   MSVCRT:ucrt_stubs.obj
 0001:00005aa3       ___vcrt_uninitialize       10006aa3 f   MSVCRT:ucrt_stubs.obj
 0001:00005aa6       ___acrt_uninitialize_critical 10006aa6 f   MSVCRT:ucrt_stubs.obj
 0001:00005aa6       ___scrt_stub_for_acrt_uninitialize_critical 10006aa6 f   MSVCRT:ucrt_stubs.obj
 0001:00005aa6       ___vcrt_uninitialize_critical 10006aa6 f   MSVCRT:ucrt_stubs.obj
 0001:00005aa9       ___scrt_stub_for_is_c_termination_complete 10006aa9 f   MSVCRT:ucrt_stubs.obj
 0001:00005aa9       __is_c_termination_complete 10006aa9 f   MSVCRT:ucrt_stubs.obj
 0002:00000000       __imp__GetModuleHandleW@4  10007000     kernel32:KERNEL32.dll
 0002:00000004       __imp__GetStartupInfoW@4   10007004     kernel32:KERNEL32.dll
 0002:00000008       __imp__IsDebuggerPresent@0 10007008     kernel32:KERNEL32.dll
 0002:0000000c       __imp__InitializeSListHead@4 1000700c     kernel32:KERNEL32.dll
 0002:00000010       __imp__InitializeCriticalSection@4 10007010     kernel32:KERNEL32.dll
 0002:00000014       __imp__EnterCriticalSection@4 10007014     kernel32:KERNEL32.dll
 0002:00000018       __imp__LeaveCriticalSection@4 10007018     kernel32:KERNEL32.dll
 0002:0000001c       __imp__DeleteCriticalSection@4 1000701c     kernel32:KERNEL32.dll
 0002:00000020       __imp__VirtualFree@12      10007020     kernel32:KERNEL32.dll
 0002:00000024       __imp__GetEnvironmentVariableA@12 10007024     kernel32:KERNEL32.dll
 0002:00000028       __imp__FindClose@4         10007028     kernel32:KERNEL32.dll
 0002:0000002c       __imp__FindFirstFileA@8    1000702c     kernel32:KERNEL32.dll
 0002:00000030       __imp__FindNextFileA@8     10007030     kernel32:KERNEL32.dll
 0002:00000034       __imp__OutputDebugStringA@4 10007034     kernel32:KERNEL32.dll
 0002:00000038       __imp__FreeLibrary@4       10007038     kernel32:KERNEL32.dll
 0002:0000003c       __imp__GetModuleFileNameA@12 1000703c     kernel32:KERNEL32.dll
 0002:00000040       __imp__LoadLibraryA@4      10007040     kernel32:KERNEL32.dll
 0002:00000044       __imp__GetShortPathNameA@12 10007044     kernel32:KERNEL32.dll
 0002:00000048       __imp__VirtualAlloc@16     10007048     kernel32:KERNEL32.dll
 0002:0000004c       __imp__HeapReAlloc@16      1000704c     kernel32:KERNEL32.dll
 0002:00000050       __imp__HeapFree@12         10007050     kernel32:KERNEL32.dll
 0002:00000054       __imp__HeapSize@12         10007054     kernel32:KERNEL32.dll
 0002:00000058       __imp__GetProcessHeap@0    10007058     kernel32:KERNEL32.dll
 0002:0000005c       __imp__CreateFileA@28      1000705c     kernel32:KERNEL32.dll
 0002:00000060       __imp__GetFileSize@8       10007060     kernel32:KERNEL32.dll
 0002:00000064       __imp__ReadFile@20         10007064     kernel32:KERNEL32.dll
 0002:00000068       __imp__CloseHandle@4       10007068     kernel32:KERNEL32.dll
 0002:0000006c       __imp__SetUnhandledExceptionFilter@4 1000706c     kernel32:KERNEL32.dll
 0002:00000070       __imp__UnhandledExceptionFilter@4 10007070     kernel32:KERNEL32.dll
 0002:00000074       __imp__GetCurrentProcess@0 10007074     kernel32:KERNEL32.dll
 0002:00000078       __imp__TerminateProcess@8  10007078     kernel32:KERNEL32.dll
 0002:0000007c       __imp__IsProcessorFeaturePresent@4 1000707c     kernel32:KERNEL32.dll
 0002:00000080       __imp__QueryPerformanceCounter@4 10007080     kernel32:KERNEL32.dll
 0002:00000084       __imp__GetCurrentProcessId@0 10007084     kernel32:KERNEL32.dll
 0002:00000088       __imp__GetCurrentThreadId@0 10007088     kernel32:KERNEL32.dll
 0002:0000008c       __imp__GetSystemTimeAsFileTime@4 1000708c     kernel32:KERNEL32.dll
 0002:00000090       \177KERNEL32_NULL_THUNK_DATA 10007090     kernel32:KERNEL32.dll
 0002:00000094       __imp__wvsprintfA@12       10007094     user32:USER32.dll
 0002:00000098       __imp__PostQuitMessage@4   10007098     user32:USER32.dll
 0002:0000009c       __imp__MessageBoxA@16      1000709c     user32:USER32.dll
 0002:000000a0       __imp__LoadStringA@16      100070a0     user32:USER32.dll
 0002:000000a4       \177USER32_NULL_THUNK_DATA 100070a4     user32:USER32.dll
 0002:000000a8       __imp____std_exception_destroy 100070a8     vcruntime:VCRUNTIME140.dll
 0002:000000ac       __imp___CxxThrowException@8 100070ac     vcruntime:VCRUNTIME140.dll
 0002:000000b0       __imp____std_type_info_destroy_list 100070b0     vcruntime:VCRUNTIME140.dll
 0002:000000b4       __imp___except_handler4_common 100070b4     vcruntime:VCRUNTIME140.dll
 0002:000000b8       __imp____current_exception_context 100070b8     vcruntime:VCRUNTIME140.dll
 0002:000000bc       __imp__strchr              100070bc     vcruntime:VCRUNTIME140.dll
 0002:000000c0       __imp__memset              100070c0     vcruntime:VCRUNTIME140.dll
 0002:000000c4       __imp__memcpy              100070c4     vcruntime:VCRUNTIME140.dll
 0002:000000c8       __imp____std_exception_copy 100070c8     vcruntime:VCRUNTIME140.dll
 0002:000000cc       __imp____CxxFrameHandler3  100070cc     vcruntime:VCRUNTIME140.dll
 0002:000000d0       __imp____std_terminate     100070d0     vcruntime:VCRUNTIME140.dll
 0002:000000d4       __imp___purecall           100070d4     vcruntime:VCRUNTIME140.dll
 0002:000000d8       __imp____current_exception 100070d8     vcruntime:VCRUNTIME140.dll
 0002:000000dc       __imp__strrchr             100070dc     vcruntime:VCRUNTIME140.dll
 0002:000000e0       \177VCRUNTIME140_NULL_THUNK_DATA 100070e0     vcruntime:VCRUNTIME140.dll
 0002:000000e4       __imp__GetFileVersionInfoSizeA@8 100070e4     version:VERSION.dll
 0002:000000e8       __imp__VerQueryValueA@16   100070e8     version:VERSION.dll
 0002:000000ec       __imp__GetFileVersionInfoA@16 100070ec     version:VERSION.dll
 0002:000000f0       \177VERSION_NULL_THUNK_DATA 100070f0     version:VERSION.dll
 0002:000000f4       __imp___msize              100070f4     ucrt:api-ms-win-crt-heap-l1-1-0.dll
 0002:000000f8       __imp__malloc              100070f8     ucrt:api-ms-win-crt-heap-l1-1-0.dll
 0002:000000fc       __imp__calloc              100070fc     ucrt:api-ms-win-crt-heap-l1-1-0.dll
 0002:00000100       __imp__free                10007100     ucrt:api-ms-win-crt-heap-l1-1-0.dll
 0002:00000104       __imp___heapmin            10007104     ucrt:api-ms-win-crt-heap-l1-1-0.dll
 0002:00000108       __imp___callnewh           10007108     ucrt:api-ms-win-crt-heap-l1-1-0.dll
 0002:0000010c       __imp___heapchk            1000710c     ucrt:api-ms-win-crt-heap-l1-1-0.dll
 0002:00000110       __imp__realloc             10007110     ucrt:api-ms-win-crt-heap-l1-1-0.dll
 0002:00000114       \177api-ms-win-crt-heap-l1-1-0_NULL_THUNK_DATA 10007114     ucrt:api-ms-win-crt-heap-l1-1-0.dll
 0002:00000118       __imp___execute_onexit_table 10007118     ucrt:api-ms-win-crt-runtime-l1-1-0.dll
 0002:0000011c       __imp___crt_atexit         1000711c     ucrt:api-ms-win-crt-runtime-l1-1-0.dll
 0002:00000120       __imp___crt_at_quick_exit  10007120     ucrt:api-ms-win-crt-runtime-l1-1-0.dll
 0002:00000124       __imp___cexit              10007124     ucrt:api-ms-win-crt-runtime-l1-1-0.dll
 0002:00000128       __imp__terminate           10007128     ucrt:api-ms-win-crt-runtime-l1-1-0.dll
 0002:0000012c       __imp___initialize_narrow_environment 1000712c     ucrt:api-ms-win-crt-runtime-l1-1-0.dll
 0002:00000130       __imp___configure_narrow_argv 10007130     ucrt:api-ms-win-crt-runtime-l1-1-0.dll
 0002:00000134       __imp___initialize_onexit_table 10007134     ucrt:api-ms-win-crt-runtime-l1-1-0.dll
 0002:00000138       __imp___seh_filter_dll     10007138     ucrt:api-ms-win-crt-runtime-l1-1-0.dll
 0002:0000013c       __imp___initterm_e         1000713c     ucrt:api-ms-win-crt-runtime-l1-1-0.dll
 0002:00000140       __imp___initterm           10007140     ucrt:api-ms-win-crt-runtime-l1-1-0.dll
 0002:00000144       __imp___register_onexit_function 10007144     ucrt:api-ms-win-crt-runtime-l1-1-0.dll
 0002:00000148       __imp__abort               10007148     ucrt:api-ms-win-crt-runtime-l1-1-0.dll
 0002:0000014c       \177api-ms-win-crt-runtime-l1-1-0_NULL_THUNK_DATA 1000714c     ucrt:api-ms-win-crt-runtime-l1-1-0.dll
 0002:00000150       __imp__strcpy_s            10007150     ucrt:api-ms-win-crt-string-l1-1-0.dll
 0002:00000154       __imp__strncpy             10007154     ucrt:api-ms-win-crt-string-l1-1-0.dll
 0002:00000158       __imp___strupr_s           10007158     ucrt:api-ms-win-crt-string-l1-1-0.dll
 0002:0000015c       __imp__strcat_s            1000715c     ucrt:api-ms-win-crt-string-l1-1-0.dll
 0002:00000160       __imp__strncpy_s           10007160     ucrt:api-ms-win-crt-string-l1-1-0.dll
 0002:00000164       __imp___strnicmp           10007164     ucrt:api-ms-win-crt-string-l1-1-0.dll
 0002:00000164       __imp__strnicmp            10007164     ucrt:api-ms-win-crt-string-l1-1-0.dll
 0002:00000168       __imp___stricmp            10007168     ucrt:api-ms-win-crt-string-l1-1-0.dll
 0002:00000168       __imp__stricmp             10007168     ucrt:api-ms-win-crt-string-l1-1-0.dll
 0002:0000016c       __imp__isalnum             1000716c     ucrt:api-ms-win-crt-string-l1-1-0.dll
 0002:00000170       \177api-ms-win-crt-string-l1-1-0_NULL_THUNK_DATA 10007170     ucrt:api-ms-win-crt-string-l1-1-0.dll
 0002:00000174       ___guard_check_icall_fptr  10007174     MSVCRT:guard_support.obj
 0002:00000178       ___guard_xfg_check_icall_fptr 10007178     MSVCRT:guard_support.obj
 0002:0000017c       ___castguard_check_failure_os_handled_fptr 1000717c     MSVCRT:guard_support.obj
 0002:00000180       ___xc_a                    10007180     MSVCRT:initializers.obj
 0002:00000184       ___xc_z                    10007184     MSVCRT:initializers.obj
 0002:00000188       ___xi_a                    10007188     MSVCRT:initializers.obj
 0002:0000018c       ___xi_z                    1000718c     MSVCRT:initializers.obj
 0002:00000190       ___xp_a                    10007190     MSVCRT:initializers.obj
 0002:00000194       ___xp_z                    10007194     MSVCRT:initializers.obj
 0002:00000198       ___xt_a                    10007198     MSVCRT:initializers.obj
 0002:0000019c       ___xt_z                    1000719c     MSVCRT:initializers.obj
 0002:000001a4       ??_7BaseHeap@@6B@          100071a4     BaseHeap.obj
 0002:0000020c       ??_7HeapInstance@@6B@      1000720c     BaseHeap.obj
 0002:00000274       ??_7MTHeapInstance@@6B@    10007274     BaseHeap.obj
 0002:000002d8       ??_C@_08EMNENPBA@instance@ 100072d8     BaseHeap.obj
 0002:000002e8       ??_C@_0EA@JPKIKKIB@E?3?2GitHub?2projects?2ConquestFWR?2@ 100072e8     BaseHeap.obj
 0002:00000328       ??_C@_0CE@JBJGEEGD@?$CFs?$CI?$CFd?$CJ?5?3?5FATAL?3Assertion?5failed@ 10007328     BaseHeap.obj
 0002:0000034c       ??_C@_0L@MDPAODCI@descriptor@ 1000734c     BaseHeap.obj
 0002:00000358       ??_C@_0BD@BIJEMHFL@Heap?5control?5block@ 10007358     BaseHeap.obj
 0002:0000036c       ??_C@_05EHEOJPMF@pHeap@    1000736c     BaseHeap.obj
 0002:00000374       ??_C@_0L@LBMKGELD@ICOManager@ 10007374     Dacom.obj
 0002:00000384       ??_7DACOManager@@6B@       10007384     Dacom.obj
 0002:000003b0       ??_C@_0P@MNPPFFKF@IProfileParser@ 100073b0     Dacom.obj
 0002:000003c0       ??_C@_0BA@ELABPMED@IProfileParser2@ 100073c0     Dacom.obj
 0002:000003d0       ??_C@_0DN@NEMHOKKA@E?3?2GitHub?2projects?2ConquestFWR?2@ 100073d0     Dacom.obj
 0002:00000410       ??_C@_0DL@NDGPNMNI@DACOM?3?5AddLibrary?3?5Unable?5to?5lo@ 10007410     Dacom.obj
 0002:0000044c       ??_C@_0BL@IMPGKKEI@?$CFs?$CI?$CFd?$CJ?5?3?5NOTICE?3General?3?$CFs@ 1000744c     Dacom.obj
 0002:00000468       ??_C@_0CI@JMILELKA@DACOM?3?5AddLibrary?3?5DLL?5?8?$CFs?8?5?$FL?$CFd@ 10007468     Dacom.obj
 0002:00000490       ??_C@_05INHGLLJ@DACOM@     10007490     Dacom.obj
 0002:00000498       ??_C@_09MNJANFLL@Libraries@ 10007498     Dacom.obj
 0002:000004a8       ??_C@_0FH@NDEIDMEE@DACOM?3?5initialize?3?5?$FLLibraries?$FN?5@ 100074a8     Dacom.obj
 0002:00000500       ??_C@_05KKDKJPNC@?$CK?4dll@ 10007500     Dacom.obj
 0002:00000506       ??_C@_00CNPNBAHC@@         10007506     Dacom.obj
 0002:00000508       ??_C@_07INPCGBBE@lpInput@  10007508     Dacom.obj
 0002:00000510       ??_C@_01EEMJAFIK@?6@       10007510     Dacom.obj
 0002:00000514       ??_C@_0BF@GBPECEGN@DACOM?3?3STANDARD_DUMP@ 10007514     Dacom.obj
 0002:0000052c       ??_C@_01KICIPPFI@?2@       1000752c     Dacom.obj
 0002:00000530       ??_C@_09KLJBNEJJ@DACOM?4DLL@ 10007530     Dacom.obj
 0002:0000053c       ??_C@_0CF@JPMDHGHL@Current?5DACOM?4DLL?5version?3?5?$CFd?4?$CF@ 1000753c     Dacom.obj
 0002:00000564       ??_C@_0CF@OIOOADIO@?5Compiled?5against?5version?3?5?$CFd?4?$CF@ 10007564     Dacom.obj
 0002:0000058c       ??_C@_07OAAHBBHO@pMemory@  1000758c     HeapInst.obj
 0002:00000598       ??_C@_0EA@LACNAHJK@E?3?2GitHub?2projects?2ConquestFWR?2@ 10007598     HeapInst.obj
 0002:000005d8       ??_C@_06JMELBMAE@lpDesc@   100075d8     HeapInst.obj
 0002:000005e0       ??_C@_06DPHEOBMB@pBlock@   100075e0     HeapInst.obj
 0002:000005ec       ??_7MSHeap@@6B@            100075ec     MSHeap.obj
 0002:00000650       ??_C@_05GEDLMJKA@IHeap@    10007650     MSHeap.obj
 0002:00000658       ??_C@_08EAJIKJOM@IHeap__1@ 10007658     MSHeap.obj
 0002:00000668       ??_7?$DAComponent@UMSHeap@@@@6B@ 10007668     MSHeap.obj
 0002:000006cc       ??_C@_0BC@HKOKIBB@IProfileParser__1@ 100076cc     ProfileParser.obj
 0002:000006e0       ??_C@_0O@HHBOEDJH@ProfileParser@ 100076e0     ProfileParser.obj
 0002:000006f0       ??_C@_0CB@CLJOKLAE@IProfileParser2__IProfileParser@ 100076f0     ProfileParser.obj
 0002:00000718       ??_7?$DAComponentFactory2@U?$DAComponentAggregate@UProfileParser2@@@@UPROFPARSEDESC2@@@@6B@ 10007718     ProfileParser.obj
 0002:0000072c       ??_7?$DAComponentFactory2@U?$DAComponentAggregate@UProfileParser@@@@UPROFPARSEDESC@@@@6B@ 1000772c     ProfileParser.obj
 0002:00000740       ??_7?$DAComponentInner@UProfileParser2@@UIDAComponent@@@@6B@ 10007740     ProfileParser.obj
 0002:00000750       ??_7?$DAComponentAggregate@UProfileParser2@@@@6BIProfileParser2@@@ 10007750     ProfileParser.obj
 0002:00000780       ??_7?$DAComponentAggregate@UProfileParser2@@@@6BProfileParser@@@ 10007780     ProfileParser.obj
 0002:000007a4       ??_C@_0BC@BGIMAKFB@IComponentFactory@ 100077a4     ProfileParser.obj
 0002:000007bc       ??_7?$DAComponentInner@UProfileParser@@UIDAComponent@@@@6B@ 100077bc     ProfileParser.obj
 0002:000007cc       ??_7?$DAComponentAggregate@UProfileParser@@@@6B@ 100077cc     ProfileParser.obj
 0002:000007f4       ??_7type_info@@6B@         100077f4     MSVCRT:std_type_info_static.obj
 0002:00000800       __pDefaultRawDllMain       10007800     MSVCRT:dll_dllmain.obj
 0002:00000800       __pRawDllMain              10007800     MSVCRT:dll_dllmain.obj
 0002:00000808       ??_7exception@std@@6B@     10007808     MSVCRT:throw_bad_alloc.obj
 0002:00000810       ??_C@_0BC@EOODALEL@Unknown?5exception@ 10007810     MSVCRT:throw_bad_alloc.obj
 0002:00000828       ??_7bad_alloc@std@@6B@     10007828     MSVCRT:throw_bad_alloc.obj
 0002:00000830       ??_C@_0P@GHFPNOJB@bad?5allocation@ 10007830     MSVCRT:throw_bad_alloc.obj
 0002:00000844       ??_7bad_array_new_length@std@@6B@ 10007844     MSVCRT:throw_bad_alloc.obj
 0002:0000084c       ??_C@_0BF@KINCDENJ@bad?5array?5new?5length@ 1000784c     MSVCRT:throw_bad_alloc.obj
 0002:00000868       __load_config_used         10007868     MSVCRT:loadcfg.obj
 0002:00000980       ___CastGuardVftablesStart  10007980     MSVCRT:guard_support.obj
 0002:000009c0       ___CastGuardVftablesEnd    100079c0     MSVCRT:guard_support.obj
 0002:00000a00       ??_R3IDAComponent@@8       10007a00     BaseHeap.obj
 0002:00000a10       ??_R2IDAComponent@@8       10007a10     BaseHeap.obj
 0002:00000a18       ??_R1A@?0A@EA@IDAComponent@@8 10007a18     BaseHeap.obj
 0002:00000a34       ??_R3IComponentFactory@@8  10007a34     BaseHeap.obj
 0002:00000a44       ??_R2IComponentFactory@@8  10007a44     BaseHeap.obj
 0002:00000a50       ??_R1A@?0A@EA@IComponentFactory@@8 10007a50     BaseHeap.obj
 0002:00000a6c       ??_R3IHeap@@8              10007a6c     BaseHeap.obj
 0002:00000a7c       ??_R2IHeap@@8              10007a7c     BaseHeap.obj
 0002:00000a8c       ??_R1A@?0A@EA@IHeap@@8     10007a8c     BaseHeap.obj
 0002:00000aa8       ??_R4BaseHeap@@6B@         10007aa8     BaseHeap.obj
 0002:00000abc       ??_R3BaseHeap@@8           10007abc     BaseHeap.obj
 0002:00000acc       ??_R2BaseHeap@@8           10007acc     BaseHeap.obj
 0002:00000ae0       ??_R1A@?0A@EA@BaseHeap@@8  10007ae0     BaseHeap.obj
 0002:00000afc       ??_R4HeapInstance@@6B@     10007afc     BaseHeap.obj
 0002:00000b10       ??_R3HeapInstance@@8       10007b10     BaseHeap.obj
 0002:00000b20       ??_R2HeapInstance@@8       10007b20     BaseHeap.obj
 0002:00000b38       ??_R1A@?0A@EA@HeapInstance@@8 10007b38     BaseHeap.obj
 0002:00000b54       ??_R4MTHeapInstance@@6B@   10007b54     BaseHeap.obj
 0002:00000b68       ??_R3MTHeapInstance@@8     10007b68     BaseHeap.obj
 0002:00000b78       ??_R2MTHeapInstance@@8     10007b78     BaseHeap.obj
 0002:00000b94       ??_R1A@?0A@EA@MTHeapInstance@@8 10007b94     BaseHeap.obj
 0002:00000bb0       ??_R3ICOManager@@8         10007bb0     Dacom.obj
 0002:00000bc0       ??_R2ICOManager@@8         10007bc0     Dacom.obj
 0002:00000bd0       ??_R1A@?0A@EA@ICOManager@@8 10007bd0     Dacom.obj
 0002:00000bec       ??_R4DACOManager@@6B@      10007bec     Dacom.obj
 0002:00000c00       ??_R3DACOManager@@8        10007c00     Dacom.obj
 0002:00000c10       ??_R2DACOManager@@8        10007c10     Dacom.obj
 0002:00000c24       ??_R1A@?0A@EA@DACOManager@@8 10007c24     Dacom.obj
 0002:00000c40       ??_R4MSHeap@@6B@           10007c40     MSHeap.obj
 0002:00000c54       ??_R3MSHeap@@8             10007c54     MSHeap.obj
 0002:00000c64       ??_R2MSHeap@@8             10007c64     MSHeap.obj
 0002:00000c78       ??_R1A@?0A@EA@MSHeap@@8    10007c78     MSHeap.obj
 0002:00000c94       ??_R4?$DAComponent@UMSHeap@@@@6B@ 10007c94     MSHeap.obj
 0002:00000ca8       ??_R3?$DAComponent@UMSHeap@@@@8 10007ca8     MSHeap.obj
 0002:00000cb8       ??_R2?$DAComponent@UMSHeap@@@@8 10007cb8     MSHeap.obj
 0002:00000cd0       ??_R1A@?0A@EA@?$DAComponent@UMSHeap@@@@8 10007cd0     MSHeap.obj
 0002:00000cec       ??_R3IProfileParser@@8     10007cec     ProfileParser.obj
 0002:00000cfc       ??_R2IProfileParser@@8     10007cfc     ProfileParser.obj
 0002:00000d08       ??_R1A@?0A@EA@IProfileParser@@8 10007d08     ProfileParser.obj
 0002:00000d24       ??_R3IProfileParser2@@8    10007d24     ProfileParser.obj
 0002:00000d34       ??_R2IProfileParser2@@8    10007d34     ProfileParser.obj
 0002:00000d40       ??_R1A@?0A@EA@IProfileParser2@@8 10007d40     ProfileParser.obj
 0002:00000d5c       ??_R3ProfileParser@@8      10007d5c     ProfileParser.obj
 0002:00000d6c       ??_R2ProfileParser@@8      10007d6c     ProfileParser.obj
 0002:00000d7c       ??_R1A@?0A@EA@ProfileParser@@8 10007d7c     ProfileParser.obj
 0002:00000d98       ??_R3ProfileParser2@@8     10007d98     ProfileParser.obj
 0002:00000da8       ??_R2ProfileParser2@@8     10007da8     ProfileParser.obj
 0002:00000dc4       ??_R1A@?0A@EA@ProfileParser2@@8 10007dc4     ProfileParser.obj
 0002:00000de0       ??_R1A@?0A@EC@IDAComponent@@8 10007de0     ProfileParser.obj
 0002:00000dfc       ??_R13?0A@EA@ProfileParser@@8 10007dfc     ProfileParser.obj
 0002:00000e18       ??_R13?0A@EA@IProfileParser@@8 10007e18     ProfileParser.obj
 0002:00000e34       ??_R13?0A@EC@IDAComponent@@8 10007e34     ProfileParser.obj
 0002:00000e50       ??_R4?$DAComponentAggregate@UProfileParser2@@@@6BIProfileParser2@@@ 10007e50     ProfileParser.obj
 0002:00000e64       ??_R3?$DAComponentAggregate@UProfileParser2@@@@8 10007e64     ProfileParser.obj
 0002:00000e74       ??_R2?$DAComponentAggregate@UProfileParser2@@@@8 10007e74     ProfileParser.obj
 0002:00000e94       ??_R1A@?0A@EA@?$DAComponentAggregate@UProfileParser2@@@@8 10007e94     ProfileParser.obj
 0002:00000eb0       ??_R4?$DAComponentAggregate@UProfileParser2@@@@6BProfileParser@@@ 10007eb0     ProfileParser.obj
 0002:00000ec4       ??_R4?$DAComponentFactory2@U?$DAComponentAggregate@UProfileParser2@@@@UPROFPARSEDESC2@@@@6B@ 10007ec4     ProfileParser.obj
 0002:00000ed8       ??_R3?$DAComponentFactory2@U?$DAComponentAggregate@UProfileParser2@@@@UPROFPARSEDESC2@@@@8 10007ed8     ProfileParser.obj
 0002:00000ee8       ??_R2?$DAComponentFactory2@U?$DAComponentAggregate@UProfileParser2@@@@UPROFPARSEDESC2@@@@8 10007ee8     ProfileParser.obj
 0002:00000efc       ??_R1A@?0A@EA@?$DAComponentFactory2@U?$DAComponentAggregate@UProfileParser2@@@@UPROFPARSEDESC2@@@@8 10007efc     ProfileParser.obj
 0002:00000f18       ??_R1A@?0A@EA@?$DAComponentFactoryBase@U?$DAComponentAggregate@UProfileParser2@@@@UPROFPARSEDESC2@@@@8 10007f18     ProfileParser.obj
 0002:00000f34       ??_R3?$DAComponentFactoryBase@U?$DAComponentAggregate@UProfileParser2@@@@UPROFPARSEDESC2@@@@8 10007f34     ProfileParser.obj
 0002:00000f44       ??_R2?$DAComponentFactoryBase@U?$DAComponentAggregate@UProfileParser2@@@@UPROFPARSEDESC2@@@@8 10007f44     ProfileParser.obj
 0002:00000f54       ??_R4?$DAComponentAggregate@UProfileParser@@@@6B@ 10007f54     ProfileParser.obj
 0002:00000f68       ??_R3?$DAComponentAggregate@UProfileParser@@@@8 10007f68     ProfileParser.obj
 0002:00000f78       ??_R2?$DAComponentAggregate@UProfileParser@@@@8 10007f78     ProfileParser.obj
 0002:00000f8c       ??_R1A@?0A@EA@?$DAComponentAggregate@UProfileParser@@@@8 10007f8c     ProfileParser.obj
 0002:00000fa8       ??_R4?$DAComponentFactory2@U?$DAComponentAggregate@UProfileParser@@@@UPROFPARSEDESC@@@@6B@ 10007fa8     ProfileParser.obj
 0002:00000fbc       ??_R3?$DAComponentFactory2@U?$DAComponentAggregate@UProfileParser@@@@UPROFPARSEDESC@@@@8 10007fbc     ProfileParser.obj
 0002:00000fcc       ??_R2?$DAComponentFactory2@U?$DAComponentAggregate@UProfileParser@@@@UPROFPARSEDESC@@@@8 10007fcc     ProfileParser.obj
 0002:00000fe0       ??_R1A@?0A@EA@?$DAComponentFactory2@U?$DAComponentAggregate@UProfileParser@@@@UPROFPARSEDESC@@@@8 10007fe0     ProfileParser.obj
 0002:00000ffc       ??_R1A@?0A@EA@?$DAComponentFactoryBase@U?$DAComponentAggregate@UProfileParser@@@@UPROFPARSEDESC@@@@8 10007ffc     ProfileParser.obj
 0002:00001018       ??_R3?$DAComponentFactoryBase@U?$DAComponentAggregate@UProfileParser@@@@UPROFPARSEDESC@@@@8 10008018     ProfileParser.obj
 0002:00001028       ??_R2?$DAComponentFactoryBase@U?$DAComponentAggregate@UProfileParser@@@@UPROFPARSEDESC@@@@8 10008028     ProfileParser.obj
 0002:00001038       ??_R4?$DAComponentInner@UProfileParser2@@UIDAComponent@@@@6B@ 10008038     ProfileParser.obj
 0002:0000104c       ??_R3?$DAComponentInner@UProfileParser2@@UIDAComponent@@@@8 1000804c     ProfileParser.obj
 0002:0000105c       ??_R2?$DAComponentInner@UProfileParser2@@UIDAComponent@@@@8 1000805c     ProfileParser.obj
 0002:00001068       ??_R1A@?0A@EA@?$DAComponentInner@UProfileParser2@@UIDAComponent@@@@8 10008068     ProfileParser.obj
 0002:00001084       ??_R4?$DAComponentInner@UProfileParser@@UIDAComponent@@@@6B@ 10008084     ProfileParser.obj
 0002:00001098       ??_R3?$DAComponentInner@UProfileParser@@UIDAComponent@@@@8 10008098     ProfileParser.obj
 0002:000010a8       ??_R2?$DAComponentInner@UProfileParser@@UIDAComponent@@@@8 100080a8     ProfileParser.obj
 0002:000010b4       ??_R1A@?0A@EA@?$DAComponentInner@UProfileParser@@UIDAComponent@@@@8 100080b4     ProfileParser.obj
 0002:000010d0       ??_R4type_info@@6B@        100080d0     MSVCRT:std_type_info_static.obj
 0002:000010e4       ??_R3type_info@@8          100080e4     MSVCRT:std_type_info_static.obj
 0002:000010f4       ??_R2type_info@@8          100080f4     MSVCRT:std_type_info_static.obj
 0002:000010fc       ??_R1A@?0A@EA@type_info@@8 100080fc     MSVCRT:std_type_info_static.obj
 0002:00001118       ??_R4exception@std@@6B@    10008118     MSVCRT:throw_bad_alloc.obj
 0002:0000112c       ??_R3exception@std@@8      1000812c     MSVCRT:throw_bad_alloc.obj
 0002:0000113c       ??_R2exception@std@@8      1000813c     MSVCRT:throw_bad_alloc.obj
 0002:00001144       ??_R1A@?0A@EA@exception@std@@8 10008144     MSVCRT:throw_bad_alloc.obj
 0002:00001160       ??_R4bad_array_new_length@std@@6B@ 10008160     MSVCRT:throw_bad_alloc.obj
 0002:00001174       ??_R3bad_array_new_length@std@@8 10008174     MSVCRT:throw_bad_alloc.obj
 0002:00001184       ??_R2bad_array_new_length@std@@8 10008184     MSVCRT:throw_bad_alloc.obj
 0002:00001194       ??_R1A@?0A@EA@bad_array_new_length@std@@8 10008194     MSVCRT:throw_bad_alloc.obj
 0002:000011b0       ??_R1A@?0A@EA@bad_alloc@std@@8 100081b0     MSVCRT:throw_bad_alloc.obj
 0002:000011cc       ??_R3bad_alloc@std@@8      100081cc     MSVCRT:throw_bad_alloc.obj
 0002:000011dc       ??_R2bad_alloc@std@@8      100081dc     MSVCRT:throw_bad_alloc.obj
 0002:000011e8       ??_R4bad_alloc@std@@6B@    100081e8     MSVCRT:throw_bad_alloc.obj
 0002:000011fc       ___volatile_metadata       100081fc     <linker-defined>
 0002:000015c8       ___rtc_iaa                 100085c8     MSVCRT:initsect.obj
 0002:000015cc       ___rtc_izz                 100085cc     MSVCRT:initsect.obj
 0002:000015d0       ___rtc_taa                 100085d0     MSVCRT:initsect.obj
 0002:000015d4       ___rtc_tzz                 100085d4     MSVCRT:initsect.obj
 0002:00001734       __TI2?AVbad_alloc@std@@    10008734     MSVCRT:throw_bad_alloc.obj
 0002:00001744       __CTA2?AVbad_alloc@std@@   10008744     MSVCRT:throw_bad_alloc.obj
 0002:00001750       __CT??_R0?AVbad_alloc@std@@@8??0bad_alloc@std@@QAE@ABV01@@Z12 10008750     MSVCRT:throw_bad_alloc.obj
 0002:0000176c       __CT??_R0?AVexception@std@@@8??0exception@std@@QAE@ABV01@@Z12 1000876c     MSVCRT:throw_bad_alloc.obj
 0002:00001788       __TI3?AVbad_array_new_length@std@@ 10008788     MSVCRT:throw_bad_alloc.obj
 0002:00001798       __CTA3?AVbad_array_new_length@std@@ 10008798     MSVCRT:throw_bad_alloc.obj
 0002:000017a8       __CT??_R0?AVbad_array_new_length@std@@@8??0bad_array_new_length@std@@QAE@ABV01@@Z12 100087a8     MSVCRT:throw_bad_alloc.obj
 0002:0000189c       __IMPORT_DESCRIPTOR_VERSION 1000889c     version:VERSION.dll
 0002:000018b0       __IMPORT_DESCRIPTOR_KERNEL32 100088b0     kernel32:KERNEL32.dll
 0002:000018c4       __IMPORT_DESCRIPTOR_USER32 100088c4     user32:USER32.dll
 0002:000018d8       __IMPORT_DESCRIPTOR_VCRUNTIME140 100088d8     vcruntime:VCRUNTIME140.dll
 0002:000018ec       __IMPORT_DESCRIPTOR_api-ms-win-crt-heap-l1-1-0 100088ec     ucrt:api-ms-win-crt-heap-l1-1-0.dll
 0002:00001900       __IMPORT_DESCRIPTOR_api-ms-win-crt-string-l1-1-0 10008900     ucrt:api-ms-win-crt-string-l1-1-0.dll
 0002:00001914       __IMPORT_DESCRIPTOR_api-ms-win-crt-runtime-l1-1-0 10008914     ucrt:api-ms-win-crt-runtime-l1-1-0.dll
 0002:00001928       __NULL_IMPORT_DESCRIPTOR   10008928     version:VERSION.dll
 0003:00000040       ___security_cookie         1000a040     MSVCRT:gs_cookie.obj
 0003:00000080       ___security_cookie_complement 1000a080     MSVCRT:gs_cookie.obj
 0003:00000090       ___scrt_native_dllmain_reason 1000a090     MSVCRT:utility.obj
 0003:000000a0       ___isa_inverted            1000a0a0     MSVCRT:cpu_disp.obj
 0003:000000a8       ___isa_enabled             1000a0a8     MSVCRT:cpu_disp.obj
 0003:000000ac       ___scrt_ucrt_dll_is_in_use 1000a0ac     MSVCRT:ucrt_stubs.obj
 0003:000000b0       ??_R0?AVbad_alloc@std@@@8  1000a0b0     MSVCRT:throw_bad_alloc.obj
 0003:000000cc       ??_R0?AVexception@std@@@8  1000a0cc     MSVCRT:throw_bad_alloc.obj
 0003:000000e8       ??_R0?AVbad_array_new_length@std@@@8 1000a0e8     MSVCRT:throw_bad_alloc.obj
 0003:00000110       ??_R0?AUIDAComponent@@@8   1000a110     BaseHeap.obj
 0003:0000012c       ??_R0?AUIComponentFactory@@@8 1000a12c     BaseHeap.obj
 0003:0000014c       ??_R0?AUIHeap@@@8          1000a14c     BaseHeap.obj
 0003:00000160       ??_R0?AUBaseHeap@@@8       1000a160     BaseHeap.obj
 0003:00000178       ??_R0?AUHeapInstance@@@8   1000a178     BaseHeap.obj
 0003:00000194       ??_R0?AUMTHeapInstance@@@8 1000a194     BaseHeap.obj
 0003:000001b4       ??_R0?AUICOManager@@@8     1000a1b4     Dacom.obj
 0003:000001d0       ??_R0?AUDACOManager@@@8    1000a1d0     Dacom.obj
 0003:000001ec       ??_R0?AUMSHeap@@@8         1000a1ec     MSHeap.obj
 0003:00000204       ??_R0?AU?$DAComponent@UMSHeap@@@@@8 1000a204     MSHeap.obj
 0003:0000022c       ??_R0?AUIProfileParser@@@8 1000a22c     ProfileParser.obj
 0003:0000024c       ??_R0?AUIProfileParser2@@@8 1000a24c     ProfileParser.obj
 0003:0000026c       ??_R0?AUProfileParser@@@8  1000a26c     ProfileParser.obj
 0003:00000288       ??_R0?AUProfileParser2@@@8 1000a288     ProfileParser.obj
 0003:000002a8       ??_R0?AU?$DAComponentAggregate@UProfileParser2@@@@@8 1000a2a8     ProfileParser.obj
 0003:000002e0       ??_R0?AU?$DAComponentFactory2@U?$DAComponentAggregate@UProfileParser2@@@@UPROFPARSEDESC2@@@@@8 1000a2e0     ProfileParser.obj
 0003:00000348       ??_R0?AU?$DAComponentFactoryBase@U?$DAComponentAggregate@UProfileParser2@@@@UPROFPARSEDESC2@@@@@8 1000a348     ProfileParser.obj
 0003:000003ac       ??_R0?AU?$DAComponentAggregate@UProfileParser@@@@@8 1000a3ac     ProfileParser.obj
 0003:000003e8       ??_R0?AU?$DAComponentFactory2@U?$DAComponentAggregate@UProfileParser@@@@UPROFPARSEDESC@@@@@8 1000a3e8     ProfileParser.obj
 0003:00000448       ??_R0?AU?$DAComponentFactoryBase@U?$DAComponentAggregate@UProfileParser@@@@UPROFPARSEDESC@@@@@8 1000a448     ProfileParser.obj
 0003:000004b0       ??_R0?AU?$DAComponentInner@UProfileParser2@@UIDAComponent@@@@@8 1000a4b0     ProfileParser.obj
 0003:000004f8       ??_R0?AU?$DAComponentInner@UProfileParser@@UIDAComponent@@@@@8 1000a4f8     ProfileParser.obj
 0003:0000053c       ??_R0?AVtype_info@@@8      1000a53c     MSVCRT:std_type_info_static.obj
 0003:00000558       _FDUMP                     1000a558     Dacom.obj
 0003:0000055c       ?hInstance@@3PAUHINSTANCE__@@A 1000a55c     Dacom.obj
 0003:0000059c       _HEAP                      1000a59c     MSHeap.obj
 0003:000005a0       ?g_pMSHeap@@3PAUIHeap@@A   1000a5a0     MSHeap.obj
 0003:000005a4       ?_inited@?1??_GetEntriesIn@MSHeap@@SGPBU_DACOM_INTMAP_ENTRY@@XZ@4_NA 1000a5a4     MSHeap.obj
 0003:000005a8       ?_entries@?1??_GetEntriesIn@MSHeap@@SGPBU_DACOM_INTMAP_ENTRY@@XZ@4PAU3@A 1000a5a8     MSHeap.obj
 0003:000006a8       ?_inited@?1??_GetEntriesIn@ProfileParser@@SGPBU_DACOM_INTMAP_ENTRY@@XZ@4_NA 1000a6a8     ProfileParser.obj
 0003:000006b0       ?_entries@?1??_GetEntriesIn@ProfileParser@@SGPBU_DACOM_INTMAP_ENTRY@@XZ@4PAU3@A 1000a6b0     ProfileParser.obj
 0003:000007b0       ?_inited@?1??_GetEntriesIn@ProfileParser2@@SGPBU_DACOM_INTMAP_ENTRY@@XZ@4_NA 1000a7b0     ProfileParser.obj
 0003:000007b8       ?_entries@?1??_GetEntriesIn@ProfileParser2@@SGPBU_DACOM_INTMAP_ENTRY@@XZ@4PAU3@A 1000a7b8     ProfileParser.obj
 0003:00000bd8       ?__type_info_root_node@@3U__type_info_node@@A 1000abd8     MSVCRT:tncleanup.obj
 0003:00000be0       ?_OptionsStorage@?1??__local_stdio_printf_options@@9@4_KA 1000abe0     MSVCRT:default_local_stdio_options.obj
 0003:00000be8       ?_OptionsStorage@?1??__local_stdio_scanf_options@@9@4_KA 1000abe8     MSVCRT:default_local_stdio_options.obj
 0003:00000bf0       ___scrt_current_native_startup_state 1000abf0     MSVCRT:utility.obj
 0003:00000bf4       ___scrt_native_startup_lock 1000abf4     MSVCRT:utility.obj
 0003:00000c14       ___scrt_debugger_hook_flag 1000ac14     MSVCRT:utility_desktop.obj
 0003:00000c18       ___castguard_check_failure_user_handled_fptr 1000ac18     MSVCRT:guard_support.obj
 0003:00000c1c       ___avx10_version           1000ac1c     MSVCRT:cpu_disp.obj
 0003:00000c20       ___isa_available           1000ac20     MSVCRT:cpu_disp.obj
 0003:00000c24       ___favor                   1000ac24     MSVCRT:cpu_disp.obj
 0003:00000c28       ___dyn_tls_init_callback   1000ac28     <common>

 entry point at        0001:00004a40

 Static symbols

 0000:ffff3000       .debug$S                   10000000     DACOM.exp
 0000:ffff3000       .debug$S                   10000000     ucrt:api-ms-win-crt-heap-l1-1-0.dll
 0000:ffff3000       .debug$S                   10000000     ucrt:api-ms-win-crt-heap-l1-1-0.dll
 0000:ffff3000       .debug$S                   10000000     ucrt:api-ms-win-crt-heap-l1-1-0.dll
 0000:ffff3000       .debug$S                   10000000     ucrt:api-ms-win-crt-heap-l1-1-0.dll
 0000:ffff3000       .debug$S                   10000000     ucrt:api-ms-win-crt-heap-l1-1-0.dll
 0000:ffff3000       .debug$S                   10000000     ucrt:api-ms-win-crt-heap-l1-1-0.dll
 0000:ffff3000       .debug$S                   10000000     ucrt:api-ms-win-crt-heap-l1-1-0.dll
 0000:ffff3000       .debug$S                   10000000     ucrt:api-ms-win-crt-heap-l1-1-0.dll
 0000:ffff3000       .debug$S                   10000000     ucrt:api-ms-win-crt-runtime-l1-1-0.dll
 0000:ffff3000       .debug$S                   10000000     ucrt:api-ms-win-crt-runtime-l1-1-0.dll
 0000:ffff3000       .debug$S                   10000000     ucrt:api-ms-win-crt-runtime-l1-1-0.dll
 0000:ffff3000       .debug$S                   10000000     ucrt:api-ms-win-crt-runtime-l1-1-0.dll
 0000:ffff3000       .debug$S                   10000000     ucrt:api-ms-win-crt-runtime-l1-1-0.dll
 0000:ffff3000       .debug$S                   10000000     ucrt:api-ms-win-crt-runtime-l1-1-0.dll
 0000:ffff3000       .debug$S                   10000000     ucrt:api-ms-win-crt-runtime-l1-1-0.dll
 0000:ffff3000       .debug$S                   10000000     ucrt:api-ms-win-crt-runtime-l1-1-0.dll
 0000:ffff3000       .debug$S                   10000000     ucrt:api-ms-win-crt-runtime-l1-1-0.dll
 0000:ffff3000       .debug$S                   10000000     ucrt:api-ms-win-crt-runtime-l1-1-0.dll
 0000:ffff3000       .debug$S                   10000000     ucrt:api-ms-win-crt-runtime-l1-1-0.dll
 0000:ffff3000       .debug$S                   10000000     ucrt:api-ms-win-crt-runtime-l1-1-0.dll
 0000:ffff3000       .debug$S                   10000000     ucrt:api-ms-win-crt-runtime-l1-1-0.dll
 0000:ffff3000       .debug$S                   10000000     ucrt:api-ms-win-crt-string-l1-1-0.dll
 0000:ffff3000       .debug$S                   10000000     ucrt:api-ms-win-crt-string-l1-1-0.dll
 0000:ffff3000       .debug$S                   10000000     ucrt:api-ms-win-crt-string-l1-1-0.dll
 0000:ffff3000       .debug$S                   10000000     ucrt:api-ms-win-crt-string-l1-1-0.dll
 0000:ffff3000       .debug$S                   10000000     ucrt:api-ms-win-crt-string-l1-1-0.dll
 0000:ffff3000       .debug$S                   10000000     ucrt:api-ms-win-crt-string-l1-1-0.dll
 0000:ffff3000       .debug$S                   10000000     ucrt:api-ms-win-crt-string-l1-1-0.dll
 0000:ffff3000       .debug$S                   10000000     ucrt:api-ms-win-crt-string-l1-1-0.dll
 0000:ffff3000       .debug$S                   10000000     kernel32:KERNEL32.dll
 0000:ffff3000       .debug$S                   10000000     kernel32:KERNEL32.dll
 0000:ffff3000       .debug$S                   10000000     kernel32:KERNEL32.dll
 0000:ffff3000       .debug$S                   10000000     kernel32:KERNEL32.dll
 0000:ffff3000       .debug$S                   10000000     kernel32:KERNEL32.dll
 0000:ffff3000       .debug$S                   10000000     kernel32:KERNEL32.dll
 0000:ffff3000       .debug$S                   10000000     kernel32:KERNEL32.dll
 0000:ffff3000       .debug$S                   10000000     kernel32:KERNEL32.dll
 0000:ffff3000       .debug$S                   10000000     kernel32:KERNEL32.dll
 0000:ffff3000       .debug$S                   10000000     kernel32:KERNEL32.dll
 0000:ffff3000       .debug$S                   10000000     kernel32:KERNEL32.dll
 0000:ffff3000       .debug$S                   10000000     kernel32:KERNEL32.dll
 0000:ffff3000       .debug$S                   10000000     kernel32:KERNEL32.dll
 0000:ffff3000       .debug$S                   10000000     kernel32:KERNEL32.dll
 0000:ffff3000       .debug$S                   10000000     kernel32:KERNEL32.dll
 0000:ffff3000       .debug$S                   10000000     kernel32:KERNEL32.dll
 0000:ffff3000       .debug$S                   10000000     kernel32:KERNEL32.dll
 0000:ffff3000       .debug$S                   10000000     kernel32:KERNEL32.dll
 0000:ffff3000       .debug$S                   10000000     kernel32:KERNEL32.dll
 0000:ffff3000       .debug$S                   10000000     kernel32:KERNEL32.dll
 0000:ffff3000       .debug$S                   10000000     kernel32:KERNEL32.dll
 0000:ffff3000       .debug$S                   10000000     kernel32:KERNEL32.dll
 0000:ffff3000       .debug$S                   10000000     kernel32:KERNEL32.dll
 0000:ffff3000       .debug$S                   10000000     kernel32:KERNEL32.dll
 0000:ffff3000       .debug$S                   10000000     kernel32:KERNEL32.dll
 0000:ffff3000       .debug$S                   10000000     kernel32:KERNEL32.dll
 0000:ffff3000       .debug$S                   10000000     kernel32:KERNEL32.dll
 0000:ffff3000       .debug$S                   10000000     kernel32:KERNEL32.dll
 0000:ffff3000       .debug$S                   10000000     kernel32:KERNEL32.dll
 0000:ffff3000       .debug$S                   10000000     kernel32:KERNEL32.dll
 0000:ffff3000       .debug$S                   10000000     kernel32:KERNEL32.dll
 0000:ffff3000       .debug$S                   10000000     kernel32:KERNEL32.dll
 0000:ffff3000       .debug$S                   10000000     kernel32:KERNEL32.dll
 0000:ffff3000       .debug$S                   10000000     kernel32:KERNEL32.dll
 0000:ffff3000       .debug$S                   10000000     kernel32:KERNEL32.dll
 0000:ffff3000       .debug$S                   10000000     kernel32:KERNEL32.dll
 0000:ffff3000       .debug$S                   10000000     user32:USER32.dll
 0000:ffff3000       .debug$S                   10000000     user32:USER32.dll
 0000:ffff3000       .debug$S                   10000000     user32:USER32.dll
 0000:ffff3000       .debug$S                   10000000     user32:USER32.dll
 0000:ffff3000       .debug$S                   10000000     version:VERSION.dll
 0000:ffff3000       .debug$S                   10000000     version:VERSION.dll
 0000:ffff3000       .debug$S                   10000000     version:VERSION.dll
 0002:ffff9000       __guard_fids___except_handler4 10000000     MSVCRT:chandler4gs.obj
 0000:00000000       _volmd                     10000000     MSVCRT:cpu_disp.obj
 0002:ffff9000       __guard_fids_?dllmain_dispatch@@YAHQAUHINSTANCE__@@KQAX@Z 10000000     MSVCRT:dll_dllmain.obj
 0000:00000000       _volmd                     10000000     MSVCRT:gs_report.obj
 0002:ffff9000       __guard_fids__             10000000     MSVCRT:guard_support.obj
 0002:ffff9000       __guard_fids__             10000000     MSVCRT:guard_support.obj
 0002:ffff9000       __guard_fids___guard_icall_checks_enforced 10000000     MSVCRT:guard_support.obj
 0000:00000000       _volmd                     10000000     MSVCRT:guard_support.obj
 0000:00000000       _volmd                     10000000     MSVCRT:guard_support.obj
 0000:00000000       _volmd                     10000000     MSVCRT:guard_support.obj
 0000:00000000       _volmd                     10000000     MSVCRT:guard_support.obj
 0000:00000000       _volmd                     10000000     MSVCRT:guard_support.obj
 0000:00000000       _volmd                     10000000     MSVCRT:guard_support.obj
 0000:00000000       _volmd                     10000000     MSVCRT:guard_support.obj
 0000:00000000       _volmd                     10000000     MSVCRT:guard_support.obj
 0000:00000000       _volmd                     10000000     MSVCRT:guard_support.obj
 0002:ffff9000       __guard_fids__             10000000     MSVCRT:std_type_info_static.obj
 0002:ffff9000       __guard_fids__             10000000     MSVCRT:throw_bad_alloc.obj
 0002:ffff9000       __guard_fids__             10000000     MSVCRT:throw_bad_alloc.obj
 0002:ffff9000       __guard_fids__             10000000     MSVCRT:throw_bad_alloc.obj
 0002:ffff9000       __guard_fids__             10000000     MSVCRT:throw_bad_alloc.obj
 0002:ffff9000       __guard_fids__             10000000     MSVCRT:throw_bad_alloc.obj
 0002:ffff9000       __guard_fids__             10000000     MSVCRT:throw_bad_alloc.obj
 0002:ffff9000       __guard_fids__             10000000     MSVCRT:throw_bad_alloc.obj
 0002:ffff9000       __guard_fids__             10000000     MSVCRT:throw_bad_alloc.obj
 0002:ffff9000       __guard_fids____scrt_set_unhandled_exception_filter 10000000     MSVCRT:utility_desktop.obj
 0000:ffff3000       .debug$S                   10000000     vcruntime:VCRUNTIME140.dll
 0000:ffff3000       .debug$S                   10000000     vcruntime:VCRUNTIME140.dll
 0000:ffff3000       .debug$S                   10000000     vcruntime:VCRUNTIME140.dll
 0000:ffff3000       .debug$S                   10000000     vcruntime:VCRUNTIME140.dll
 0000:ffff3000       .debug$S                   10000000     vcruntime:VCRUNTIME140.dll
 0000:ffff3000       .debug$S                   10000000     vcruntime:VCRUNTIME140.dll
 0000:ffff3000       .debug$S                   10000000     vcruntime:VCRUNTIME140.dll
 0000:ffff3000       .debug$S                   10000000     vcruntime:VCRUNTIME140.dll
 0000:ffff3000       .debug$S                   10000000     vcruntime:VCRUNTIME140.dll
 0000:ffff3000       .debug$S                   10000000     vcruntime:VCRUNTIME140.dll
 0000:ffff3000       .debug$S                   10000000     vcruntime:VCRUNTIME140.dll
 0000:ffff3000       .debug$S                   10000000     vcruntime:VCRUNTIME140.dll
 0000:ffff3000       .debug$S                   10000000     vcruntime:VCRUNTIME140.dll
 0000:ffff3000       .debug$S                   10000000     vcruntime:VCRUNTIME140.dll
 0001:00000000       $$000000                   10001000     HeapPass.obj
 0001:00001ea4       $LN41                      10002ea4     Dacom.obj
 0001:00001eb0       $LN40                      10002eb0     Dacom.obj
 0001:00001ef0       ?parseFilename@@YAPADPAD@Z 10002ef0 f   Dacom.obj
 0001:00002b10       ?snanfill@@YGXPAXK@Z       10003b10 f   HeapInst.obj
 0001:00004690       $$000000                   10005690     MSVCRT:chkstk.obj
 0001:000046a4       cs10                       100056a4     MSVCRT:chkstk.obj
 0001:000046b2       cs20                       100056b2     MSVCRT:chkstk.obj
 0001:000046ea       ?dllmain_crt_dispatch@@YGHQAUHINSTANCE__@@KQAX@Z 100056ea f   MSVCRT:dll_dllmain.obj
 0001:0000473d       ?dllmain_crt_process_attach@@YAHQAUHINSTANCE__@@QAX@Z 1000573d f   MSVCRT:dll_dllmain.obj
 0001:00004847       ?dllmain_crt_process_detach@@YAH_N@Z 10005847 f   MSVCRT:dll_dllmain.obj
 0001:000048fe       ?dllmain_dispatch@@YAHQAUHINSTANCE__@@KQAX@Z 100058fe f   MSVCRT:dll_dllmain.obj
 0001:00004a0c       ?dllmain_raw@@YGHQAUHINSTANCE__@@KQAX@Z 10005a0c f   MSVCRT:dll_dllmain.obj
 0001:00004c54       ___get_entropy             10005c54 f   MSVCRT:gs_support.obj
 0001:00004d3a       ?find_pe_section@@YAPAU_IMAGE_SECTION_HEADER@@QAEI@Z 10005d3a f   MSVCRT:utility.obj
 0001:00004d81       ?is_potentially_valid_image_base@@YA_NQAX@Z 10005d81 f   MSVCRT:utility.obj
 0001:00005320       $$000000                   10006320     MSVCRT:sehprolg4.obj
 0001:00005370       $$000000                   10006370     MSVCRT:sehprolg4.obj
 0001:0000540b       ___castguard_check_failure_os_handled_wrapper 1000640b f   MSVCRT:guard_support.obj
 0001:00005450       ___castguard_check_failure_user_handled_wrapper 10006450 f   MSVCRT:guard_support.obj
 0001:0000546f       ___castguard_compat_check  1000646f f   MSVCRT:guard_support.obj
 0001:0000557d       ___castguard_slow_path_compat_check 1000657d f   MSVCRT:guard_support.obj
 0001:00005ab0       __ehhandler$?CreateInstance@?$DAComponentFactory2@U?$DAComponentAggregate@UProfileParser2@@@@UPROFPARSEDESC2@@@@UAG?AW4GENRESULT@@PAUDACOMDESC@@PAPAX@Z 10006ab0 f   ProfileParser.obj
 0001:00005ad0       __ehhandler$?CreateInstance@?$DAComponentFactory2@U?$DAComponentAggregate@UProfileParser@@@@UPROFPARSEDESC@@@@UAG?AW4GENRESULT@@PAUDACOMDESC@@PAPAX@Z 10006ad0 f   ProfileParser.obj
 0001:00005af0       __ehhandler$?Release@?$DAComponentInner@UProfileParser2@@UIDAComponent@@@@UAGKXZ 10006af0 f   ProfileParser.obj
 0001:00005b10       __ehhandler$?Release@?$DAComponentInner@UProfileParser@@UIDAComponent@@@@UAGKXZ 10006b10 f   ProfileParser.obj
 0002:000007f8       _GS_ExceptionPointers      100077f8     MSVCRT:gs_report.obj
 0002:000015d8       __sehtable$?FreeMemory@MSHeap@@UAGJPAX@Z 100085d8     MSHeap.obj
 0002:00001600       __sehtable$?GetBlockSize@MSHeap@@UAGKPAX@Z 10008600     MSHeap.obj
 0002:0000161c       __unwindtable$?CreateInstance@?$DAComponentFactory2@U?$DAComponentAggregate@UProfileParser2@@@@UPROFPARSEDESC2@@@@UAG?AW4GENRESULT@@PAUDACOMDESC@@PAPAX@Z 1000861c     ProfileParser.obj
 0002:00001624       __ehfuncinfo$?CreateInstance@?$DAComponentFactory2@U?$DAComponentAggregate@UProfileParser2@@@@UPROFPARSEDESC2@@@@UAG?AW4GENRESULT@@PAUDACOMDESC@@PAPAX@Z 10008624     ProfileParser.obj
 0002:00001648       __unwindtable$?CreateInstance@?$DAComponentFactory2@U?$DAComponentAggregate@UProfileParser@@@@UPROFPARSEDESC@@@@UAG?AW4GENRESULT@@PAUDACOMDESC@@PAPAX@Z 10008648     ProfileParser.obj
 0002:00001650       __ehfuncinfo$?CreateInstance@?$DAComponentFactory2@U?$DAComponentAggregate@UProfileParser@@@@UPROFPARSEDESC@@@@UAG?AW4GENRESULT@@PAUDACOMDESC@@PAPAX@Z 10008650     ProfileParser.obj
 0002:00001674       __unwindtable$?Release@?$DAComponentInner@UProfileParser2@@UIDAComponent@@@@UAGKXZ 10008674     ProfileParser.obj
 0002:0000167c       __ehfuncinfo$?Release@?$DAComponentInner@UProfileParser2@@UIDAComponent@@@@UAGKXZ 1000867c     ProfileParser.obj
 0002:000016a0       __unwindtable$?Release@?$DAComponentInner@UProfileParser@@UIDAComponent@@@@UAGKXZ 100086a0     ProfileParser.obj
 0002:000016a8       __ehfuncinfo$?Release@?$DAComponentInner@UProfileParser@@UIDAComponent@@@@UAGKXZ 100086a8     ProfileParser.obj
 0002:000016d0       __sehtable$?dllmain_crt_process_attach@@YAHQAUHINSTANCE__@@QAX@Z 100086d0     MSVCRT:dll_dllmain.obj
 0002:000016f0       __sehtable$?dllmain_crt_process_detach@@YAH_N@Z 100086f0     MSVCRT:dll_dllmain.obj
 0002:00001718       __sehtable$?dllmain_dispatch@@YAHQAUHINSTANCE__@@KQAX@Z 10008718     MSVCRT:dll_dllmain.obj
 0002:000017c8       __sehtable$___scrt_is_nonwritable_in_current_image 100087c8     MSVCRT:utility.obj
 0002:000017f0       .edata                     100087f0     DACOM.exp
 0002:00001818       rgpv                       10008818     DACOM.exp
 0002:0000182c       rgszName                   1000882c     DACOM.exp
 0002:00001840       rgwOrd                     10008840     DACOM.exp
 0002:0000184a       szName                     1000884a     DACOM.exp
 0002:00001854       $N00001                    10008854     DACOM.exp
 0002:00001862       $N00002                    10008862     DACOM.exp
 0002:00001876       $N00003                    10008876     DACOM.exp
 0002:00001887       $N00004                    10008887     DACOM.exp
 0002:0000188d       $N00005                    1000888d     DACOM.exp
 0002:00001af2       .idata$6                   10008af2     version:VERSION.dll
 0002:00001c94       .idata$6                   10008c94     kernel32:KERNEL32.dll
 0002:00001cde       .idata$6                   10008cde     user32:USER32.dll
 0002:00001dfc       .idata$6                   10008dfc     vcruntime:VCRUNTIME140.dll
 0002:00001fb8       .idata$6                   10008fb8     ucrt:api-ms-win-crt-heap-l1-1-0.dll
 0002:00001fd8       .idata$6                   10008fd8     ucrt:api-ms-win-crt-string-l1-1-0.dll
 0002:00001ffa       .idata$6                   10008ffa     ucrt:api-ms-win-crt-runtime-l1-1-0.dll
 0003:00000000       ?interface_name@@3PADA     1000a000     BaseHeap.obj
 0003:00000008       ?g_heap@@3UBaseHeap@@A     1000a008     BaseHeap.obj
 0003:0000001c       ?DACOManager_interface_name@@3PADA 1000a01c     Dacom.obj
 0003:00000560       ?bNoMoreWarnings@?1??STANDARD_DUMP@@YAHUErrorCode@@PBDZZ@4_NA 1000a560     Dacom.obj
 0003:00000564       ?manager@?1??DACOM_Acquire@@9@4UDACOManager@@A 1000a564     Dacom.obj
 0003:00000598       ?$S1@?1??DACOM_Acquire@@9@4IA 1000a598     Dacom.obj
 0003:000008b8       _GS_ExceptionRecord        1000a8b8     MSVCRT:gs_report.obj
 0003:00000908       _GS_ContextRecord          1000a908     MSVCRT:gs_report.obj
 0003:00000bd4       ?__proc_attached@@3HA      1000abd4     MSVCRT:dll_dllmain.obj
 0003:00000bf8       ?is_initialized_as_dll@@3_NA 1000abf8     MSVCRT:utility.obj
 0003:00000bf9       ?module_local_atexit_table_initialized@@3_NA 1000abf9     MSVCRT:utility.obj
 0003:00000bfc       ?module_local_atexit_table@@3U_onexit_table_t@@A 1000abfc     MSVCRT:utility.obj
 0003:00000c08       ?module_local_at_quick_exit_table@@3U_onexit_table_t@@A 1000ac08     MSVCRT:utility.obj
 0004:000000f0       $R000000                   1000b0f0     DACOM.res
 0004:00000460       $R000370                   1000b460     DACOM.res
 0004:00000748       $R000658                   1000b748     DACOM.res
