e:\github\projects\conquestfwr\code\app\src\debug\mission.bsc
e:\github\projects\conquestfwr\code\app\src\missiondebug\mission.pch
e:\github\projects\conquestfwr\code\app\src\missiondebug\vc143.pdb
e:\github\projects\conquestfwr\code\app\src\missiondebug\pch.sbr
e:\github\projects\conquestfwr\code\app\src\missiondebug\pch.obj
e:\github\projects\conquestfwr\code\app\src\missiondebug\banker.sbr
e:\github\projects\conquestfwr\code\app\src\missiondebug\cmenu_buildind.sbr
e:\github\projects\conquestfwr\code\app\src\missiondebug\cmenu_fabricator.sbr
e:\github\projects\conquestfwr\code\app\src\missiondebug\cmenu_findbuttons.sbr
e:\github\projects\conquestfwr\code\app\src\missiondebug\cmenu_fleet.sbr
e:\github\projects\conquestfwr\code\app\src\missiondebug\cmenu_genplat.sbr
e:\github\projects\conquestfwr\code\app\src\missiondebug\cmenu_ind.sbr
e:\github\projects\conquestfwr\code\app\src\missiondebug\cmenu_mulmix.sbr
e:\github\projects\conquestfwr\code\app\src\missiondebug\cmenu_none.sbr
e:\github\projects\conquestfwr\code\app\src\missiondebug\cmenu_resbuild.sbr
e:\github\projects\conquestfwr\code\app\src\missiondebug\cmenu_research.sbr
e:\github\projects\conquestfwr\code\app\src\missiondebug\cmenu_warplat.sbr
e:\github\projects\conquestfwr\code\app\src\missiondebug\macrohelp.sbr
e:\github\projects\conquestfwr\code\app\src\missiondebug\mapgen.sbr
e:\github\projects\conquestfwr\code\app\src\missiondebug\mcorvetterush.sbr
e:\github\projects\conquestfwr\code\app\src\missiondebug\mdeny.sbr
e:\github\projects\conquestfwr\code\app\src\missiondebug\mdreadnoughts.sbr
e:\github\projects\conquestfwr\code\app\src\missiondebug\menu_admiralbar.sbr
e:\github\projects\conquestfwr\code\app\src\missiondebug\menu_chat.sbr
e:\github\projects\conquestfwr\code\app\src\missiondebug\menu_diplomacy.sbr
e:\github\projects\conquestfwr\code\app\src\missiondebug\menu_diplomacy.obj
e:\github\projects\conquestfwr\code\app\src\missiondebug\menu_chat.obj
e:\github\projects\conquestfwr\code\app\src\missiondebug\menu_admiralbar.obj
e:\github\projects\conquestfwr\code\app\src\missiondebug\mdreadnoughts.obj
e:\github\projects\conquestfwr\code\app\src\missiondebug\mdeny.obj
e:\github\projects\conquestfwr\code\app\src\missiondebug\mcorvetterush.obj
e:\github\projects\conquestfwr\code\app\src\missiondebug\mapgen.obj
e:\github\projects\conquestfwr\code\app\src\missiondebug\macrohelp.obj
e:\github\projects\conquestfwr\code\app\src\missiondebug\cmenu_warplat.obj
e:\github\projects\conquestfwr\code\app\src\missiondebug\cmenu_research.obj
e:\github\projects\conquestfwr\code\app\src\missiondebug\cmenu_resbuild.obj
e:\github\projects\conquestfwr\code\app\src\missiondebug\cmenu_none.obj
e:\github\projects\conquestfwr\code\app\src\missiondebug\cmenu_mulmix.obj
e:\github\projects\conquestfwr\code\app\src\missiondebug\cmenu_ind.obj
e:\github\projects\conquestfwr\code\app\src\missiondebug\cmenu_genplat.obj
e:\github\projects\conquestfwr\code\app\src\missiondebug\cmenu_fleet.obj
e:\github\projects\conquestfwr\code\app\src\missiondebug\cmenu_findbuttons.obj
e:\github\projects\conquestfwr\code\app\src\missiondebug\cmenu_fabricator.obj
e:\github\projects\conquestfwr\code\app\src\missiondebug\cmenu_buildind.obj
e:\github\projects\conquestfwr\code\app\src\missiondebug\banker.obj
e:\github\projects\conquestfwr\code\app\src\missiondebug\menu_endgame.sbr
e:\github\projects\conquestfwr\code\app\src\missiondebug\menu_netunloading.sbr
e:\github\projects\conquestfwr\code\app\src\missiondebug\menu_objectives.sbr
e:\github\projects\conquestfwr\code\app\src\missiondebug\menu_playerchat.sbr
e:\github\projects\conquestfwr\code\app\src\missiondebug\mforgers.sbr
e:\github\projects\conquestfwr\code\app\src\missiondebug\mfortress.sbr
e:\github\projects\conquestfwr\code\app\src\missiondebug\mforwardbuild.sbr
e:\github\projects\conquestfwr\code\app\src\missiondebug\mfrigaterush.sbr
e:\github\projects\conquestfwr\code\app\src\missiondebug\mglobals.sbr
e:\github\projects\conquestfwr\code\app\src\missiondebug\mission.sbr
e:\github\projects\conquestfwr\code\app\src\missiondebug\mscript.sbr
e:\github\projects\conquestfwr\code\app\src\missiondebug\mstandardmantisai.sbr
e:\github\projects\conquestfwr\code\app\src\missiondebug\mstandardsolarianai.sbr
e:\github\projects\conquestfwr\code\app\src\missiondebug\mswarm.sbr
e:\github\projects\conquestfwr\code\app\src\missiondebug\objmapiterator.sbr
e:\github\projects\conquestfwr\code\app\src\missiondebug\opagent.sbr
e:\github\projects\conquestfwr\code\app\src\missiondebug\playermenu.sbr
e:\github\projects\conquestfwr\code\app\src\missiondebug\ruse.sbr
e:\github\projects\conquestfwr\code\app\src\missiondebug\rusemap.sbr
e:\github\projects\conquestfwr\code\app\src\missiondebug\scripting.sbr
e:\github\projects\conquestfwr\code\app\src\missiondebug\scripting.obj
e:\github\projects\conquestfwr\code\app\src\missiondebug\rusemap.obj
e:\github\projects\conquestfwr\code\app\src\missiondebug\ruse.obj
e:\github\projects\conquestfwr\code\app\src\missiondebug\playermenu.obj
e:\github\projects\conquestfwr\code\app\src\missiondebug\opagent.obj
e:\github\projects\conquestfwr\code\app\src\missiondebug\objmapiterator.obj
e:\github\projects\conquestfwr\code\app\src\missiondebug\mswarm.obj
e:\github\projects\conquestfwr\code\app\src\missiondebug\mstandardsolarianai.obj
e:\github\projects\conquestfwr\code\app\src\missiondebug\mstandardmantisai.obj
e:\github\projects\conquestfwr\code\app\src\missiondebug\mscript.obj
e:\github\projects\conquestfwr\code\app\src\missiondebug\mission.obj
e:\github\projects\conquestfwr\code\app\src\missiondebug\mglobals.obj
e:\github\projects\conquestfwr\code\app\src\missiondebug\mfrigaterush.obj
e:\github\projects\conquestfwr\code\app\src\missiondebug\mforwardbuild.obj
e:\github\projects\conquestfwr\code\app\src\missiondebug\mfortress.obj
e:\github\projects\conquestfwr\code\app\src\missiondebug\mforgers.obj
e:\github\projects\conquestfwr\code\app\src\missiondebug\menu_playerchat.obj
e:\github\projects\conquestfwr\code\app\src\missiondebug\menu_objectives.obj
e:\github\projects\conquestfwr\code\app\src\missiondebug\menu_netunloading.obj
e:\github\projects\conquestfwr\code\app\src\missiondebug\menu_endgame.obj
e:\github\projects\conquestfwr\code\app\src\missiondebug\scrollingtext.sbr
e:\github\projects\conquestfwr\code\app\src\missiondebug\splayerai.sbr
e:\github\projects\conquestfwr\code\app\src\missiondebug\supertrans.sbr
e:\github\projects\conquestfwr\code\app\src\missiondebug\unitcomm.sbr
e:\github\projects\conquestfwr\code\app\src\missiondebug\unitcomm.obj
e:\github\projects\conquestfwr\code\app\src\missiondebug\supertrans.obj
e:\github\projects\conquestfwr\code\app\src\missiondebug\splayerai.obj
e:\github\projects\conquestfwr\code\app\src\missiondebug\scrollingtext.obj
e:\github\projects\conquestfwr\code\app\src\missiondebug\search.obj
e:\github\projects\conquestfwr\code\app\src\debug\mission.dll
e:\github\projects\conquestfwr\code\app\src\debug\mission.map
e:\github\projects\conquestfwr\code\app\src\debug\mission.pdb
e:\github\projects\conquestfwr\code\app\src\debug\mission.lib
e:\github\projects\conquestfwr\code\app\src\debug\mission.exp
e:\github\projects\conquestfwr\code\app\src\missiondebug\mission.tlog\bscmake.command.1.tlog
e:\github\projects\conquestfwr\code\app\src\missiondebug\mission.tlog\bscmake.read.1.tlog
e:\github\projects\conquestfwr\code\app\src\missiondebug\mission.tlog\bscmake.write.1.tlog
e:\github\projects\conquestfwr\code\app\src\missiondebug\mission.tlog\cl.command.1.tlog
e:\github\projects\conquestfwr\code\app\src\missiondebug\mission.tlog\cl.items.tlog
e:\github\projects\conquestfwr\code\app\src\missiondebug\mission.tlog\cl.read.1.tlog
e:\github\projects\conquestfwr\code\app\src\missiondebug\mission.tlog\cl.write.1.tlog
e:\github\projects\conquestfwr\code\app\src\missiondebug\mission.tlog\custombuild.command.1.tlog
e:\github\projects\conquestfwr\code\app\src\missiondebug\mission.tlog\custombuild.read.1.tlog
e:\github\projects\conquestfwr\code\app\src\missiondebug\mission.tlog\custombuild.write.1.tlog
e:\github\projects\conquestfwr\code\app\src\missiondebug\mission.tlog\link.command.1.tlog
e:\github\projects\conquestfwr\code\app\src\missiondebug\mission.tlog\link.read.1.tlog
e:\github\projects\conquestfwr\code\app\src\missiondebug\mission.tlog\link.secondary.1.tlog
e:\github\projects\conquestfwr\code\app\src\missiondebug\mission.tlog\link.write.1.tlog
