 System

 Timestamp is 469ed718 (Wed Jul 18 22:14:32 2007)

 Preferred load address is 10000000

 Start         Length     Name                   Class
 0001:00000000 000461c4H .text                   CODE
 0001:000461d0 00000263H .text$x                 CODE
 0002:00000000 000001f0H .idata$5                DATA
 0002:000001f0 00000004H .CRT$XCA                DATA
 0002:000001f4 00000004H .CRT$XCZ                DATA
 0002:000001f8 00000004H .CRT$XIA                DATA
 0002:000001fc 00000014H .CRT$XIC                DATA
 0002:00000210 00000004H .CRT$XIY                DATA
 0002:00000214 00000004H .CRT$XIZ                DATA
 0002:00000218 00000004H .CRT$XPA                DATA
 0002:0000021c 00000008H .CRT$XPX                DATA
 0002:00000224 00000004H .CRT$XPXA               DATA
 0002:00000228 00000004H .CRT$XPZ                DATA
 0002:0000022c 00000004H .CRT$XTA                DATA
 0002:00000230 00000004H .CRT$XTB                DATA
 0002:00000234 00000004H .CRT$XTZ                DATA
 0002:00000240 0000b6aeH .rdata                  DATA
 0002:0000b8f0 00000051H .rdata$debug            DATA
 0002:0000b944 00000974H .rdata$r                DATA
 0002:0000c2b8 00000004H .rtc$IAA                DATA
 0002:0000c2bc 00000004H .rtc$IZZ                DATA
 0002:0000c2c0 00000004H .rtc$TAA                DATA
 0002:0000c2c4 00000004H .rtc$TZZ                DATA
 0002:0000c2c8 00000d5cH .xdata$x                DATA
 0002:0000d024 0000003cH .idata$2                DATA
 0002:0000d060 00000014H .idata$3                DATA
 0002:0000d074 000001f0H .idata$4                DATA
 0002:0000d264 000008a4H .idata$6                DATA
 0002:0000db08 00000000H .edata                  DATA
 0003:00000000 000015a0H .data                   DATA
 0003:000015a0 00001d24H .bss                    DATA

  Address         Publics by Value              Rva+Base       Lib:Object

 0000:00000000       ___safe_se_handler_count   00000000     <absolute>
 0000:00000000       __except_list              00000000     <absolute>
 0000:00000000       ___safe_se_handler_table   00000000     <absolute>
 0000:00000000       ___ImageBase               10000000     <linker-defined>
 0001:00000000       ?QueryInterface@SysConInner@@UAG?AW4GENRESULT@@PBDPAPAX@Z 10001000 f   SysContainer.obj
 0001:00000080       ?init@SystemContainer@@QAE?AW4GENRESULT@@PAUAGGDESC@@@Z 10001080 f   SysContainer.obj
 0001:000000f0       ??1SystemContainer@@QAE@XZ 100010f0 f   SysContainer.obj
 0001:00000120       ?Shutdown@SystemContainer@@UAG?AW4GENRESULT@@XZ 10001120 f   SysContainer.obj
 0001:000001d0       ?LoadSystemComponents@SystemContainer@@UAG?AW4GENRESULT@@XZ 100011d0 f   SysContainer.obj
 0001:000006f0       ?AddComponent@SystemContainer@@UAG?AW4GENRESULT@@PBUAGGDESC@@@Z 100016f0 f   SysContainer.obj
 0001:00000910       ?Update@SystemContainer@@UAGXXZ 10001910 f   SysContainer.obj
 0001:00000950       ?Initialize@SystemContainer@@UAG?AW4GENRESULT@@XZ 10001950 f   SysContainer.obj
 0001:00000a30       ?FindConnectionPoint@SystemContainer@@UAG?AW4GENRESULT@@PBDPAPAUIDAConnectionPoint@@@Z 10001a30 f   SysContainer.obj
 0001:00000b10       ?EnumerateConnectionPoints@SystemContainer@@UAGJP6GJPAUIDAConnectionPointContainer@@PAUIDAConnectionPoint@@PAX@Z2@Z 10001b10 f   SysContainer.obj
 0001:00000bf0       ?RegisterContainerFactory@@YAXPAUICOManager@@@Z 10001bf0 f   SysContainer.obj
 0001:00000ca0       ?ShutdownAggregate@ISystemComponent@@UAG?AW4GENRESULT@@XZ 10001ca0 f i SysContainer.obj
 0001:00000cb0       ?QueryInterface@SystemContainer@@UAG?AW4GENRESULT@@PBDPAPAX@Z 10001cb0 f i SysContainer.obj
 0001:00000ce0       ?AddRef@SystemContainer@@UAGKXZ 10001ce0 f i SysContainer.obj
 0001:00000d00       ?Release@SystemContainer@@UAGKXZ 10001d00 f i SysContainer.obj
 0001:00000d20       ??_GELEMENT@SystemContainer@@QAEPAXI@Z 10001d20 f i SysContainer.obj
 0001:00000d50       ??1ELEMENT@SystemContainer@@QAE@XZ 10001d50 f i SysContainer.obj
 0001:00000d70       ?strchr@@YAPADPADH@Z       10001d70 f i SysContainer.obj
 0001:00000d90       ??0AGGDESC@@QAE@PBD0@Z     10001d90 f i SysContainer.obj
 0001:00000de0       ??0DACOMDESC@@QAE@PBD@Z    10001de0 f i SysContainer.obj
 0001:00000e10       ??0ErrorCode@@QAE@W4ErrorKind@@W4SeverityLevel@@@Z 10001e10 f i SysContainer.obj
 0001:00000e50       ??0TempStr@@QAA@PADZZ      10001e50 f i SysContainer.obj
 0001:00000e80       ?set@TempStr@@QAEXPAD0@Z   10001e80 f i SysContainer.obj
 0001:00000ea0       ??BTempStr@@QAEPADXZ       10001ea0 f i SysContainer.obj
 0001:00000eb0       ??0ELEMENT@SystemContainer@@QAE@XZ 10001eb0 f i SysContainer.obj
 0001:00000ee0       ?getBase@SystemContainer@@QAEPAUIDAComponent@@XZ 10001ee0 f i SysContainer.obj
 0001:00000ef0       ??0?$COMPTR@UIDAComponent@@@@QAE@XZ 10001ef0 f i SysContainer.obj
 0001:00000f10       ??1?$COMPTR@UIDAComponent@@@@QAE@XZ 10001f10 f i SysContainer.obj
 0001:00000f30       ??B?$COMPTR@UIDAComponent@@@@QAEPAPAUIDAComponent@@XZ 10001f30 f i SysContainer.obj
 0001:00000f50       ??C?$COMPTR@UIDAComponent@@@@QBEPAUIDAComponent@@XZ 10001f50 f i SysContainer.obj
 0001:00000f60       ??0?$COMPTR@UIProfileParser@@@@QAE@XZ 10001f60 f i SysContainer.obj
 0001:00000f80       ??1?$COMPTR@UIProfileParser@@@@QAE@XZ 10001f80 f i SysContainer.obj
 0001:00000fa0       ??B?$COMPTR@UIProfileParser@@@@QAEPAPAXXZ 10001fa0 f i SysContainer.obj
 0001:00000fc0       ??C?$COMPTR@UIProfileParser@@@@QBEPAUIProfileParser@@XZ 10001fc0 f i SysContainer.obj
 0001:00000fd0       ??0?$COMPTR@UIDAConnectionPointContainer@@@@QAE@XZ 10001fd0 f i SysContainer.obj
 0001:00000ff0       ??1?$COMPTR@UIDAConnectionPointContainer@@@@QAE@XZ 10001ff0 f i SysContainer.obj
 0001:00001010       ??B?$COMPTR@UIDAConnectionPointContainer@@@@QAEPAPAXXZ 10002010 f i SysContainer.obj
 0001:00001030       ??C?$COMPTR@UIDAConnectionPointContainer@@@@QBEPAUIDAConnectionPointContainer@@XZ 10002030 f i SysContainer.obj
 0001:00001040       ??0?$DAComponentFactory@USystemContainer@@UAGGDESC@@@@QAE@PBD@Z 10002040 f i SysContainer.obj
 0001:00001070       ?free@?$COMPTR@UIDAComponent@@@@QAEXXZ 10002070 f i SysContainer.obj
 0001:000010a0       ?free@?$COMPTR@UIProfileParser@@@@QAEXXZ 100020a0 f i SysContainer.obj
 0001:000010d0       ?free@?$COMPTR@UIDAConnectionPointContainer@@@@QAEXXZ 100020d0 f i SysContainer.obj
 0001:00001100       ??0?$DAComponentFactoryBase@USystemContainer@@UAGGDESC@@@@QAE@PBD@Z 10002100 f i SysContainer.obj
 0001:00001140       ?_GetEntriesIn@SystemContainer@@SGPBU_DACOM_INTMAP_ENTRY@@XZ 10002140 f i SysContainer.obj
 0001:00001150       ??0IComponentFactory@@QAE@XZ 10002150 f i SysContainer.obj
 0001:00001170       ??0IDAComponent@@QAE@XZ    10002170 f i SysContainer.obj
 0001:00001180       ?QueryInterface@?$DAComponentInner@USystemContainer@@UIDAComponent@@@@UAG?AW4GENRESULT@@PBDPAPAX@Z 10002180 f i SysContainer.obj
 0001:00001240       ?CreateInstance@?$DAComponentFactory@USystemContainer@@UAGGDESC@@@@UAG?AW4GENRESULT@@PAUDACOMDESC@@PAPAX@Z 10002240 f i SysContainer.obj
 0001:00001360       ??0SystemContainer@@QAE@XZ 10002360 f i SysContainer.obj
 0001:000013b0       ??0SysConInner@@QAE@PAUSystemContainer@@@Z 100023b0 f i SysContainer.obj
 0001:000013e0       ??2SystemContainer@@SAPAXI@Z 100023e0 f i SysContainer.obj
 0001:00001410       ??3SystemContainer@@SAXPAX@Z 10002410 f i SysContainer.obj
 0001:00001430       ??0ISystemContainer@@QAE@XZ 10002430 f i SysContainer.obj
 0001:00001450       ??0IDAConnectionPointContainer@@QAE@XZ 10002450 f i SysContainer.obj
 0001:00001470       ??0ISystemComponent@@QAE@XZ 10002470 f i SysContainer.obj
 0001:00001490       ??0IAggregateComponent@@QAE@XZ 10002490 f i SysContainer.obj
 0001:000014b0       ??0?$DAComponentInner@USystemContainer@@UIDAComponent@@@@QAE@PAUSystemContainer@@@Z 100024b0 f i SysContainer.obj
 0001:000014f0       ?AddRef@?$DAComponentInner@USystemContainer@@UIDAComponent@@@@UAGKXZ 100024f0 f i SysContainer.obj
 0001:00001510       ?Release@?$DAComponentInner@USystemContainer@@UIDAComponent@@@@UAGKXZ 10002510 f i SysContainer.obj
 0001:00001590       ?QueryInterface@?$DAComponentFactoryBase@USystemContainer@@UAGGDESC@@@@UAG?AW4GENRESULT@@PBDPAPAX@Z 10002590 f i SysContainer.obj
 0001:000015e0       ?AddRef@?$DAComponentFactoryBase@USystemContainer@@UAGGDESC@@@@UAGKXZ 100025e0 f i SysContainer.obj
 0001:00001600       ?Release@?$DAComponentFactoryBase@USystemContainer@@UAGGDESC@@@@UAGKXZ 10002600 f i SysContainer.obj
 0001:00001660       ??_GSystemContainer@@QAEPAXI@Z 10002660 f i SysContainer.obj
 0001:00001690       ?QueryInterface@SystemContainer@@W3AG?AW4GENRESULT@@PBDPAPAX@Z 10002690 f i SysContainer.obj
 0001:000016a0       ?Release@SystemContainer@@W3AGKXZ 100026a0 f i SysContainer.obj
 0001:000016b0       ?AddRef@SystemContainer@@W3AGKXZ 100026b0 f i SysContainer.obj
 0001:000016c0       ?Release@WMInner@@UAGKXZ   100026c0 f   WindowManager.obj
 0001:00001740       ?_wndProc@WindowManager@@SGJPAUHWND__@@IIJ@Z 10002740 f   WindowManager.obj
 0001:00001790       ?WndProc@WindowManager@@QAEJPAUHWND__@@IIJ@Z 10002790 f   WindowManager.obj
 0001:00001a70       ?CreateInstance@WindowManager@@UAG?AW4GENRESULT@@PAUDACOMDESC@@PAPAX@Z 10002a70 f   WindowManager.obj
 0001:00001b90       ?Initialize@WindowManager@@UAG?AW4GENRESULT@@XZ 10002b90 f   WindowManager.obj
 0001:00001ba0       ?Update@WindowManager@@UAGXXZ 10002ba0 f   WindowManager.obj
 0001:00001bc0       ?Startup@WindowManager@@UAGJPAUHINSTANCE__@@PBDP6AXH@ZKPBUtagWNDCLASSEXA@@@Z 10002bc0 f   WindowManager.obj
 0001:00001e00       ?SetWindowPos@WindowManager@@UAGJKKK@Z 10002e00 f   WindowManager.obj
 0001:00001ee0       ?SetCallback@WindowManager@@UAGXP6GJPAUHWND__@@IIJ@Z@Z 10002ee0 f   WindowManager.obj
 0001:00001ef0       ?GetWindowHandle@WindowManager@@UBGPAUHWND__@@XZ 10002ef0 f   WindowManager.obj
 0001:00001f00       ?ServeMessageQueue@WindowManager@@UAGXK@Z 10002f00 f   WindowManager.obj
 0001:00001fe0       ?GetWindowArea@WindowManager@@UAGXAAUtagWM_WINAREA@@@Z 10002fe0 f   WindowManager.obj
 0001:00002070       ?GetClientArea@WindowManager@@UAGXAAUtagWM_WINAREA@@@Z 10003070 f   WindowManager.obj
 0001:00002100       ?AppIsActive@WindowManager@@UBGJXZ 10003100 f   WindowManager.obj
 0001:00002110       ?SetCursorPos@WindowManager@@UAGXJJ@Z 10003110 f   WindowManager.obj
 0001:00002170       ?GetCursorPos@WindowManager@@UAGXAAJ0@Z 10003170 f   WindowManager.obj
 0001:00002190       ?getWindowRects@WindowManager@@QAEXXZ 10003190 f   WindowManager.obj
 0001:00002210       ?resizeTheWindow@WindowManager@@QAEJJJK@Z 10003210 f   WindowManager.obj
 0001:000025e0       ?alert_box@WindowManager@@UAAXPBD0ZZ 100035e0 f   WindowManager.obj
 0001:00002710       ?bomb@WindowManager@@UAAXPBD0ZZ 10003710 f   WindowManager.obj
 0001:00002850       ?debug_printf@WindowManager@@UAAXPBDZZ 10003850 f   WindowManager.obj
 0001:00002910       ?shutdown@WindowManager@@QAEXXZ 10003910 f   WindowManager.obj
 0001:00002930       ?onClose@WindowManager@@SAJPAU?$CONNECTION_NODE@UISystemEventCallback@@@@@Z 10003930 f   WindowManager.obj
 0001:00002980       ?onClose@WindowManager@@QAEJXZ 10003980 f   WindowManager.obj
 0001:000029a0       _main                      100039a0 f   WindowManager.obj
 0001:000029b0       _DllMain@12                100039b0 f   WindowManager.obj
 0001:00002ae0       ?da_heap_set_message@@YAXPAUHINSTANCE__@@@Z 10003ae0 f i WindowManager.obj
 0001:00002b80       ??0WindowManager@@QAE@XZ   10003b80 f i WindowManager.obj
 0001:00002c50       ??0WMInner@@QAE@PAUWindowManager@@@Z 10003c50 f i WindowManager.obj
 0001:00002c80       ??2WindowManager@@SAPAXI@Z 10003c80 f i WindowManager.obj
 0001:00002cb0       ??3WindowManager@@SAXPAX@Z 10003cb0 f i WindowManager.obj
 0001:00002cd0       ?QueryInterface@WindowManager@@UAG?AW4GENRESULT@@PBDPAPAX@Z 10003cd0 f i WindowManager.obj
 0001:00002d00       ?AddRef@WindowManager@@UAGKXZ 10003d00 f i WindowManager.obj
 0001:00002d20       ?Release@WindowManager@@UAGKXZ 10003d20 f i WindowManager.obj
 0001:00002d40       ??0?$ConnectionPointContainer@UWindowManager@@@@QAE@XZ 10003d40 f i WindowManager.obj
 0001:00002d60       ??0IWindowManager@@QAE@XZ  10003d60 f i WindowManager.obj
 0001:00002d80       ??0?$DAComponentInner@UWindowManager@@UIDAComponent@@@@QAE@PAUWindowManager@@@Z 10003d80 f i WindowManager.obj
 0001:00002dc0       ?QueryInterface@?$DAComponentInner@UWindowManager@@UIDAComponent@@@@UAG?AW4GENRESULT@@PBDPAPAX@Z 10003dc0 f i WindowManager.obj
 0001:00002e80       ?_GetEntriesIn@WindowManager@@SGPBU_DACOM_INTMAP_ENTRY@@XZ 10003e80 f i WindowManager.obj
 0001:00002e90       ?AddRef@?$DAComponentInner@UWindowManager@@UIDAComponent@@@@UAGKXZ 10003e90 f i WindowManager.obj
 0001:00002eb0       ?Release@?$DAComponentInner@UWindowManager@@UIDAComponent@@@@UAGKXZ 10003eb0 f i WindowManager.obj
 0001:00002f30       ?FindConnectionPoint@?$ConnectionPointContainer@UWindowManager@@@@UAG?AW4GENRESULT@@PBDPAPAUIDAConnectionPoint@@@Z 10003f30 f i WindowManager.obj
 0001:00002fe0       ?_GetEntriesOut@WindowManager@@SGPBU_DACOM_INTMAP_ENTRY@@XZ 10003fe0 f i WindowManager.obj
 0001:00003030       ?EnumerateConnectionPoints@?$ConnectionPointContainer@UWindowManager@@@@UAGJP6GJPAUIDAConnectionPointContainer@@PAUIDAConnectionPoint@@PAX@Z2@Z 10004030 f i WindowManager.obj
 0001:000030c0       ??0?$ConnectionPoint@UWindowManager@@UISystemEventCallback@@@@QAE@H@Z 100040c0 f i WindowManager.obj
 0001:00003100       ??1?$ConnectionPoint@UWindowManager@@UISystemEventCallback@@@@QAE@XZ 10004100 f i WindowManager.obj
 0001:00003150       ?QueryInterface@?$ConnectionPoint@UWindowManager@@UISystemEventCallback@@@@UAG?AW4GENRESULT@@PBDPAPAX@Z 10004150 f i WindowManager.obj
 0001:00003170       ?AddRef@?$ConnectionPoint@UWindowManager@@UISystemEventCallback@@@@UAGKXZ 10004170 f i WindowManager.obj
 0001:00003180       ?Release@?$ConnectionPoint@UWindowManager@@UISystemEventCallback@@@@UAGKXZ 10004180 f i WindowManager.obj
 0001:00003190       ?GetOutgoingInterface@?$ConnectionPoint@UWindowManager@@UISystemEventCallback@@@@UAGKPADK@Z 10004190 f i WindowManager.obj
 0001:00003210       ?GetContainer@?$ConnectionPoint@UWindowManager@@UISystemEventCallback@@@@UAG?AW4GENRESULT@@PAPAUIDAConnectionPointContainer@@@Z 10004210 f i WindowManager.obj
 0001:00003280       ?Advise@?$ConnectionPoint@UWindowManager@@UISystemEventCallback@@@@UAG?AW4GENRESULT@@PAUIDAComponent@@PAK@Z 10004280 f i WindowManager.obj
 0001:00003370       ?Unadvise@?$ConnectionPoint@UWindowManager@@UISystemEventCallback@@@@UAG?AW4GENRESULT@@K@Z 10004370 f i WindowManager.obj
 0001:000033f0       ?EnumerateConnections@?$ConnectionPoint@UWindowManager@@UISystemEventCallback@@@@UAGJP6GJPAUIDAConnectionPoint@@PAUIDAComponent@@PAX@Z2@Z 100043f0 f i WindowManager.obj
 0001:00003440       ??_GWindowManager@@QAEPAXI@Z 10004440 f i WindowManager.obj
 0001:00003470       ??1WindowManager@@QAE@XZ   10004470 f i WindowManager.obj
 0001:000034d0       ??0IDAConnectionPoint@@QAE@XZ 100044d0 f i WindowManager.obj
 0001:000034f0       ?Release@WindowManager@@W3AGKXZ 100044f0 f i WindowManager.obj
 0001:00003500       ?QueryInterface@WindowManager@@WM@AG?AW4GENRESULT@@PBDPAPAX@Z 10004500 f i WindowManager.obj
 0001:00003510       ?Release@WindowManager@@W7AGKXZ 10004510 f i WindowManager.obj
 0001:00003520       ?Release@WindowManager@@WM@AGKXZ 10004520 f i WindowManager.obj
 0001:00003530       ?AddRef@WindowManager@@W3AGKXZ 10004530 f i WindowManager.obj
 0001:00003540       ?AddRef@WindowManager@@W7AGKXZ 10004540 f i WindowManager.obj
 0001:00003550       ?AddRef@WindowManager@@WM@AGKXZ 10004550 f i WindowManager.obj
 0001:00003560       ?QueryInterface@WindowManager@@W3AG?AW4GENRESULT@@PBDPAPAX@Z 10004560 f i WindowManager.obj
 0001:00003570       ?QueryInterface@WindowManager@@W7AG?AW4GENRESULT@@PBDPAPAX@Z 10004570 f i WindowManager.obj
 0001:0000357a       _DACOM_Acquire             1000457a f   DACOM:DACOM.dll
 0001:00003580       _HEAP_Acquire              10004580 f   DACOM:DACOM.dll
 0001:000035e8       __heap_init                100045e8 f   COMHeap:COMHeap.obj
 0001:00003615       __heap_term                10004615 f   COMHeap:COMHeap.obj
 0001:00003616       _InitializeDAHeap          10004616 f   COMHeap:COMHeap.obj
 0001:00003682       _SetDefaultHeapMsg         10004682 f   COMHeap:COMHeap.obj
 0001:00003697       __nh_malloc                10004697 f   COMHeap:COMHeap.obj
 0001:000036a8       ??2@YAPAXI@Z               100046a8 f   COMHeap:COMHeap.obj
 0001:000036b9       ??3@YAXPAX@Z               100046b9 f   COMHeap:COMHeap.obj
 0001:000036cf       ??_V@YAXPAX@Z              100046cf f   COMHeap:COMHeap.obj
 0001:000036e5       __malloc_dbg               100046e5 f   COMHeap:COMHeap.obj
 0001:000036f6       _malloc                    100046f6 f   COMHeap:COMHeap.obj
 0001:00003707       _realloc                   10004707 f   COMHeap:COMHeap.obj
 0001:00003718       _calloc                    10004718 f   COMHeap:COMHeap.obj
 0001:00003729       _free                      10004729 f   COMHeap:COMHeap.obj
 0001:0000373f       __free_dbg                 1000473f f   COMHeap:COMHeap.obj
 0001:00003755       _check_heap                10004755 f   COMHeap:COMHeap.obj
 0001:00003765       __msize                    10004765 f   COMHeap:COMHeap.obj
 0001:00003777       __msize_dbg                10004777 f   COMHeap:COMHeap.obj
 0001:0000378a       _CloseHandle@4             1000478a f   kernel32:KERNEL32.dll
 0001:00003790       _GetLastError@0            10004790 f   kernel32:KERNEL32.dll
 0001:00003796       _CreateMutexA@12           10004796 f   kernel32:KERNEL32.dll
 0001:0000379c       _GetModuleFileNameA@12     1000479c f   kernel32:KERNEL32.dll
 0001:000037a2       _wvsprintfA@12             100047a2 f   user32:USER32.dll
 0001:000037a8       _DefWindowProcA@16         100047a8 f   user32:USER32.dll
 0001:000037ae       _PostQuitMessage@4         100047ae f   user32:USER32.dll
 0001:000037b4       _GetMenu@4                 100047b4 f   user32:USER32.dll
 0001:000037ba       _ClientToScreen@8          100047ba f   user32:USER32.dll
 0001:000037c0       _SetWindowLongA@12         100047c0 f   user32:USER32.dll
 0001:000037c6       _GetWindowLongA@8          100047c6 f   user32:USER32.dll
 0001:000037cc       _CreateWindowExA@48        100047cc f   user32:USER32.dll
 0001:000037d2       _RegisterClassExA@4        100047d2 f   user32:USER32.dll
 0001:000037d8       _ShowWindow@8              100047d8 f   user32:USER32.dll
 0001:000037de       _SetWindowPos@28           100047de f   user32:USER32.dll
 0001:000037e4       _GetSystemMetrics@4        100047e4 f   user32:USER32.dll
 0001:000037ea       _DispatchMessageA@4        100047ea f   user32:USER32.dll
 0001:000037f0       _TranslateMessage@4        100047f0 f   user32:USER32.dll
 0001:000037f6       _IsDialogMessageA@8        100047f6 f   user32:USER32.dll
 0001:000037fc       _GetMessageA@16            100047fc f   user32:USER32.dll
 0001:00003802       _PeekMessageA@20           10004802 f   user32:USER32.dll
 0001:00003808       _SetCursorPos@8            10004808 f   user32:USER32.dll
 0001:0000380e       _GetWindowRect@8           1000480e f   user32:USER32.dll
 0001:00003814       _GetClientRect@8           10004814 f   user32:USER32.dll
 0001:0000381a       _AdjustWindowRectEx@16     1000481a f   user32:USER32.dll
 0001:00003820       _MessageBoxA@16            10004820 f   user32:USER32.dll
 0001:00003826       _ShowCursor@4              10004826 f   user32:USER32.dll
 0001:0000382c       _DestroyWindow@4           1000482c f   user32:USER32.dll
 0001:00003840       _strcmp                    10004840 f   LIBCMTD:strcmp.obj
 0001:000038d0       ?name@type_info@@QBEPBDPAU__type_info_node@@@Z 100048d0 f   LIBCMTD:typinfo.obj
 0001:000038f0       ??1type_info@@UAE@XZ       100048f0 f   LIBCMTD:typinfo.obj
 0001:00003910       ??_Etype_info@@UAEPAXI@Z   10004910 f i LIBCMTD:typinfo.obj
 0001:00003910       ??_Gtype_info@@UAEPAXI@Z   10004910 f i LIBCMTD:typinfo.obj
 0001:00003940       ?_name_internal_method@type_info@@QBEPBDPAU__type_info_node@@@Z 10004940 f   LIBCMTD:typinfo.obj
 0001:00003960       ?_type_info_dtor_internal_method@type_info@@QAEXXZ 10004960 f   LIBCMTD:typinfo.obj
 0001:00003980       ??8type_info@@QBE_NABV0@@Z 10004980 f   LIBCMTD:typinfo.obj
 0001:000039b0       ??9type_info@@QBE_NABV0@@Z 100049b0 f   LIBCMTD:typinfo.obj
 0001:000039e0       ?before@type_info@@QBEHABV1@@Z 100049e0 f   LIBCMTD:typinfo.obj
 0001:00003a10       ?raw_name@type_info@@QBEPBDXZ 10004a10 f   LIBCMTD:typinfo.obj
 0001:00003a30       ??0type_info@@AAE@ABV0@@Z  10004a30 f   LIBCMTD:typinfo.obj
 0001:00003a50       ??4type_info@@AAEAAV0@ABV0@@Z 10004a50 f   LIBCMTD:typinfo.obj
 0001:00003a70       _strchr                    10004a70 f   LIBCMTD:strchr.obj
 0001:00003a76       ___from_strstr_to_strchr   10004a76     LIBCMTD:strchr.obj
 0001:00003b30       ?_JumpToContinuation@@YGXPAXPAUEHRegistrationNode@@@Z 10004b30 f   LIBCMTD:trnsctrl.obj
 0001:00003b70       ?_CallMemberFunction0@@YGXPAX0@Z 10004b70 f   LIBCMTD:trnsctrl.obj
 0001:00003b80       ?_CallMemberFunction1@@YGXPAX00@Z 10004b80 f   LIBCMTD:trnsctrl.obj
 0001:00003b90       ?_CallMemberFunction2@@YGXPAX00H@Z 10004b90 f   LIBCMTD:trnsctrl.obj
 0001:00003ba0       ?_UnwindNestedFrames@@YGXPAUEHRegistrationNode@@PAUEHExceptionRecord@@@Z 10004ba0 f   LIBCMTD:trnsctrl.obj
 0001:00003c00       ___CxxFrameHandler         10004c00 f   LIBCMTD:trnsctrl.obj
 0001:00003c40       ___CxxFrameHandler3        10004c40 f   LIBCMTD:trnsctrl.obj
 0001:00003c80       ___CxxFrameHandler2        10004c80 f   LIBCMTD:trnsctrl.obj
 0001:00003cc0       ___CxxLongjmpUnwind@4      10004cc0 f   LIBCMTD:trnsctrl.obj
 0001:00003cf0       ?_CallCatchBlock2@@YAPAXPAUEHRegistrationNode@@PBU_s_FuncInfo@@PAXHK@Z 10004cf0 f   LIBCMTD:trnsctrl.obj
 0001:00003db0       ?_CallSETranslator@@YAHPAUEHExceptionRecord@@PAUEHRegistrationNode@@PAX2PBU_s_FuncInfo@@H1@Z 10004db0 f   LIBCMTD:trnsctrl.obj
 0001:00003f50       ?_GetRangeOfTrysToCheck@@YAPBU_s_TryBlockMapEntry@@PBU_s_FuncInfo@@HHPAI1@Z 10004f50 f   LIBCMTD:trnsctrl.obj
 0001:00003fe0       __CreateFrameInfo          10004fe0 f   LIBCMTD:trnsctrl.obj
 0001:00004010       __IsExceptionObjectToBeDestroyed 10005010 f   LIBCMTD:trnsctrl.obj
 0001:00004040       __FindAndUnlinkFrame       10005040 f   LIBCMTD:trnsctrl.obj
 0001:000040a0       @__security_check_cookie@4 100050a0 f   LIBCMTD:secchk.obj
 0001:000040b0       __chkstk                   100050b0 f   LIBCMTD:chkstk.obj
 0001:000040b0       __alloca_probe             100050b0     LIBCMTD:chkstk.obj
 0001:000040e0       _memset                    100050e0 f   LIBCMTD:memset.obj
 0001:00004160       _strcpy                    10005160 f   LIBCMTD:strcat.obj
 0001:00004170       _strcat                    10005170 f   LIBCMTD:strcat.obj
 0001:00004260       _strlen                    10005260 f   LIBCMTD:strlen.obj
 0001:000042f0       _memcpy                    100052f0 f   LIBCMTD:memcpy.obj
 0001:00004660       __CRT_INIT@12              10005660 f   LIBCMTD:dllcrt0.obj
 0001:00004940       __set_osplatform           10005940 f i LIBCMTD:dllcrt0.obj
 0001:00004950       __set_osver                10005950 f i LIBCMTD:dllcrt0.obj
 0001:00004960       __set_winver               10005960 f i LIBCMTD:dllcrt0.obj
 0001:00004970       __set_winmajor             10005970 f i LIBCMTD:dllcrt0.obj
 0001:00004980       __set_winminor             10005980 f i LIBCMTD:dllcrt0.obj
 0001:00004990       __DllMainCRTStartup@12     10005990 f   LIBCMTD:dllcrt0.obj
 0001:00004b70       ?_Type_info_dtor@type_info@@CAXPAV1@@Z 10005b70 f   LIBCMTD:typname.obj
 0001:00004c80       ?_Name_base@type_info@@CAPBDPBV1@PAU__type_info_node@@@Z 10005c80 f   LIBCMTD:typname.obj
 0001:00004e20       __invoke_watson_if_error   10005e20 f i LIBCMTD:typname.obj
 0001:00004e50       ?_Type_info_dtor_internal@type_info@@CAXPAV1@@Z 10005e50 f   LIBCMTD:typname.obj
 0001:00004f60       ___unDNameHelper           10005f60 f   LIBCMTD:typname.obj
 0001:00004fa0       ?_Name_base_internal@type_info@@CAPBDPBV1@PAU__type_info_node@@@Z 10005fa0 f   LIBCMTD:typname.obj
 0001:00005140       ___clean_type_info_names_internal 10006140 f   LIBCMTD:typname.obj
 0001:000051f0       ___InternalCxxFrameHandler 100061f0 f   LIBCMTD:frame.obj
 0001:000057e0       ??0bad_exception@std@@QAE@PBD@Z 100067e0 f i LIBCMTD:frame.obj
 0001:00005810       ??1bad_exception@std@@UAE@XZ 10006810 f i LIBCMTD:frame.obj
 0001:00005830       ??_Ebad_exception@std@@UAEPAXI@Z 10006830 f i LIBCMTD:frame.obj
 0001:00005830       ??_Gbad_exception@std@@UAEPAXI@Z 10006830 f i LIBCMTD:frame.obj
 0001:00005860       ??0bad_exception@std@@QAE@ABV01@@Z 10006860 f i LIBCMTD:frame.obj
 0001:00005a10       ___TypeMatch               10006a10 f   LIBCMTD:frame.obj
 0001:00005ac0       ___FrameUnwindFilter       10006ac0 f   LIBCMTD:frame.obj
 0001:00005b30       ___FrameUnwindToState      10006b30 f   LIBCMTD:frame.obj
 0001:00006070       ___BuildCatchObjectHelper  10007070 f   LIBCMTD:frame.obj
 0001:000062e0       ___BuildCatchObject        100072e0 f   LIBCMTD:frame.obj
 0001:000063f0       ___DestructExceptionObject 100073f0 f   LIBCMTD:frame.obj
 0001:000064a0       ___AdjustPointer           100074a0 f   LIBCMTD:frame.obj
 0001:000064f0       ?__uncaught_exception@@YA_NXZ 100074f0 f   LIBCMTD:frame.obj
 0001:00006510       ___CxxExceptionFilter      10007510 f   LIBCMTD:frame.obj
 0001:00006700       ___CxxRegisterExceptionObject 10007700 f   LIBCMTD:frame.obj
 0001:00006830       ___CxxDetectRethrow        10007830 f   LIBCMTD:frame.obj
 0001:000068b0       ___CxxUnregisterExceptionObject 100078b0 f   LIBCMTD:frame.obj
 0001:00006a30       ___CxxQueryExceptionSize   10007a30 f   LIBCMTD:frame.obj
 0001:00006a40       ___CxxCallUnwindDtor       10007a40 f   LIBCMTD:frame.obj
 0001:00006ac0       ___CxxCallUnwindDelDtor    10007ac0 f   LIBCMTD:frame.obj
 0001:00006b40       ___CxxCallUnwindStdDelDtor 10007b40 f   LIBCMTD:frame.obj
 0001:00006bc0       ___CxxCallUnwindVecDtor    10007bc0 f   LIBCMTD:frame.obj
 0001:00006de0       ?_is_exception_typeof@@YAHABVtype_info@@PAU_EXCEPTION_POINTERS@@@Z 10007de0 f   LIBCMTD:frame.obj
 0001:00006ec0       __CallSettingFrame@12      10007ec0 f   LIBCMTD:lowhelpr.obj
 0001:00006ee7       __NLG_Return               10007ee7     LIBCMTD:lowhelpr.obj
 0001:00006f10       __encode_pointer           10007f10 f   LIBCMTD:tidtable.obj
 0001:00006fa0       __encoded_null             10007fa0 f   LIBCMTD:tidtable.obj
 0001:00006fb0       __decode_pointer           10007fb0 f   LIBCMTD:tidtable.obj
 0001:00007040       ___crtTlsAlloc@4           10008040 f   LIBCMTD:tidtable.obj
 0001:00007050       ___fls_getvalue@4          10008050 f   LIBCMTD:tidtable.obj
 0001:00007070       ___get_flsindex            10008070 f   LIBCMTD:tidtable.obj
 0001:00007080       ___set_flsgetvalue         10008080 f   LIBCMTD:tidtable.obj
 0001:000070c0       ___fls_setvalue@8          100080c0 f   LIBCMTD:tidtable.obj
 0001:000070e0       __mtinit                   100080e0 f   LIBCMTD:tidtable.obj
 0001:000072f0       __mtterm                   100082f0 f   LIBCMTD:tidtable.obj
 0001:00007350       __initptd                  10008350 f   LIBCMTD:tidtable.obj
 0001:00007480       __getptd_noexit            10008480 f   LIBCMTD:tidtable.obj
 0001:00007540       __getptd                   10008540 f   LIBCMTD:tidtable.obj
 0001:00007570       __freefls@4                10008570 f   LIBCMTD:tidtable.obj
 0001:00007760       __freeptd                  10008760 f   LIBCMTD:tidtable.obj
 0001:000077e0       ___threadid                100087e0 f   LIBCMTD:tidtable.obj
 0001:000077f0       ___threadhandle            100087f0 f   LIBCMTD:tidtable.obj
 0001:00007800       __initp_eh_hooks           10008800 f   LIBCMTD:hooks.obj
 0001:00007820       ?terminate@@YAXXZ          10008820 f   LIBCMTD:hooks.obj
 0001:000078a0       ?unexpected@@YAXXZ         100088a0 f   LIBCMTD:hooks.obj
 0001:000078d0       ?_inconsistency@@YAXXZ     100088d0 f   LIBCMTD:hooks.obj
 0001:00007960       ___report_gsfailure        10008960 f   LIBCMTD:gs_report.obj
 0001:00007a70       __VEC_memzero              10008a70 f   LIBCMTD:p4_memset.obj
 0001:00007b60       __sse2_mathfcns_init       10008b60 f   LIBCMTD:mathfcns.obj
 0001:00007b80       __set_SSE2_enable          10008b80 f   LIBCMTD:mathfcns.obj
 0001:00007ba0       __VEC_memcpy               10008ba0 f   LIBCMTD:p4_memcpy.obj
 0001:00007d20       __nh_malloc_dbg            10008d20 f   LIBCMTD:dbgheap.obj
 0001:00007d90       __heap_alloc               10008d90 f   LIBCMTD:dbgheap.obj
 0001:00007db0       __heap_alloc_dbg           10008db0 f   LIBCMTD:dbgheap.obj
 0001:00008150       __calloc_dbg               10009150 f   LIBCMTD:dbgheap.obj
 0001:00008210       __recalloc                 10009210 f   LIBCMTD:dbgheap.obj
 0001:000082b0       __realloc_dbg              100092b0 f   LIBCMTD:dbgheap.obj
 0001:00008880       __recalloc_dbg             10009880 f   LIBCMTD:dbgheap.obj
 0001:00008930       __expand                   10009930 f   LIBCMTD:dbgheap.obj
 0001:00008960       __expand_dbg               10009960 f   LIBCMTD:dbgheap.obj
 0001:00008a70       __free_nolock              10009a70 f   LIBCMTD:dbgheap.obj
 0001:00008a90       __free_dbg_nolock          10009a90 f   LIBCMTD:dbgheap.obj
 0001:00008ec0       __CrtSetBreakAlloc         10009ec0 f   LIBCMTD:dbgheap.obj
 0001:00008ee0       __CrtSetDbgBlockType       10009ee0 f   LIBCMTD:dbgheap.obj
 0001:00008fd0       __CrtSetAllocHook          10009fd0 f   LIBCMTD:dbgheap.obj
 0001:00008ff0       __CrtGetAllocHook          10009ff0 f   LIBCMTD:dbgheap.obj
 0001:00009050       __CrtCheckMemory           1000a050 f   LIBCMTD:dbgheap.obj
 0001:000093d0       __CrtSetDbgFlag            1000a3d0 f   LIBCMTD:dbgheap.obj
 0001:00009520       __CrtDoForAllClientObjects 1000a520 f   LIBCMTD:dbgheap.obj
 0001:00009640       __CrtIsValidPointer        1000a640 f   LIBCMTD:dbgheap.obj
 0001:00009650       __CrtIsValidHeapPointer    1000a650 f   LIBCMTD:dbgheap.obj
 0001:00009740       __CrtIsMemoryBlock         1000a740 f   LIBCMTD:dbgheap.obj
 0001:000098b0       __CrtReportBlockType       1000a8b0 f   LIBCMTD:dbgheap.obj
 0001:000098e0       __CrtSetDumpClient         1000a8e0 f   LIBCMTD:dbgheap.obj
 0001:00009900       __CrtGetDumpClient         1000a900 f   LIBCMTD:dbgheap.obj
 0001:00009910       __CrtMemCheckpoint         1000a910 f   LIBCMTD:dbgheap.obj
 0001:00009af0       __CrtMemDifference         1000aaf0 f   LIBCMTD:dbgheap.obj
 0001:00009d10       __CrtMemDumpAllObjectsSince 1000ad10 f   LIBCMTD:dbgheap.obj
 0001:00009d50       ??0_LocaleUpdate@@QAE@PAUlocaleinfo_struct@@@Z 1000ad50 f i LIBCMTD:dbgheap.obj
 0001:00009e30       ??1_LocaleUpdate@@QAE@XZ   1000ae30 f i LIBCMTD:dbgheap.obj
 0001:00009e60       ?GetLocaleT@_LocaleUpdate@@QAEPAUlocaleinfo_struct@@XZ 1000ae60 f i LIBCMTD:dbgheap.obj
 0001:0000a320       __invoke_watson_if_oneof   1000b320 f i LIBCMTD:dbgheap.obj
 0001:0000a360       __CrtDumpMemoryLeaks       1000b360 f   LIBCMTD:dbgheap.obj
 0001:0000a3d0       __CrtMemDumpStatistics     1000b3d0 f   LIBCMTD:dbgheap.obj
 0001:0000a4e0       __aligned_malloc           1000b4e0 f   LIBCMTD:dbgheap.obj
 0001:0000a500       __aligned_malloc_dbg       1000b500 f   LIBCMTD:dbgheap.obj
 0001:0000a520       __aligned_realloc          1000b520 f   LIBCMTD:dbgheap.obj
 0001:0000a540       __aligned_recalloc         1000b540 f   LIBCMTD:dbgheap.obj
 0001:0000a570       __aligned_realloc_dbg      1000b570 f   LIBCMTD:dbgheap.obj
 0001:0000a5a0       __aligned_recalloc_dbg     1000b5a0 f   LIBCMTD:dbgheap.obj
 0001:0000a5d0       __aligned_offset_malloc    1000b5d0 f   LIBCMTD:dbgheap.obj
 0001:0000a5f0       __aligned_offset_malloc_dbg 1000b5f0 f   LIBCMTD:dbgheap.obj
 0001:0000a790       __aligned_offset_realloc   1000b790 f   LIBCMTD:dbgheap.obj
 0001:0000a7c0       __aligned_offset_recalloc  1000b7c0 f   LIBCMTD:dbgheap.obj
 0001:0000a7f0       __aligned_offset_realloc_dbg 1000b7f0 f   LIBCMTD:dbgheap.obj
 0001:0000aac0       __aligned_offset_recalloc_dbg 1000bac0 f   LIBCMTD:dbgheap.obj
 0001:0000ab70       __aligned_free             1000bb70 f   LIBCMTD:dbgheap.obj
 0001:0000ab90       __aligned_free_dbg         1000bb90 f   LIBCMTD:dbgheap.obj
 0001:0000ac40       __CrtSetDebugFillThreshold 1000bc40 f   LIBCMTD:dbgheap.obj
 0001:0000ac60       __CrtSetCheckCount         1000bc60 f   LIBCMTD:dbgheap.obj
 0001:0000ac80       __CrtGetCheckCount         1000bc80 f   LIBCMTD:dbgheap.obj
 0001:0000ac90       __cinit                    1000bc90 f   LIBCMTD:crt0dat.obj
 0001:0000ad30       _exit                      1000bd30 f   LIBCMTD:crt0dat.obj
 0001:0000ad50       __exit                     1000bd50 f   LIBCMTD:crt0dat.obj
 0001:0000ad70       __cexit                    1000bd70 f   LIBCMTD:crt0dat.obj
 0001:0000ad90       __c_exit                   1000bd90 f   LIBCMTD:crt0dat.obj
 0001:0000adb0       __amsg_exit                1000bdb0 f   LIBCMTD:crt0dat.obj
 0001:0000adf0       ___freeCrtMemory           1000bdf0 f   LIBCMTD:crt0dat.obj
 0001:0000b090       ___crtCorExitProcess       1000c090 f   LIBCMTD:crt0dat.obj
 0001:0000b0d0       ___crtExitProcess          1000c0d0 f   LIBCMTD:crt0dat.obj
 0001:0000b0f0       __lockexit                 1000c0f0 f   LIBCMTD:crt0dat.obj
 0001:0000b100       __unlockexit               1000c100 f   LIBCMTD:crt0dat.obj
 0001:0000b110       __init_pointers            1000c110 f   LIBCMTD:crt0dat.obj
 0001:0000b1d0       __initterm_e               1000c1d0 f   LIBCMTD:crt0dat.obj
 0001:0000b210       __get_osplatform           1000c210 f   LIBCMTD:crt0dat.obj
 0001:0000b300       __get_osver                1000c300 f   LIBCMTD:crt0dat.obj
 0001:0000b3f0       __get_winver               1000c3f0 f   LIBCMTD:crt0dat.obj
 0001:0000b4e0       __get_winmajor             1000c4e0 f   LIBCMTD:crt0dat.obj
 0001:0000b5d0       __get_winminor             1000c5d0 f   LIBCMTD:crt0dat.obj
 0001:0000b6c0       __get_wpgmptr              1000c6c0 f   LIBCMTD:crt0dat.obj
 0001:0000b7b0       __get_pgmptr               1000c7b0 f   LIBCMTD:crt0dat.obj
 0001:0000b8a0       __ioinit                   1000c8a0 f   LIBCMTD:ioinit.obj
 0001:0000bd20       __ioterm                   1000cd20 f   LIBCMTD:ioinit.obj
 0001:0000bdc0       __setenvp                  1000cdc0 f   LIBCMTD:stdenvp.obj
 0001:0000bf60       __setargv                  1000cf60 f   LIBCMTD:stdargv.obj
 0001:0000c080       __set_pgmptr               1000d080 f i LIBCMTD:stdargv.obj
 0001:0000c3f0       ___crtGetEnvironmentStringsA 1000d3f0 f   LIBCMTD:a_env.obj
 0001:0000c610       __RTC_Initialize           1000d610 f   LIBCMTD:initsect.obj
 0001:0000c640       __RTC_Terminate            1000d640 f   LIBCMTD:initsect.obj
 0001:0000c670       ___security_init_cookie    1000d670 f   LIBCMTD:gs_support.obj
 0001:0000c790       __initp_misc_winxfltr      1000d790 f   LIBCMTD:winxfltr.obj
 0001:0000c7a0       ___CppXcptFilter           1000d7a0 f   LIBCMTD:winxfltr.obj
 0001:0000c7d0       __XcptFilter               1000d7d0 f   LIBCMTD:winxfltr.obj
 0001:0000ca10       __except_handler4          1000da10 f   LIBCMTD:chandler4.obj
 0001:0000cc30       __mtinitlocks              1000dc30 f   LIBCMTD:mlock.obj
 0001:0000ccc0       __mtdeletelocks            1000dcc0 f   LIBCMTD:mlock.obj
 0001:0000cd80       __mtinitlocknum            1000dd80 f   LIBCMTD:mlock.obj
 0001:0000ced0       __lock                     1000ded0 f   LIBCMTD:mlock.obj
 0001:0000cf10       __unlock                   1000df10 f   LIBCMTD:mlock.obj
 0001:0000cf30       __lockerr_exit             1000df30 f   LIBCMTD:mlock.obj
 0001:0000cf50       __CrtSetReportHookW2       1000df50 f   LIBCMTD:dbgrptw.obj
 0001:0000d270       __CrtDbgReportW            1000e270 f   LIBCMTD:dbgrptw.obj
 0001:0000d2b0       __CrtDbgReportWV           1000e2b0 f i LIBCMTD:dbgrptw.obj
 0001:0000d5f0       ___crtMessageWindowW       1000e5f0 f   LIBCMTD:dbgrptw.obj
 0001:0000d9f0       ?_CrtDbgReportW@@YAHHPBGH00ZZ 1000e9f0 f   LIBCMTD:dbgrptw.obj
 0001:0000da30       _strcpy_s                  1000ea30 f   LIBCMTD:strcpy_s.obj
 0001:0000dd10       ___unDName                 1000ed10 f   LIBCMTD:undname.obj
 0001:0000ddf0       ?Constructor@HeapManager@@QAEXP6APAXI@ZP6AXPAX@Z@Z 1000edf0 f i LIBCMTD:undname.obj
 0001:0000de30       ?Destructor@HeapManager@@QAEXXZ 1000ee30 f i LIBCMTD:undname.obj
 0001:0000de80       ___unDNameEx               1000ee80 f   LIBCMTD:undname.obj
 0001:0000df60       ??0UnDecorator@@QAE@PADPBDHP6APADJ@ZK@Z 1000ef60 f i LIBCMTD:undname.obj
 0001:0000e000       ??BUnDecorator@@QAEPADXZ   1000f000 f i LIBCMTD:undname.obj
 0001:0000e230       ?dbGetString@DName@@QBEPADXZ 1000f230 f   LIBCMTD:undname.obj
 0001:0000e250       ?getDecoratedName@UnDecorator@@CA?AVDName@@XZ 1000f250 f   LIBCMTD:undname.obj
 0001:0000e560       ?getSymbolName@UnDecorator@@CA?AVDName@@XZ 1000f560 f i LIBCMTD:undname.obj
 0001:0000e5d0       ?getZName@UnDecorator@@CA?AVDName@@_N@Z 1000f5d0 f   LIBCMTD:undname.obj
 0001:0000e840       ?getOperatorName@UnDecorator@@CA?AVDName@@_NPA_N@Z 1000f840 f i LIBCMTD:undname.obj
 0001:0000f150       ?getStringEncoding@UnDecorator@@CA?AVDName@@PADH@Z 10010150 f   LIBCMTD:undname.obj
 0001:0000f250       ?getScope@UnDecorator@@CA?AVDName@@XZ 10010250 f   LIBCMTD:undname.obj
 0001:0000f630       ?getSignedDimension@UnDecorator@@CA?AVDName@@XZ 10010630 f   LIBCMTD:undname.obj
 0001:0000f6b0       ?getDimension@UnDecorator@@CA?AVDName@@_N@Z 100106b0 f   LIBCMTD:undname.obj
 0001:0000f960       ?getNumberOfDimensions@UnDecorator@@CAHXZ 10010960 f   LIBCMTD:undname.obj
 0001:0000fa60       ?getTemplateName@UnDecorator@@CA?AVDName@@_N@Z 10010a60 f   LIBCMTD:undname.obj
 0001:0000fc40       ?getTemplateArgumentList@UnDecorator@@CA?AVDName@@XZ 10010c40 f   LIBCMTD:undname.obj
 0001:0000fec0       ?getTemplateConstant@UnDecorator@@CA?AVDName@@XZ 10010ec0 f   LIBCMTD:undname.obj
 0001:00010350       ?composeDeclaration@UnDecorator@@CA?AVDName@@ABV2@@Z 10011350 f i LIBCMTD:undname.obj
 0001:00011950       ?getTypeEncoding@UnDecorator@@CAHXZ 10012950 f i LIBCMTD:undname.obj
 0001:000122e0       ?getBasedType@UnDecorator@@CA?AVDName@@XZ 100132e0 f   LIBCMTD:undname.obj
 0001:000123a0       ?getScopedName@UnDecorator@@CA?AVDName@@XZ 100133a0 f   LIBCMTD:undname.obj
 0001:000124c0       ?getCallingConvention@UnDecorator@@CA?AVDName@@XZ 100134c0 f   LIBCMTD:undname.obj
 0001:00012620       ?getReturnType@UnDecorator@@CA?AVDName@@PAV2@@Z 10013620 f   LIBCMTD:undname.obj
 0001:00012670       ?getDataType@UnDecorator@@CA?AVDName@@PAV2@@Z 10013670 f   LIBCMTD:undname.obj
 0001:00012780       ?getPrimaryDataType@UnDecorator@@CA?AVDName@@ABV2@@Z 10013780 f   LIBCMTD:undname.obj
 0001:00012a20       ?getArgumentTypes@UnDecorator@@CA?AVDName@@XZ 10013a20 f   LIBCMTD:undname.obj
 0001:00012b80       ?getArgumentList@UnDecorator@@CA?AVDName@@XZ 10013b80 f   LIBCMTD:undname.obj
 0001:00012cb0       ?getThrowTypes@UnDecorator@@CA?AVDName@@XZ 10013cb0 f   LIBCMTD:undname.obj
 0001:00012d60       ?getBasicDataType@UnDecorator@@CA?AVDName@@ABV2@@Z 10013d60 f   LIBCMTD:undname.obj
 0001:000132b0       ?getECSUDataType@UnDecorator@@CA?AVDName@@XZ 100142b0 f   LIBCMTD:undname.obj
 0001:00013480       ?getECSUName@UnDecorator@@CA?AVDName@@XZ 10014480 f i LIBCMTD:undname.obj
 0001:000134a0       ?getEnumType@UnDecorator@@CA?AVDName@@XZ 100144a0 f i LIBCMTD:undname.obj
 0001:000135f0       ?getFunctionIndirectType@UnDecorator@@CA?AVDName@@ABV2@@Z 100145f0 f   LIBCMTD:undname.obj
 0001:00013a30       ?getPtrRefType@UnDecorator@@CA?AVDName@@ABV2@0D@Z 10014a30 f   LIBCMTD:undname.obj
 0001:00013b90       ?getExtendedDataIndirectType@UnDecorator@@CA?AVDName@@AADAA_NH@Z 10014b90 f   LIBCMTD:undname.obj
 0001:00013d20       ?getDataIndirectType@UnDecorator@@CA?AVDName@@ABV2@D0H@Z 10014d20 f   LIBCMTD:undname.obj
 0001:00014410       ?getPtrRefDataType@UnDecorator@@CA?AVDName@@ABV2@H@Z 10015410 f i LIBCMTD:undname.obj
 0001:00014550       ?getArrayType@UnDecorator@@CA?AVDName@@ABV2@@Z 10015550 f i LIBCMTD:undname.obj
 0001:00014770       ?getLexicalFrame@UnDecorator@@CA?AVDName@@XZ 10015770 f i LIBCMTD:undname.obj
 0001:000147b0       ?getThisType@UnDecorator@@CA?AVDName@@XZ 100157b0 f i LIBCMTD:undname.obj
 0001:000147e0       ?getPointerType@UnDecorator@@CA?AVDName@@ABV2@0@Z 100157e0 f i LIBCMTD:undname.obj
 0001:00014800       ?getPointerTypeArray@UnDecorator@@CA?AVDName@@ABV2@0@Z 10015800 f i LIBCMTD:undname.obj
 0001:00014820       ?getReferenceType@UnDecorator@@CA?AVDName@@ABV2@0@Z 10015820 f i LIBCMTD:undname.obj
 0001:00014840       ?getDisplacement@UnDecorator@@CA?AVDName@@XZ 10015840 f i LIBCMTD:undname.obj
 0001:00014860       ?getCallIndex@UnDecorator@@CA?AVDName@@XZ 10015860 f i LIBCMTD:undname.obj
 0001:00014880       ?getGuardNumber@UnDecorator@@CA?AVDName@@XZ 10015880 f i LIBCMTD:undname.obj
 0001:000148a0       ?getVbTableType@UnDecorator@@CA?AVDName@@ABV2@@Z 100158a0 f i LIBCMTD:undname.obj
 0001:000148c0       ?getVCallThunkType@UnDecorator@@CA?AVDName@@XZ 100158c0 f i LIBCMTD:undname.obj
 0001:00014920       ?getVfTableType@UnDecorator@@CA?AVDName@@ABV2@@Z 10015920 f i LIBCMTD:undname.obj
 0001:00014ae0       ?getStorageConvention@UnDecorator@@CA?AVDName@@XZ 10015ae0 f i LIBCMTD:undname.obj
 0001:00014b00       ?getDataIndirectType@UnDecorator@@CA?AVDName@@XZ 10015b00 f i LIBCMTD:undname.obj
 0001:00014b30       ?getVdispMapType@UnDecorator@@CA?AVDName@@ABV2@@Z 10015b30 f i LIBCMTD:undname.obj
 0001:00014ba0       ?getExternalDataType@UnDecorator@@CA?AVDName@@ABV2@@Z 10015ba0 f i LIBCMTD:undname.obj
 0001:00014c30       ?doMSKeywords@UnDecorator@@SAHXZ 10015c30 f i LIBCMTD:undname.obj
 0001:00014c50       ?doPtr64@UnDecorator@@SAHXZ 10015c50 f i LIBCMTD:undname.obj
 0001:00014c70       ?doFunctionReturns@UnDecorator@@SAHXZ 10015c70 f i LIBCMTD:undname.obj
 0001:00014c90       ?doAllocationModel@UnDecorator@@SAHXZ 10015c90 f i LIBCMTD:undname.obj
 0001:00014cb0       ?doAllocationLanguage@UnDecorator@@SAHXZ 10015cb0 f i LIBCMTD:undname.obj
 0001:00014cd0       ?doThisTypes@UnDecorator@@SAHXZ 10015cd0 f i LIBCMTD:undname.obj
 0001:00014cf0       ?doAccessSpecifiers@UnDecorator@@SAHXZ 10015cf0 f i LIBCMTD:undname.obj
 0001:00014d10       ?doThrowTypes@UnDecorator@@SAHXZ 10015d10 f i LIBCMTD:undname.obj
 0001:00014d30       ?doMemberTypes@UnDecorator@@SAHXZ 10015d30 f i LIBCMTD:undname.obj
 0001:00014d50       ?doNameOnly@UnDecorator@@SAHXZ 10015d50 f i LIBCMTD:undname.obj
 0001:00014d60       ?doTypeOnly@UnDecorator@@SAHXZ 10015d60 f i LIBCMTD:undname.obj
 0001:00014d70       ?haveTemplateParameters@UnDecorator@@SAHXZ 10015d70 f i LIBCMTD:undname.obj
 0001:00014d80       ?doEcsu@UnDecorator@@SAHXZ 10015d80 f i LIBCMTD:undname.obj
 0001:00014da0       ?doEllipsis@UnDecorator@@SAHXZ 10015da0 f i LIBCMTD:undname.obj
 0001:00014dc0       ?UScore@UnDecorator@@SAPBDW4Tokens@@@Z 10015dc0 f   LIBCMTD:undname.obj
 0001:00014df0       ?doUnderScore@UnDecorator@@SAHXZ 10015df0 f i LIBCMTD:undname.obj
 0001:00014e10       ??2@YAPAXIAAVHeapManager@@H@Z 10015e10 f i LIBCMTD:undname.obj
 0001:00014e30       ?getMemory@HeapManager@@QAEPAXIH@Z 10015e30 f   LIBCMTD:undname.obj
 0001:00014f40       ??0Block@HeapManager@@QAE@XZ 10015f40 f i LIBCMTD:undname.obj
 0001:00014f60       ??H@YA?AVDName@@DABV0@@Z   10015f60 f i LIBCMTD:undname.obj
 0001:00014f90       ??H@YA?AVDName@@W4DNameStatus@@ABV0@@Z 10015f90 f i LIBCMTD:undname.obj
 0001:00014fc0       ??H@YA?AVDName@@PBDABV0@@Z 10015fc0 f i LIBCMTD:undname.obj
 0001:00014ff0       ??0DName@@QAE@XZ           10015ff0 f i LIBCMTD:undname.obj
 0001:000150a0       ??0DName@@QAE@D@Z          100160a0 f   LIBCMTD:undname.obj
 0001:00015170       ??0DName@@QAE@ABV0@@Z      10016170 f i LIBCMTD:undname.obj
 0001:000152d0       ??0DName@@QAE@PAV0@@Z      100162d0 f   LIBCMTD:undname.obj
 0001:000153f0       ??0DName@@QAE@PBD@Z        100163f0 f   LIBCMTD:undname.obj
 0001:000154c0       ??0DName@@QAE@AAPBDD@Z     100164c0 f   LIBCMTD:undname.obj
 0001:00015770       ?doNoIdentCharCheck@UnDecorator@@SAHXZ 10016770 f i LIBCMTD:undname.obj
 0001:00015780       ??0DName@@QAE@_K@Z         10016780 f   LIBCMTD:undname.obj
 0001:000158b0       ??0DName@@QAE@_J@Z         100168b0 f   LIBCMTD:undname.obj
 0001:00015a20       ??0DName@@QAE@W4DNameStatus@@@Z 10016a20 f   LIBCMTD:undname.obj
 0001:00015b40       ?isValid@DName@@QBEHXZ     10016b40 f   LIBCMTD:undname.obj
 0001:00015b80       ?isEmpty@DName@@QBEHXZ     10016b80 f   LIBCMTD:undname.obj
 0001:00015bc0       ?status@DName@@QBE?AW4DNameStatus@@XZ 10016bc0 f i LIBCMTD:undname.obj
 0001:00015be0       ?clearStatus@DName@@QAEXXZ 10016be0 f i LIBCMTD:undname.obj
 0001:00015c00       ?setPtrRef@DName@@QAEAAV1@XZ 10016c00 f i LIBCMTD:undname.obj
 0001:00015c20       ?isPtrRef@DName@@QBEHXZ    10016c20 f i LIBCMTD:undname.obj
 0001:00015c40       ?isUDC@DName@@QBEHXZ       10016c40 f i LIBCMTD:undname.obj
 0001:00015c80       ?setIsUDC@DName@@QAEXXZ    10016c80 f i LIBCMTD:undname.obj
 0001:00015cb0       ?isUDTThunk@DName@@QBEHXZ  10016cb0 f i LIBCMTD:undname.obj
 0001:00015cf0       ?setIsArray@DName@@QAEXXZ  10016cf0 f i LIBCMTD:undname.obj
 0001:00015d10       ?isArray@DName@@QBEHXZ     10016d10 f i LIBCMTD:undname.obj
 0001:00015d30       ?isNoTE@DName@@QBEHXZ      10016d30 f i LIBCMTD:undname.obj
 0001:00015d50       ?setIsNoTE@DName@@QAEXXZ   10016d50 f i LIBCMTD:undname.obj
 0001:00015d70       ?isPinPtr@DName@@QBEHXZ    10016d70 f i LIBCMTD:undname.obj
 0001:00015d90       ?setIsPinPtr@DName@@QAEXXZ 10016d90 f i LIBCMTD:undname.obj
 0001:00015db0       ?isComArray@DName@@QBEHXZ  10016db0 f i LIBCMTD:undname.obj
 0001:00015dd0       ?setIsComArray@DName@@QAEXXZ 10016dd0 f i LIBCMTD:undname.obj
 0001:00015df0       ?isVCallThunk@DName@@QBEHXZ 10016df0 f i LIBCMTD:undname.obj
 0001:00015e10       ?setIsVCallThunk@DName@@QAEXXZ 10016e10 f i LIBCMTD:undname.obj
 0001:00015e30       ?length@DName@@QBEHXZ      10016e30 f   LIBCMTD:undname.obj
 0001:00015e90       ?getLastChar@DName@@QBEDXZ 10016e90 f   LIBCMTD:undname.obj
 0001:00015f10       ?getString@DName@@QBEPADPADH@Z 10016f10 f   LIBCMTD:undname.obj
 0001:00016010       ??HDName@@QBE?AV0@D@Z      10017010 f   LIBCMTD:undname.obj
 0001:00016060       ??HDName@@QBE?AV0@PBD@Z    10017060 f   LIBCMTD:undname.obj
 0001:000160b0       ??HDName@@QBE?AV0@ABV0@@Z  100170b0 f   LIBCMTD:undname.obj
 0001:00016120       ??HDName@@QBE?AV0@PAV0@@Z  10017120 f   LIBCMTD:undname.obj
 0001:00016170       ??HDName@@QBE?AV0@W4DNameStatus@@@Z 10017170 f   LIBCMTD:undname.obj
 0001:000161c0       ??YDName@@QAEAAV0@D@Z      100171c0 f   LIBCMTD:undname.obj
 0001:00016270       ??YDName@@QAEAAV0@PBD@Z    10017270 f   LIBCMTD:undname.obj
 0001:00016330       ??YDName@@QAEAAV0@ABV0@@Z  10017330 f   LIBCMTD:undname.obj
 0001:000163c0       ??YDName@@QAEAAV0@PAV0@@Z  100173c0 f   LIBCMTD:undname.obj
 0001:000164c0       ??YDName@@QAEAAV0@W4DNameStatus@@@Z 100174c0 f   LIBCMTD:undname.obj
 0001:00016590       ??_5DName@@QAEAAV0@ABV0@@Z 10017590 f   LIBCMTD:undname.obj
 0001:000165e0       ??4DName@@QAEAAV0@D@Z      100175e0 f   LIBCMTD:undname.obj
 0001:00016650       ??4DName@@QAEAAV0@PBD@Z    10017650 f   LIBCMTD:undname.obj
 0001:000166d0       ??4DName@@QAEAAV0@ABV0@@Z  100176d0 f   LIBCMTD:undname.obj
 0001:000167e0       ??4DName@@QAEAAV0@PAV0@@Z  100177e0 f   LIBCMTD:undname.obj
 0001:000168d0       ??4DName@@QAEAAV0@W4DNameStatus@@@Z 100178d0 f   LIBCMTD:undname.obj
 0001:000169e0       ?doPchar@DName@@AAEXPBDH@Z 100179e0 f   LIBCMTD:undname.obj
 0001:00016b30       ?isFull@Replicator@@QBEHXZ 10017b30 f i LIBCMTD:undname.obj
 0001:00016b50       ??0Replicator@@QAE@XZ      10017b50 f i LIBCMTD:undname.obj
 0001:00016b90       ??YReplicator@@QAEAAV0@ABVDName@@@Z 10017b90 f   LIBCMTD:undname.obj
 0001:00016c20       ??AReplicator@@QBEABVDName@@H@Z 10017c20 f   LIBCMTD:undname.obj
 0001:00016c70       ??0DNameNode@@IAE@XZ       10017c70 f   LIBCMTD:undname.obj
 0001:00016ca0       ?nextNode@DNameNode@@QBEPAV1@XZ 10017ca0 f i LIBCMTD:undname.obj
 0001:00016cc0       ?clone@DNameNode@@QAEPAV1@XZ 10017cc0 f   LIBCMTD:undname.obj
 0001:00016d40       ??0DName@@QAE@PAVDNameNode@@@Z 10017d40 f i LIBCMTD:undname.obj
 0001:00016df0       ??YDNameNode@@QAEAAV0@PAV0@@Z 10017df0 f   LIBCMTD:undname.obj
 0001:00016e50       ??0charNode@@QAE@D@Z       10017e50 f   LIBCMTD:undname.obj
 0001:00016e80       ?length@charNode@@UBEHXZ   10017e80 f i LIBCMTD:undname.obj
 0001:00016e90       ?getLastChar@charNode@@UBEDXZ 10017e90 f i LIBCMTD:undname.obj
 0001:00016eb0       ?getString@charNode@@UBEPADPADH@Z 10017eb0 f   LIBCMTD:undname.obj
 0001:00016ee0       ??0pcharNode@@QAE@PBDH@Z   10017ee0 f   LIBCMTD:undname.obj
 0001:00016f90       ?length@pcharNode@@UBEHXZ  10017f90 f i LIBCMTD:undname.obj
 0001:00016fb0       ?getLastChar@pcharNode@@UBEDXZ 10017fb0 f i LIBCMTD:undname.obj
 0001:00016ff0       ?getString@pcharNode@@UBEPADPADH@Z 10017ff0 f   LIBCMTD:undname.obj
 0001:00017060       ??0pDNameNode@@QAE@PAVDName@@@Z 10018060 f   LIBCMTD:undname.obj
 0001:000170c0       ?length@pDNameNode@@UBEHXZ 100180c0 f i LIBCMTD:undname.obj
 0001:000170f0       ?getLastChar@pDNameNode@@UBEDXZ 100180f0 f i LIBCMTD:undname.obj
 0001:00017120       ?getString@pDNameNode@@UBEPADPADH@Z 10018120 f   LIBCMTD:undname.obj
 0001:00017170       ??0DNameStatusNode@@QAE@W4DNameStatus@@@Z 10018170 f   LIBCMTD:undname.obj
 0001:000171c0       ?length@DNameStatusNode@@UBEHXZ 100181c0 f i LIBCMTD:undname.obj
 0001:000171e0       ?getLastChar@DNameStatusNode@@UBEDXZ 100181e0 f i LIBCMTD:undname.obj
 0001:00017200       ?getString@DNameStatusNode@@UBEPADPADH@Z 10018200 f   LIBCMTD:undname.obj
 0001:00017350       _V6_HeapAlloc              10018350 f   LIBCMTD:malloc.obj
 0001:000173e0       __malloc_base              100183e0 f   LIBCMTD:malloc.obj
 0001:00017470       __heap_alloc_base          10018470 f i LIBCMTD:malloc.obj
 0001:00017530       __free_base                10018530 f   LIBCMTD:free.obj
 0001:00017650       __initp_misc_invarg        10018650 f   LIBCMTD:invarg.obj
 0001:00017660       __invalid_parameter        10018660 f   LIBCMTD:invarg.obj
 0001:000176d0       __invoke_watson            100186d0 f   LIBCMTD:invarg.obj
 0001:00017810       __set_invalid_parameter_handler 10018810 f   LIBCMTD:invarg.obj
 0001:00017850       __get_invalid_parameter_handler 10018850 f   LIBCMTD:invarg.obj
 0001:00017880       ?_invalid_parameter@@YAXPBG00II@Z 10018880 f   LIBCMTD:invarg.obj
 0001:000178b0       ?_invoke_watson@@YAXPBG00II@Z 100188b0 f   LIBCMTD:invarg.obj
 0001:000178e0       ?__CxxUnhandledExceptionFilter@@YGJPAU_EXCEPTION_POINTERS@@@Z 100188e0 f   LIBCMTD:unhandld.obj
 0001:00017990       ?__CxxSetUnhandledExceptionFilter@@YAHXZ 10018990 f   LIBCMTD:unhandld.obj
 0001:000179c0       ?__CxxRestoreUnhandledExceptionFilter@@YAXXZ 100189c0 f   LIBCMTD:unhandld.obj
 0001:00017a00       ?_ValidateRead@@YAHPBXI@Z  10018a00 f   LIBCMTD:validate.obj
 0001:00017a20       ?_ValidateWrite@@YAHPAXI@Z 10018a20 f   LIBCMTD:validate.obj
 0001:00017a40       ?_ValidateExecute@@YAHP6GHXZ@Z 10018a40 f   LIBCMTD:validate.obj
 0001:00017a60       __CxxThrowException@8      10018a60 f   LIBCMTD:throw.obj
 0001:00017ac0       ??0exception@std@@QAE@XZ   10018ac0 f   LIBCMTD:stdexcpt.obj
 0001:00017af0       ??_Gexception@std@@UAEPAXI@Z 10018af0 f i LIBCMTD:stdexcpt.obj
 0001:00017af0       ??_Eexception@std@@UAEPAXI@Z 10018af0 f i LIBCMTD:stdexcpt.obj
 0001:00017b20       ??0exception@std@@QAE@ABQBD@Z 10018b20 f   LIBCMTD:stdexcpt.obj
 0001:00017bb0       ??0exception@std@@QAE@ABQBDH@Z 10018bb0 f   LIBCMTD:stdexcpt.obj
 0001:00017be0       ??0exception@std@@QAE@ABV01@@Z 10018be0 f   LIBCMTD:stdexcpt.obj
 0001:00017c80       ??4exception@std@@QAEAAV01@ABV01@@Z 10018c80 f   LIBCMTD:stdexcpt.obj
 0001:00017d20       ??1exception@std@@UAE@XZ   10018d20 f   LIBCMTD:stdexcpt.obj
 0001:00017d50       ?what@exception@std@@UBEPBDXZ 10018d50 f   LIBCMTD:stdexcpt.obj
 0001:00017d80       ??0bad_cast@std@@QAE@PBD@Z 10018d80 f   LIBCMTD:stdexcpt.obj
 0001:00017db0       ??_Gbad_cast@std@@UAEPAXI@Z 10018db0 f i LIBCMTD:stdexcpt.obj
 0001:00017db0       ??_Ebad_cast@std@@UAEPAXI@Z 10018db0 f i LIBCMTD:stdexcpt.obj
 0001:00017de0       ??0bad_cast@std@@QAE@ABV01@@Z 10018de0 f   LIBCMTD:stdexcpt.obj
 0001:00017e10       ??1bad_cast@std@@UAE@XZ    10018e10 f   LIBCMTD:stdexcpt.obj
 0001:00017e30       ??0bad_typeid@std@@QAE@PBD@Z 10018e30 f   LIBCMTD:stdexcpt.obj
 0001:00017e60       ??_Ebad_typeid@std@@UAEPAXI@Z 10018e60 f i LIBCMTD:stdexcpt.obj
 0001:00017e60       ??_Gbad_typeid@std@@UAEPAXI@Z 10018e60 f i LIBCMTD:stdexcpt.obj
 0001:00017e90       ??0bad_typeid@std@@QAE@ABV01@@Z 10018e90 f   LIBCMTD:stdexcpt.obj
 0001:00017ec0       ??1bad_typeid@std@@UAE@XZ  10018ec0 f   LIBCMTD:stdexcpt.obj
 0001:00017ee0       ??0__non_rtti_object@std@@QAE@PBD@Z 10018ee0 f   LIBCMTD:stdexcpt.obj
 0001:00017f10       ??_G__non_rtti_object@std@@UAEPAXI@Z 10018f10 f i LIBCMTD:stdexcpt.obj
 0001:00017f10       ??_E__non_rtti_object@std@@UAEPAXI@Z 10018f10 f i LIBCMTD:stdexcpt.obj
 0001:00017f40       ??0__non_rtti_object@std@@QAE@ABV01@@Z 10018f40 f   LIBCMTD:stdexcpt.obj
 0001:00017f70       ??1__non_rtti_object@std@@UAE@XZ 10018f70 f   LIBCMTD:stdexcpt.obj
 0001:00017f90       _memmove                   10018f90 f   LIBCMTD:memmove.obj
 0001:000182f8       __global_unwind2           100192f8 f   LIBCMTD:exsup.obj
 0001:0001835d       __local_unwind2            1001935d f   LIBCMTD:exsup.obj
 0001:000183e1       __abnormal_termination     100193e1 f   LIBCMTD:exsup.obj
 0001:00018404       __NLG_Notify1              10019404 f   LIBCMTD:exsup.obj
 0001:0001840d       __NLG_Notify               1001940d f   LIBCMTD:exsup.obj
 0001:00018424       __NLG_Dispatch2            10019424     LIBCMTD:exsup.obj
 0001:00018424       __NLG_Dispatch             10019424     LIBCMTD:exsup.obj
 0001:0001842c       __NLG_Call                 1001942c f   LIBCMTD:exsup.obj
 0001:0001842e       __NLG_Return2              1001942e     LIBCMTD:exsup.obj
 0001:00018430       ____setlc_active_func      10019430 f   LIBCMTD:setlocal.obj
 0001:00018440       ____unguarded_readlc_active_add_func 10019440 f   LIBCMTD:setlocal.obj
 0001:00018450       ___freetlocinfo            10019450 f   LIBCMTD:setlocal.obj
 0001:00018730       ___addlocaleref            10019730 f   LIBCMTD:setlocal.obj
 0001:00018850       ___removelocaleref         10019850 f   LIBCMTD:setlocal.obj
 0001:00018980       ___updatetlocinfo          10019980 f   LIBCMTD:setlocal.obj
 0001:00018ad0       __configthreadlocale       10019ad0 f   LIBCMTD:setlocal.obj
 0001:00018be0       __locterm                  10019be0 f   LIBCMTD:setlocal.obj
 0001:00018c70       __free_locale              10019c70 f   LIBCMTD:setlocal.obj
 0001:00018d80       ___free_locale             10019d80 f   LIBCMTD:setlocal.obj
 0001:00018da0       __create_locale            10019da0 f   LIBCMTD:setlocal.obj
 0001:00018fc0       ___create_locale           10019fc0 f   LIBCMTD:setlocal.obj
 0001:00018fe0       __get_current_locale       10019fe0 f   LIBCMTD:setlocal.obj
 0001:000190d0       ___get_current_locale      1001a0d0 f   LIBCMTD:setlocal.obj
 0001:000190e0       _setlocale                 1001a0e0 f   LIBCMTD:setlocal.obj
 0001:00019ff0       __expandlocale             1001aff0 f   LIBCMTD:setlocal.obj
 0001:0001a2a0       ___init_dummy              1001b2a0 f   LIBCMTD:setlocal.obj
 0001:0001a2b0       __strcats                  1001b2b0 f   LIBCMTD:setlocal.obj
 0001:0001a330       ___lc_strtolc              1001b330 f   LIBCMTD:setlocal.obj
 0001:0001a530       ___lc_lctostr              1001b530 f   LIBCMTD:setlocal.obj
 0001:0001a5c0       ___updatetmbcinfo          1001b5c0 f   LIBCMTD:mbctype.obj
 0001:0001a6d0       __setmbcp                  1001b6d0 f   LIBCMTD:mbctype.obj
 0001:0001aa70       __setmbcp_nolock           1001ba70 f   LIBCMTD:mbctype.obj
 0001:0001b230       __getmbcp                  1001c230 f   LIBCMTD:mbctype.obj
 0001:0001b2a0       ___initmbctable            1001c2a0 f   LIBCMTD:mbctype.obj
 0001:0001b2d0       _abort                     1001c2d0 f   LIBCMTD:abort.obj
 0001:0001b410       __set_abort_behavior       1001c410 f   LIBCMTD:abort.obj
 0001:0001b440       __CrtDefaultAllocHook      1001c440 f   LIBCMTD:dbghook.obj
 0001:0001b450       __crt_debugger_hook        1001c450 f   LIBCMTD:dbghook.obj
 0001:0001b460       __get_sse2_info            1001c460 f   LIBCMTD:cpu_disp.obj
 0001:0001b580       ___sse2_available_init     1001c580 f   LIBCMTD:cpu_disp.obj
 0001:0001b5a0       __initp_heap_handler       1001c5a0 f   LIBCMTD:handler.obj
 0001:0001b5b0       ?_set_new_handler@@YAP6AHI@ZP6AHI@Z@Z 1001c5b0 f   LIBCMTD:handler.obj
 0001:0001b600       ?_set_new_handler@@YAP6AHI@ZH@Z 1001c600 f   LIBCMTD:handler.obj
 0001:0001b640       ?_query_new_handler@@YAP6AHI@ZXZ 1001c640 f   LIBCMTD:handler.obj
 0001:0001b660       __callnewh                 1001c660 f   LIBCMTD:handler.obj
 0001:0001b6a0       __dosmaperr                1001c6a0 f   LIBCMTD:dosmap.obj
 0001:0001b6d0       __get_errno_from_oserr     1001c6d0 f   LIBCMTD:dosmap.obj
 0001:0001b750       __set_errno                1001c750 f   LIBCMTD:dosmap.obj
 0001:0001b780       __get_errno                1001c780 f   LIBCMTD:dosmap.obj
 0001:0001b800       __set_doserrno             1001c800 f   LIBCMTD:dosmap.obj
 0001:0001b830       __get_doserrno             1001c830 f   LIBCMTD:dosmap.obj
 0001:0001b8b0       __errno                    1001c8b0 f   LIBCMTD:dosmap.obj
 0001:0001b8e0       ___doserrno                1001c8e0 f   LIBCMTD:dosmap.obj
 0001:0001b910       __CrtSetReportHook2        1001c910 f   LIBCMTD:dbgrpt.obj
 0001:0001bc30       __CrtDbgReport             1001cc30 f   LIBCMTD:dbgrpt.obj
 0001:0001bc70       __CrtDbgReportV            1001cc70 f i LIBCMTD:dbgrpt.obj
 0001:0001bca0       ___crtMessageWindowA       1001cca0 f   LIBCMTD:dbgrpt.obj
 0001:0001c0a0       __expand_base              1001d0a0 f   LIBCMTD:expand.obj
 0001:0001c270       __realloc_base             1001d270 f   LIBCMTD:realloc.obj
 0001:0001c610       __recalloc_base            1001d610 f   LIBCMTD:realloc.obj
 0001:0001c6b0       __heapchk                  1001d6b0 f   LIBCMTD:heapchk.obj
 0001:0001c780       __heapset                  1001d780 f   LIBCMTD:heapchk.obj
 0001:0001c790       ___heap_select             1001d790 f   LIBCMTD:heapinit.obj
 0001:0001c820       __get_heap_handle          1001d820 f   LIBCMTD:heapinit.obj
 0001:0001c860       __get_sbh_threshold        1001d860 f   LIBCMTD:sbheap.obj
 0001:0001c8b0       __set_sbh_threshold        1001d8b0 f   LIBCMTD:sbheap.obj
 0001:0001ca40       __set_amblksiz             1001da40 f   LIBCMTD:sbheap.obj
 0001:0001cb40       __get_amblksiz             1001db40 f   LIBCMTD:sbheap.obj
 0001:0001cc30       ___sbh_heap_init           1001dc30 f   LIBCMTD:sbheap.obj
 0001:0001cca0       ___sbh_find_block          1001dca0 f   LIBCMTD:sbheap.obj
 0001:0001cd00       ___sbh_verify_block        1001dd00 f   LIBCMTD:sbheap.obj
 0001:0001cd60       ___sbh_free_block          1001dd60 f   LIBCMTD:sbheap.obj
 0001:0001d320       ___sbh_alloc_block         1001e320 f   LIBCMTD:sbheap.obj
 0001:0001d840       ___sbh_alloc_new_region    1001e840 f   LIBCMTD:sbheap.obj
 0001:0001d950       ___sbh_alloc_new_group     1001e950 f   LIBCMTD:sbheap.obj
 0001:0001db40       ___sbh_resize_block        1001eb40 f   LIBCMTD:sbheap.obj
 0001:0001e110       ___sbh_heapmin             1001f110 f   LIBCMTD:sbheap.obj
 0001:0001e240       ___sbh_heap_check          1001f240 f   LIBCMTD:sbheap.obj
 0001:0001e730       _sprintf                   1001f730 f   LIBCMTD:sprintf.obj
 0001:0001e8b0       __sprintf_l                1001f8b0 f   LIBCMTD:sprintf.obj
 0001:0001e8e0       _sprintf_s                 1001f8e0 f   LIBCMTD:sprintf.obj
 0001:0001e910       __sprintf_s_l              1001f910 f   LIBCMTD:sprintf.obj
 0001:0001e940       __snprintf_s               1001f940 f   LIBCMTD:sprintf.obj
 0001:0001e970       __snprintf_s_l             1001f970 f   LIBCMTD:sprintf.obj
 0001:0001e9a0       __sprintf_p                1001f9a0 f   LIBCMTD:sprintf.obj
 0001:0001e9d0       __sprintf_p_l              1001f9d0 f   LIBCMTD:sprintf.obj
 0001:0001ea00       __scprintf                 1001fa00 f   LIBCMTD:sprintf.obj
 0001:0001ea20       __scprintf_p               1001fa20 f   LIBCMTD:sprintf.obj
 0001:0001ea40       __scprintf_l               1001fa40 f   LIBCMTD:sprintf.obj
 0001:0001ea70       __scprintf_p_l             1001fa70 f   LIBCMTD:sprintf.obj
 0001:0001eaa0       __chvalidator              1001faa0 f   LIBCMTD:isctype.obj
 0001:0001eaf0       __chvalidator_l            1001faf0 f   LIBCMTD:isctype.obj
 0001:0001eba0       __isctype_l                1001fba0 f   LIBCMTD:isctype.obj
 0001:0001ecb0       __isctype                  1001fcb0 f   LIBCMTD:isctype.obj
 0001:0001ecf0       __onexit                   1001fcf0 f   LIBCMTD:onexit.obj
 0001:0001eec0       _atexit                    1001fec0 f   LIBCMTD:onexit.obj
 0001:0001eee0       ___onexitinit              1001fee0 f   LIBCMTD:onexit.obj
 0001:0001ef40       __initp_misc_cfltcvt_tab   1001ff40 f   LIBCMTD:cmiscdat.obj
 0001:0001ef80       __ValidateImageBase        1001ff80 f   LIBCMTD:pesect.obj
 0001:0001efe0       __FindPESection            1001ffe0 f   LIBCMTD:pesect.obj
 0001:0001f060       __IsNonwritableInCurrentImage 10020060 f   LIBCMTD:pesect.obj
 0001:0001f170       __FF_MSGBANNER             10020170 f   LIBCMTD:crt0msg.obj
 0001:0001f1c0       __NMSG_WRITE               100201c0 f   LIBCMTD:crt0msg.obj
 0001:0001f450       __GET_RTERRMSG             10020450 f   LIBCMTD:crt0msg.obj
 0001:0001f490       __initp_misc_winsig        10020490 f   LIBCMTD:winsig.obj
 0001:0001f4c0       _signal                    100204c0 f   LIBCMTD:winsig.obj
 0001:0001f960       _raise                     10020960 f   LIBCMTD:winsig.obj
 0001:0001fcd0       ___get_sigabrt             10020cd0 f   LIBCMTD:winsig.obj
 0001:0001fcf0       ___fpecode                 10020cf0 f   LIBCMTD:winsig.obj
 0001:0001fd00       ___pxcptinfoptrs           10020d00 f   LIBCMTD:winsig.obj
 0001:0001fd10       __initp_misc_rand_s        10020d10 f   LIBCMTD:rand_s.obj
 0001:0001fd20       _rand_s                    10020d20 f   LIBCMTD:rand_s.obj
 0001:0001ff40       ___getlocaleinfo           10020f40 f   LIBCMTD:inithelp.obj
 0001:000201e0       __initp_misc_purevirt      100211e0 f   LIBCMTD:inithelp.obj
 0001:000201f0       __initp_misc_initcrit      100211f0 f   LIBCMTD:initcrit.obj
 0001:00020200       ___crtInitCritSecAndSpinCount 10021200 f   LIBCMTD:initcrit.obj
 0001:00020370       __ismbbkalnum_l            10021370 f   LIBCMTD:ismbbyte.obj
 0001:00020390       __ismbbkalnum              10021390 f   LIBCMTD:ismbbyte.obj
 0001:000203b0       __ismbbkprint_l            100213b0 f   LIBCMTD:ismbbyte.obj
 0001:000203d0       __ismbbkprint              100213d0 f   LIBCMTD:ismbbyte.obj
 0001:000203f0       __ismbbkpunct_l            100213f0 f   LIBCMTD:ismbbyte.obj
 0001:00020410       __ismbbkpunct              10021410 f   LIBCMTD:ismbbyte.obj
 0001:00020430       __ismbbalnum_l             10021430 f   LIBCMTD:ismbbyte.obj
 0001:00020450       __ismbbalnum               10021450 f   LIBCMTD:ismbbyte.obj
 0001:00020470       __ismbbalpha_l             10021470 f   LIBCMTD:ismbbyte.obj
 0001:00020490       __ismbbalpha               10021490 f   LIBCMTD:ismbbyte.obj
 0001:000204b0       __ismbbgraph_l             100214b0 f   LIBCMTD:ismbbyte.obj
 0001:000204d0       __ismbbgraph               100214d0 f   LIBCMTD:ismbbyte.obj
 0001:000204f0       __ismbbprint_l             100214f0 f   LIBCMTD:ismbbyte.obj
 0001:00020510       __ismbbprint               10021510 f   LIBCMTD:ismbbyte.obj
 0001:00020530       __ismbbpunct_l             10021530 f   LIBCMTD:ismbbyte.obj
 0001:00020550       __ismbbpunct               10021550 f   LIBCMTD:ismbbyte.obj
 0001:00020570       __ismbblead_l              10021570 f   LIBCMTD:ismbbyte.obj
 0001:00020590       __ismbblead                10021590 f   LIBCMTD:ismbbyte.obj
 0001:000205b0       __ismbbtrail_l             100215b0 f   LIBCMTD:ismbbyte.obj
 0001:000205d0       __ismbbtrail               100215d0 f   LIBCMTD:ismbbyte.obj
 0001:000205f0       __ismbbkana_l              100215f0 f   LIBCMTD:ismbbyte.obj
 0001:00020660       __ismbbkana                10021660 f   LIBCMTD:ismbbyte.obj
 0001:00020740       __local_unwind4            10021740 f   LIBCMTD:exsup4.obj
 0001:00020816       __seh_longjmp_unwind4@4    10021816 f   LIBCMTD:exsup4.obj
 0001:00020832       @_EH4_CallFilterFunc@8     10021832 f   LIBCMTD:exsup4.obj
 0001:00020849       @_EH4_TransferToHandler@8  10021849 f   LIBCMTD:exsup4.obj
 0001:00020862       @_EH4_GlobalUnwind@4       10021862 f   LIBCMTD:exsup4.obj
 0001:0002087c       @_EH4_LocalUnwind@16       1002187c f   LIBCMTD:exsup4.obj
 0001:000208a0       __CrtDbgBreak              100218a0 f   LIBCMTD:dbgrptt.obj
 0001:000208b0       __CrtSetReportMode         100218b0 f   LIBCMTD:dbgrptt.obj
 0001:000209f0       __CrtSetReportFile         100219f0 f   LIBCMTD:dbgrptt.obj
 0001:00020ae0       __CrtSetReportHook         10021ae0 f   LIBCMTD:dbgrptt.obj
 0001:00020b00       __CrtGetReportHook         10021b00 f   LIBCMTD:dbgrptt.obj
 0001:00020b10       __VCrtDbgReportA           10021b10 f   LIBCMTD:dbgrptt.obj
 0001:00021320       __VCrtDbgReportW           10022320 f   LIBCMTD:dbgrptt.obj
 0001:00021c30       _strcat_s                  10022c30 f   LIBCMTD:strcat_s.obj
 0001:00022010       __wcstombs_l_helper        10023010 f   LIBCMTD:wcstombs.obj
 0001:00022560       __wcstombs_l               10023560 f   LIBCMTD:wcstombs.obj
 0001:00022580       _wcstombs                  10023580 f   LIBCMTD:wcstombs.obj
 0001:000225a0       __wcstombs_s_l             100235a0 f   LIBCMTD:wcstombs.obj
 0001:00022860       _wcstombs_s                10023860 f   LIBCMTD:wcstombs.obj
 0001:00022890       ___crtMessageBoxW          10023890 f   LIBCMTD:crtmboxw.obj
 0001:00022af0       __swprintf                 10023af0 f   LIBCMTD:swprintf.obj
 0001:00022cb0       ___swprintf_l              10023cb0 f   LIBCMTD:swprintf.obj
 0001:00022ce0       _swprintf_s                10023ce0 f   LIBCMTD:swprintf.obj
 0001:00022d10       __snwprintf_s              10023d10 f   LIBCMTD:swprintf.obj
 0001:00022d40       __swprintf_p               10023d40 f   LIBCMTD:swprintf.obj
 0001:00022d70       __swprintf_s_l             10023d70 f   LIBCMTD:swprintf.obj
 0001:00022da0       __snwprintf_s_l            10023da0 f   LIBCMTD:swprintf.obj
 0001:00022dd0       __swprintf_p_l             10023dd0 f   LIBCMTD:swprintf.obj
 0001:00022e00       __scwprintf                10023e00 f   LIBCMTD:swprintf.obj
 0001:00022e20       __scwprintf_p              10023e20 f   LIBCMTD:swprintf.obj
 0001:00022e40       __scwprintf_l              10023e40 f   LIBCMTD:swprintf.obj
 0001:00022e70       __scwprintf_p_l            10023e70 f   LIBCMTD:swprintf.obj
 0001:00022ea0       _wcsncpy_s                 10023ea0 f   LIBCMTD:wcsncpy_s.obj
 0001:000232a0       _wcslen                    100242a0 f   LIBCMTD:wcslen.obj
 0001:000232d0       _wcscpy_s                  100242d0 f   LIBCMTD:wcscpy_s.obj
 0001:000235b0       _atol                      100245b0 f   LIBCMTD:atox.obj
 0001:000235d0       __atol_l                   100245d0 f   LIBCMTD:atox.obj
 0001:000235f0       _atoi                      100245f0 f   LIBCMTD:atox.obj
 0001:00023610       __atoi_l                   10024610 f   LIBCMTD:atox.obj
 0001:00023630       __atoi64                   10024630 f   LIBCMTD:atox.obj
 0001:00023650       __atoi64_l                 10024650 f   LIBCMTD:atox.obj
 0001:00023670       __allshl                   10024670 f   LIBCMTD:llshl.obj
 0001:00023690       __aulldiv                  10024690 f   LIBCMTD:ulldiv.obj
 0001:00023700       __aullrem                  10024700 f   LIBCMTD:ullrem.obj
 0001:00023780       __purecall                 10024780 f   LIBCMTD:purevirt.obj
 0001:000237c0       __set_purecall_handler     100247c0 f   LIBCMTD:purevirt.obj
 0001:00023800       __get_purecall_handler     10024800 f   LIBCMTD:purevirt.obj
 0001:00023820       ___pwctype_func            10024820 f   LIBCMTD:ctype.obj
 0001:00023830       ___pctype_func             10024830 f   LIBCMTD:ctype.obj
 0001:00023880       ___init_time               10024880 f   LIBCMTD:inittime.obj
 0001:00023fa0       ___free_lc_time            10024fa0 f   LIBCMTD:inittime.obj
 0001:000242b0       ___init_numeric            100252b0 f   LIBCMTD:initnum.obj
 0001:00024600       ___free_lconv_num          10025600 f   LIBCMTD:initnum.obj
 0001:00024670       ___init_monetary           10025670 f   LIBCMTD:initmon.obj
 0001:00024b70       ___free_lconv_mon          10025b70 f   LIBCMTD:initmon.obj
 0001:00024c60       ___init_ctype              10025c60 f   LIBCMTD:initctyp.obj
 0001:00025210       ____mb_cur_max_func        10026210 f   LIBCMTD:initctyp.obj
 0001:00025260       ____mb_cur_max_l_func      10026260 f   LIBCMTD:initctyp.obj
 0001:00025290       ____lc_codepage_func       10026290 f   LIBCMTD:initctyp.obj
 0001:000252e0       ____lc_collate_cp_func     100262e0 f   LIBCMTD:initctyp.obj
 0001:00025330       ____lc_handle_func         10026330 f   LIBCMTD:initctyp.obj
 0001:00025380       ___init_collate            10026380 f   LIBCMTD:initcoll.obj
 0001:00025390       __Getdays_l                10026390 f   LIBCMTD:strftime.obj
 0001:00025550       __Getdays                  10026550 f   LIBCMTD:strftime.obj
 0001:00025560       __Getmonths_l              10026560 f   LIBCMTD:strftime.obj
 0001:00025720       __Getmonths                10026720 f   LIBCMTD:strftime.obj
 0001:00025730       __Gettnames_l              10026730 f   LIBCMTD:strftime.obj
 0001:00025ca0       __Gettnames                10026ca0 f   LIBCMTD:strftime.obj
 0001:00025cb0       __strftime_l               10026cb0 f   LIBCMTD:strftime.obj
 0001:00025ce0       _strftime                  10026ce0 f   LIBCMTD:strftime.obj
 0001:00025d10       __Strftime                 10026d10 f   LIBCMTD:strftime.obj
 0001:00025d40       __Strftime_l               10026d40 f   LIBCMTD:strftime.obj
 0001:00027e60       __MarkAllocaS              10028e60 f i LIBCMTD:strftime.obj
 0001:00027e80       __freea                    10028e80 f i LIBCMTD:strftime.obj
 0001:00027ef0       _localeconv                10028ef0 f   LIBCMTD:lconv.obj
 0001:00027f40       _strncpy_s                 10028f40 f   LIBCMTD:strncpy_s.obj
 0001:00028330       _strcspn                   10029330 f   LIBCMTD:strcspn.obj
 0001:00028380       _strncmp                   10029380 f   LIBCMTD:strncmp.obj
 0001:000284f0       _strpbrk                   100294f0 f   LIBCMTD:strpbrk.obj
 0001:00028530       _memcmp                    10029530 f   LIBCMTD:memcmp.obj
 0001:00028fa0       ___crtGetStringTypeA       10029fa0 f   LIBCMTD:a_str.obj
 0001:00029230       ___get_qualified_locale    1002a230 f   LIBCMTD:getqloc.obj
 0001:0002a0a0       ___crtLCMapStringA         1002b0a0 f   LIBCMTD:a_map.obj
 0001:0002a650       ___crtMessageBoxA          1002b650 f   LIBCMTD:crtmbox.obj
 0001:0002a8b0       __mbsnbcpy_s               1002b8b0 f   LIBCMTD:mbsnbcpy_s.obj
 0001:0002a8d0       __flsbuf                   1002b8d0 f   LIBCMTD:_flsbuf.obj
 0001:0002ab90       __output_l                 1002bb90 f   LIBCMTD:output.obj
 0001:0002c000       _get_int_arg               1002d000 f i LIBCMTD:output.obj
 0001:0002c020       _get_int64_arg             1002d020 f i LIBCMTD:output.obj
 0001:0002c040       _get_short_arg             1002d040 f i LIBCMTD:output.obj
 0001:0002c060       __vsprintf_l               1002d060 f   LIBCMTD:vsprintf.obj
 0001:0002c1d0       _vsprintf                  1002d1d0 f   LIBCMTD:vsprintf.obj
 0001:0002c1f0       __vscprintf_helper         1002d1f0 f   LIBCMTD:vsprintf.obj
 0001:0002c2b0       __vscprintf                1002d2b0 f   LIBCMTD:vsprintf.obj
 0001:0002c2d0       __vscprintf_l              1002d2d0 f   LIBCMTD:vsprintf.obj
 0001:0002c2f0       __vscprintf_p              1002d2f0 f   LIBCMTD:vsprintf.obj
 0001:0002c310       __vscprintf_p_l            1002d310 f   LIBCMTD:vsprintf.obj
 0001:0002c330       __vsnprintf_helper         1002d330 f   LIBCMTD:vsnprnc.obj
 0001:0002c500       __vsnprintf_c              1002d500 f   LIBCMTD:vsnprnc.obj
 0001:0002c550       __vsnprintf_c_l            1002d550 f   LIBCMTD:vsnprnc.obj
 0001:0002c5a0       __vsprintf_s_l             1002d5a0 f   LIBCMTD:vsnprnc.obj
 0001:0002c800       _vsprintf_s                1002d800 f   LIBCMTD:vsnprnc.obj
 0001:0002c820       __vsnprintf_s_l            1002d820 f   LIBCMTD:vsnprnc.obj
 0001:0002cbc0       __vsnprintf_s              1002dbc0 f   LIBCMTD:vsnprnc.obj
 0001:0002cbf0       __vsprintf_p               1002dbf0 f   LIBCMTD:vsnprnc.obj
 0001:0002cc40       __vsprintf_p_l             1002dc40 f   LIBCMTD:vsnprnc.obj
 0001:0002cc90       __isleadbyte_l             1002dc90 f i LIBCMTD:_wctype.obj
 0001:0002cce0       _isleadbyte                1002dce0 f i LIBCMTD:_wctype.obj
 0001:0002cd00       __iswalpha_l               1002dd00 f i LIBCMTD:_wctype.obj
 0001:0002cd20       _iswalpha                  1002dd20 f i LIBCMTD:_wctype.obj
 0001:0002cd40       __iswupper_l               1002dd40 f i LIBCMTD:_wctype.obj
 0001:0002cd60       _iswupper                  1002dd60 f i LIBCMTD:_wctype.obj
 0001:0002cd80       __iswlower_l               1002dd80 f i LIBCMTD:_wctype.obj
 0001:0002cda0       _iswlower                  1002dda0 f i LIBCMTD:_wctype.obj
 0001:0002cdc0       __iswdigit_l               1002ddc0 f i LIBCMTD:_wctype.obj
 0001:0002cde0       _iswdigit                  1002dde0 f i LIBCMTD:_wctype.obj
 0001:0002ce00       __iswxdigit_l              1002de00 f i LIBCMTD:_wctype.obj
 0001:0002ce20       _iswxdigit                 1002de20 f i LIBCMTD:_wctype.obj
 0001:0002ce40       __iswspace_l               1002de40 f i LIBCMTD:_wctype.obj
 0001:0002ce60       _iswspace                  1002de60 f i LIBCMTD:_wctype.obj
 0001:0002ce80       __iswpunct_l               1002de80 f i LIBCMTD:_wctype.obj
 0001:0002cea0       _iswpunct                  1002dea0 f i LIBCMTD:_wctype.obj
 0001:0002cec0       __iswalnum_l               1002dec0 f i LIBCMTD:_wctype.obj
 0001:0002cee0       _iswalnum                  1002dee0 f i LIBCMTD:_wctype.obj
 0001:0002cf00       __iswprint_l               1002df00 f i LIBCMTD:_wctype.obj
 0001:0002cf20       _iswprint                  1002df20 f i LIBCMTD:_wctype.obj
 0001:0002cf40       __iswgraph_l               1002df40 f i LIBCMTD:_wctype.obj
 0001:0002cf60       _iswgraph                  1002df60 f i LIBCMTD:_wctype.obj
 0001:0002cf80       __iswcntrl_l               1002df80 f i LIBCMTD:_wctype.obj
 0001:0002cfa0       _iswcntrl                  1002dfa0 f i LIBCMTD:_wctype.obj
 0001:0002cfc0       _iswascii                  1002dfc0 f i LIBCMTD:_wctype.obj
 0001:0002cfe0       __iswcsym_l                1002dfe0 f i LIBCMTD:_wctype.obj
 0001:0002d020       ___iswcsym                 1002e020 f i LIBCMTD:_wctype.obj
 0001:0002d060       __iswcsymf_l               1002e060 f i LIBCMTD:_wctype.obj
 0001:0002d0a0       ___iswcsymf                1002e0a0 f i LIBCMTD:_wctype.obj
 0001:0002d0e0       __fptrap                   1002e0e0 f   LIBCMTD:crt0fp.obj
 0001:0002d0f0       __set_error_mode           1002e0f0 f   LIBCMTD:errmode.obj
 0001:0002d1b0       ___set_app_type            1002e1b0 f   LIBCMTD:errmode.obj
 0001:0002d1c0       ___get_app_type            1002e1c0 f   LIBCMTD:errmode.obj
 0001:0002d1d0       __isalpha_l                1002e1d0 f i LIBCMTD:_ctype.obj
 0001:0002d260       _isalpha                   1002e260 f i LIBCMTD:_ctype.obj
 0001:0002d2a0       __isupper_l                1002e2a0 f i LIBCMTD:_ctype.obj
 0001:0002d320       _isupper                   1002e320 f i LIBCMTD:_ctype.obj
 0001:0002d350       __islower_l                1002e350 f i LIBCMTD:_ctype.obj
 0001:0002d3d0       _islower                   1002e3d0 f i LIBCMTD:_ctype.obj
 0001:0002d400       __isdigit_l                1002e400 f i LIBCMTD:_ctype.obj
 0001:0002d480       _isdigit                   1002e480 f i LIBCMTD:_ctype.obj
 0001:0002d4b0       __isxdigit_l               1002e4b0 f i LIBCMTD:_ctype.obj
 0001:0002d540       _isxdigit                  1002e540 f i LIBCMTD:_ctype.obj
 0001:0002d580       __isspace_l                1002e580 f i LIBCMTD:_ctype.obj
 0001:0002d600       _isspace                   1002e600 f i LIBCMTD:_ctype.obj
 0001:0002d630       __ispunct_l                1002e630 f i LIBCMTD:_ctype.obj
 0001:0002d6b0       _ispunct                   1002e6b0 f i LIBCMTD:_ctype.obj
 0001:0002d6e0       __isalnum_l                1002e6e0 f i LIBCMTD:_ctype.obj
 0001:0002d770       _isalnum                   1002e770 f i LIBCMTD:_ctype.obj
 0001:0002d7b0       __isprint_l                1002e7b0 f i LIBCMTD:_ctype.obj
 0001:0002d840       _isprint                   1002e840 f i LIBCMTD:_ctype.obj
 0001:0002d880       __isgraph_l                1002e880 f i LIBCMTD:_ctype.obj
 0001:0002d910       _isgraph                   1002e910 f i LIBCMTD:_ctype.obj
 0001:0002d950       __iscntrl_l                1002e950 f i LIBCMTD:_ctype.obj
 0001:0002d9d0       _iscntrl                   1002e9d0 f i LIBCMTD:_ctype.obj
 0001:0002da00       ___isascii                 1002ea00 f i LIBCMTD:_ctype.obj
 0001:0002da10       ___toascii                 1002ea10 f i LIBCMTD:_ctype.obj
 0001:0002da20       __iscsymf_l                1002ea20 f i LIBCMTD:_ctype.obj
 0001:0002da60       ___iscsymf                 1002ea60 f i LIBCMTD:_ctype.obj
 0001:0002daa0       __iscsym_l                 1002eaa0 f i LIBCMTD:_ctype.obj
 0001:0002dae0       ___iscsym                  1002eae0 f i LIBCMTD:_ctype.obj
 0001:0002db20       ___crtGetLocaleInfoW       1002eb20 f   LIBCMTD:w_loc.obj
 0001:0002dcf0       ___crtGetLocaleInfoA       1002ecf0 f   LIBCMTD:a_loc.obj
 0001:0002ded0       __mbstowcs_l_helper        1002eed0 f   LIBCMTD:mbstowcs.obj
 0001:0002e280       __mbstowcs_l               1002f280 f   LIBCMTD:mbstowcs.obj
 0001:0002e2a0       _mbstowcs                  1002f2a0 f   LIBCMTD:mbstowcs.obj
 0001:0002e2f0       __mbstowcs_s_l             1002f2f0 f   LIBCMTD:mbstowcs.obj
 0001:0002e5f0       _mbstowcs_s                1002f5f0 f   LIBCMTD:mbstowcs.obj
 0001:0002e620       __itoa_s                   1002f620 f   LIBCMTD:xtoas.obj
 0001:0002e9e0       __ltoa_s                   1002f9e0 f   LIBCMTD:xtoas.obj
 0001:0002ea20       __ultoa_s                  1002fa20 f   LIBCMTD:xtoas.obj
 0001:0002ea40       __i64toa_s                 1002fa40 f   LIBCMTD:xtoas.obj
 0001:0002ee40       __ui64toa_s                1002fe40 f   LIBCMTD:xtoas.obj
 0001:0002ee60       _wcscat_s                  1002fe60 f   LIBCMTD:wcscat_s.obj
 0001:0002f250       __vswprintf_helper         10030250 f   LIBCMTD:vswprnc.obj
 0001:0002f480       __vswprintf_c              10030480 f   LIBCMTD:vswprnc.obj
 0001:0002f4d0       __vswprintf_c_l            100304d0 f   LIBCMTD:vswprnc.obj
 0001:0002f520       __vswprintf_s_l            10030520 f   LIBCMTD:vswprnc.obj
 0001:0002f790       _vswprintf_s               10030790 f   LIBCMTD:vswprnc.obj
 0001:0002f7b0       __vsnwprintf_s_l           100307b0 f   LIBCMTD:vswprnc.obj
 0001:0002fb60       __vsnwprintf_s             10030b60 f   LIBCMTD:vswprnc.obj
 0001:0002fb90       __vswprintf_p              10030b90 f   LIBCMTD:vswprnc.obj
[...]
 0003:00001934       __winver                   10057934     LIBCMTD:crt0dat.obj
 0003:00001938       __winmajor                 10057938     LIBCMTD:crt0dat.obj
 0003:0000193c       __winminor                 1005793c     LIBCMTD:crt0dat.obj
 0003:00001940       ___argc                    10057940     LIBCMTD:crt0dat.obj
 0003:00001944       ___argv                    10057944     LIBCMTD:crt0dat.obj
 0003:00001948       ___wargv                   10057948     LIBCMTD:crt0dat.obj
 0003:0000194c       __environ                  1005794c     LIBCMTD:crt0dat.obj
 0003:00001950       ___initenv                 10057950     LIBCMTD:crt0dat.obj
 0003:00001954       __wenviron                 10057954     LIBCMTD:crt0dat.obj
 0003:00001958       ___winitenv                10057958     LIBCMTD:crt0dat.obj
 0003:0000195c       __pgmptr                   1005795c     LIBCMTD:crt0dat.obj
 0003:00001960       __wpgmptr                  10057960     LIBCMTD:crt0dat.obj
 0003:00001964       __exitflag                 10057964     LIBCMTD:crt0dat.obj
 0003:00001968       __C_Termination_Done       10057968     LIBCMTD:crt0dat.obj
 0003:0000196c       __C_Exit_Done              1005796c     LIBCMTD:crt0dat.obj
 0003:00001c04       ?pArgList@UnDecorator@@0PAVReplicator@@A 10057c04     LIBCMTD:undname.obj
 0003:00001c08       ?pZNameList@UnDecorator@@0PAVReplicator@@A 10057c08     LIBCMTD:undname.obj
 0003:00001c0c       ?pTemplateArgList@UnDecorator@@0PAVReplicator@@A 10057c0c     LIBCMTD:undname.obj
 0003:00001c10       ?gName@UnDecorator@@0PBDB  10057c10     LIBCMTD:undname.obj
 0003:00001c14       ?name@UnDecorator@@0PBDB   10057c14     LIBCMTD:undname.obj
 0003:00001c18       ?outputString@UnDecorator@@0PADA 10057c18     LIBCMTD:undname.obj
 0003:00001c1c       ?maxStringLength@UnDecorator@@0HA 10057c1c     LIBCMTD:undname.obj
 0003:00001c20       ?disableFlags@UnDecorator@@0KA 10057c20     LIBCMTD:undname.obj
 0003:00001c24       ?m_pGetParameter@UnDecorator@@0P6APADJ@ZA 10057c24     LIBCMTD:undname.obj
 0003:00001c28       ?fExplicitTemplateParams@UnDecorator@@0_NA 10057c28     LIBCMTD:undname.obj
 0003:00001c29       ?fGetTemplateArgumentList@UnDecorator@@0_NA 10057c29     LIBCMTD:undname.obj
 0003:00001c80       ___pInvalidArgHandler      10057c80     LIBCMTD:invarg.obj
 0003:00001c8c       ___locale_changed          10057c8c     LIBCMTD:setlocal.obj
 0003:00001c90       ___lc_handle               10057c90     LIBCMTD:nlsdata2.obj
 0003:00001ca8       ___lc_codepage             10057ca8     LIBCMTD:nlsdata2.obj
 0003:00001cac       ___lc_collate_cp           10057cac     LIBCMTD:nlsdata2.obj
 0003:00001cb4       ___mbulinfo                10057cb4     LIBCMTD:mbctype.obj
 0003:00001cc0       ___mbcodepage              10057cc0     LIBCMTD:mbctype.obj
 0003:00001cc4       ___ismbcodepage            10057cc4     LIBCMTD:mbctype.obj
 0003:00001cc8       ___mblcid                  10057cc8     LIBCMTD:mbctype.obj
 0003:00001ccc       __newmode                  10057ccc     LIBCMTD:_newmode.obj
 0003:00001cd0       ?_pnhHeap@@3P6AHI@ZA       10057cd0     LIBCMTD:handler.obj
 0003:00001cd4       __crtheap                  10057cd4     LIBCMTD:heapinit.obj
 0003:00001cd8       ___sbh_pHeaderDefer        10057cd8     LIBCMTD:sbheap.obj
 0003:00002014       ___pPurecall               10058014     LIBCMTD:inithelp.obj
 0003:00002030       ___lconv_static_null       10058030     LIBCMTD:lconv.obj
 0003:00002110       __cflush                   10058110     LIBCMTD:_file.obj
 0003:00002118       ?wsprintffp@@3P6AHPADPBDZZA 10058118     LIBCMTD:error.obj
 0003:0000211c       __stdbuf                   1005811c     LIBCMTD:_sftbuf.obj
 0003:00002140       ___piob                    10058140     <common>
 0003:00002160       __bufin                    10058160     <common>
 0003:00003160       __nstream                  10059160     <common>
 0003:00003164       __pfnReportHook            10059164     <common>
 0003:00003168       __pReportHookListW         10059168     <common>
 0003:0000316c       __pReportHookList          1005916c     <common>
 0003:00003170       ___sbh_initialized         10059170     <common>
 0003:00003174       ___sbh_cntHeaderList       10059174     <common>
 0003:00003178       ___sbh_pHeaderList         10059178     <common>
 0003:0000317c       ___sbh_threshold           1005917c     <common>
 0003:00003180       ___sbh_pHeaderScan         10059180     <common>
 0003:00003184       ___sbh_sizeHeaderList      10059184     <common>
 0003:00003188       ___sbh_indGroupDefer       10059188     <common>
 0003:0000318c       ___active_heap             1005918c     <common>
 0003:00003190       __debugger_hook_dummy      10059190     <common>
 0003:00003194       ___setlc_active            10059194     <common>
 0003:00003198       ___unguarded_readlc_active 10059198     <common>
 0003:0000319c       __nhandle                  1005919c     <common>
 0003:000031a0       ___pioinfo                 100591a0     <common>
 0003:000032a0       ___env_initialized         100592a0     <common>
 0003:000032a4       ___onexitend               100592a4     <common>
 0003:000032a8       ___onexitbegin             100592a8     <common>
 0003:000032ac       ___mbctype_initialized     100592ac     <common>
 0003:000032b0       __FPinit                   100592b0     <common>
 0003:000032b4       ___dyn_tls_init_callback   100592b4     <common>
 0003:000032b8       ___use_sse2_mathfcns       100592b8     <common>
 0003:000032bc       ___sse2_available          100592bc     <common>
 0003:000032c0       __acmdln                   100592c0     <common>

 entry point at        0001:00004990

 Static symbols

 0001:00003588       _local_strrchr             10004588 f   COMHeap:COMHeap.obj
 0001:000035a3       _set_name                  100045a3 f   COMHeap:COMHeap.obj
 0001:00003d60       ?CatchGuardHandler@@YA?AW4_EXCEPTION_DISPOSITION@@PAUEHExceptionRecord@@PAUCatchGuardRN@@PAX2@Z 10004d60 f   LIBCMTD:trnsctrl.obj
 0001:00003ea0       ?TranslatorGuardHandler@@YA?AW4_EXCEPTION_DISPOSITION@@PAUEHExceptionRecord@@PAUTranslatorGuardRN@@PAX2@Z 10004ea0 f   LIBCMTD:trnsctrl.obj
 0001:000049c0       ___DllMainCRTStartup       100059c0 f   LIBCMTD:dllcrt0.obj
 0001:00005340       ?FindHandler@@YAXPAUEHExceptionRecord@@PAUEHRegistrationNode@@PAU_CONTEXT@@PAXPBU_s_FuncInfo@@EH1@Z 10006340 f   LIBCMTD:frame.obj
 0001:00005890       ?FindHandlerForForeignException@@YAXPAUEHExceptionRecord@@PAUEHRegistrationNode@@PAU_CONTEXT@@PAXPBU_s_FuncInfo@@HH1@Z 10006890 f   LIBCMTD:frame.obj
 0001:00005cb0       ?CatchIt@@YAXPAUEHExceptionRecord@@PAUEHRegistrationNode@@PAU_CONTEXT@@PAXPBU_s_FuncInfo@@PBU_s_HandlerType@@PBU_s_CatchableType@@PBU_s_TryBlockMapEntry@@H1E@Z 10006cb0 f   LIBCMTD:frame.obj
 0001:00005d70       ?CallCatchBlock@@YAPAXPAUEHExceptionRecord@@PAUEHRegistrationNode@@PAU_CONTEXT@@PBU_s_FuncInfo@@PAXHK@Z 10006d70 f   LIBCMTD:frame.obj
 0001:00006000       ?ExFilterRethrow@@YAHPAU_EXCEPTION_POINTERS@@@Z 10007000 f   LIBCMTD:frame.obj
 0001:00006c40       ?IsInExceptionSpec@@YAEPAUEHExceptionRecord@@PBU_s_ESTypeList@@@Z 10007c40 f   LIBCMTD:frame.obj
 0001:00006d00       ?CallUnexpected@@YAXPBU_s_ESTypeList@@@Z 10007d00 f   LIBCMTD:frame.obj
 0001:00006d4c       __catch$?CallUnexpected@@YAXPBU_s_ESTypeList@@@Z$0 10007d4c f   LIBCMTD:frame.obj
 0001:00006d90       ?Is_bad_exception_allowed@@YAEPBU_s_ESTypeList@@@Z 10007d90 f   LIBCMTD:frame.obj
 0001:00007b00       _fastzero_I                10008b00 f   LIBCMTD:p4_memset.obj
 0001:00007c90       _fastcopy_I                10008c90 f   LIBCMTD:p4_memcpy.obj
 0001:00008340       _realloc_help              10009340 f   LIBCMTD:dbgheap.obj
 0001:00009000       _CheckBytes                1000a000 f   LIBCMTD:dbgheap.obj
 0001:00009e70       ?_CrtMemDumpAllObjectsSince_stat@@YAXPBU_CrtMemState@@PAUlocaleinfo_struct@@@Z 1000ae70 f   LIBCMTD:dbgheap.obj
 0001:0000a180       __printMemBlockData        1000b180 f   LIBCMTD:dbgheap.obj
 0001:0000af40       _doexit                    1000bf40 f   LIBCMTD:crt0dat.obj
 0001:0000b1a0       __initterm                 1000c1a0 f   LIBCMTD:crt0dat.obj
 0001:0000c090       _parse_cmdline             1000d090 f   LIBCMTD:stdargv.obj
 0001:0000c9b0       _xcptlookup                1000d9b0 f   LIBCMTD:winxfltr.obj
 0001:0000cbd0       _ValidateLocalCookies      1000dbd0 f   LIBCMTD:chandler4.obj
 0001:00017260       ?und_strlen@@YAIPBD@Z      10018260 f   LIBCMTD:undname.obj
 0001:000172a0       ?und_strncpy@@YAPADPADPBDI@Z 100182a0 f   LIBCMTD:undname.obj
 0001:000172f0       ?und_strncmp@@YAIPBD0I@Z   100182f0 f   LIBCMTD:undname.obj
 0001:00018318       __unwind_handler           10019318 f   LIBCMTD:exsup.obj
 0001:00018a50       __updatetlocinfoEx_nolock  10019a50 f   LIBCMTD:setlocal.obj
 0001:00018f80       __copytlocinfo_nolock      10019f80 f   LIBCMTD:setlocal.obj
 0001:00019360       _sync_legacy_variables_lk  1001a360 f   LIBCMTD:setlocal.obj
 0001:000193e0       __setlocale_nolock         1001a3e0 f   LIBCMTD:setlocal.obj
 0001:000197d0       __setlocale_set_cat        1001a7d0 f   LIBCMTD:setlocal.obj
 0001:00019d00       __setlocale_get_all        1001ad00 f   LIBCMTD:setlocal.obj
 0001:0001a960       ?getSystemCP@@YAHH@Z       1001b960 f   LIBCMTD:mbctype.obj
 0001:0001ad90       ?CPtoLCID@@YAHH@Z          1001bd90 f   LIBCMTD:mbctype.obj
 0001:0001ae10       ?setSBCS@@YAXPAUthreadmbcinfostruct@@@Z 1001be10 f   LIBCMTD:mbctype.obj
 0001:0001aef0       ?setSBUpLow@@YAXPAUthreadmbcinfostruct@@@Z 1001bef0 f   LIBCMTD:mbctype.obj
 0001:0001b4d0       _has_osfxsr_set            1001c4d0 f   LIBCMTD:cpu_disp.obj
 0001:0001ed70       __onexit_nolock            1001fd70 f   LIBCMTD:onexit.obj
 0001:0001f870       _ctrlevent_capture@4       10020870 f   LIBCMTD:winsig.obj
 0001:0001fc70       _siglookup                 10020c70 f   LIBCMTD:winsig.obj
 0001:00020350       ___crtInitCritSecNoSpinCount@8 10021350 f   LIBCMTD:initcrit.obj
 0001:00020680       ?x_ismbbtype_l@@YAHPAUlocaleinfo_struct@@IHH@Z 10021680 f   LIBCMTD:ismbbyte.obj
 0001:000207d0       __unwind_handler4          100217d0 f   LIBCMTD:exsup4.obj
 0001:00022500       ?wcsncnt@@YAIPB_WI@Z       10023500 f   LIBCMTD:wcstombs.obj
 0001:00023970       __get_lc_time              10024970 f   LIBCMTD:inittime.obj
 0001:00024580       _fix_grouping              10025580 f   LIBCMTD:initnum.obj
 0001:00024af0       _fix_grouping              10025af0 f   LIBCMTD:initmon.obj
 0001:00026180       ?_expandtime@@YAHPAUlocaleinfo_struct@@DPBUtm@@PAPADPAIPAU__lc_time_data@@I@Z 10027180 f   LIBCMTD:strftime.obj
 0001:00027120       ?_store_str@@YAXPADPAPADPAI@Z 10028120 f   LIBCMTD:strftime.obj
 0001:00027170       ?_store_num@@YAXHHPAPADPAII@Z 10028170 f   LIBCMTD:strftime.obj
 0001:00027220       ?_store_number@@YAXHPAPADPAI@Z 10028220 f   LIBCMTD:strftime.obj
 0001:000272d0       ?_store_winword@@YAHPAUlocaleinfo_struct@@HPBUtm@@PAPADPAIPAU__lc_time_data@@@Z 100282d0 f   LIBCMTD:strftime.obj
 0001:000286f0       _cmpBYTE                   100296f0 f   LIBCMTD:memcmp.obj
 0001:00028720       _cmpResult                 10029720 f   LIBCMTD:memcmp.obj
 0001:00028740       _unaligned_memcmp          10029740 f   LIBCMTD:memcmp.obj
 0001:00028e50       _cmpWORD                   10029e50 f   LIBCMTD:memcmp.obj
 0001:00028ed0       _cmpDWORD                  10029ed0 f   LIBCMTD:memcmp.obj
 0001:00029000       ?__crtGetStringTypeA_stat@@YAHPAUlocaleinfo_struct@@KPBDHPAGHHH@Z 1002a000 f   LIBCMTD:a_str.obj
 0001:000294e0       _TranslateName             1002a4e0 f   LIBCMTD:getqloc.obj
 0001:00029570       _GetLcidFromLangCountry    1002a570 f   LIBCMTD:getqloc.obj
 0001:00029630       _LangCountryEnumProc@4     1002a630 f   LIBCMTD:getqloc.obj
 0001:00029a70       _GetLcidFromLanguage       1002aa70 f   LIBCMTD:getqloc.obj
 0001:00029af0       _LanguageEnumProc@4        1002aaf0 f   LIBCMTD:getqloc.obj
 0001:00029c90       _GetLcidFromCountry        1002ac90 f   LIBCMTD:getqloc.obj
 0001:00029ce0       _CountryEnumProc@4         1002ace0 f   LIBCMTD:getqloc.obj
 0001:00029de0       _GetLcidFromDefault        1002ade0 f   LIBCMTD:getqloc.obj
 0001:00029e10       _ProcessCodePage           1002ae10 f   LIBCMTD:getqloc.obj
 0001:00029ec0       _TestDefaultCountry        1002aec0 f   LIBCMTD:getqloc.obj
 0001:00029f10       _TestDefaultLanguage       1002af10 f   LIBCMTD:getqloc.obj
 0001:00029fb0       _LcidFromHexString         1002afb0 f   LIBCMTD:getqloc.obj
 0001:0002a030       _GetPrimaryLen             1002b030 f   LIBCMTD:getqloc.obj
 0001:0002a100       ?__crtLCMapStringA_stat@@YAHPAUlocaleinfo_struct@@KKPBDHPADHHH@Z 1002b100 f   LIBCMTD:a_map.obj
 0001:0002a600       ?strncnt@@YAHPBDH@Z        1002b600 f   LIBCMTD:a_map.obj
 0001:0002be90       _write_char                1002ce90 f   LIBCMTD:output.obj
 0001:0002bf30       _write_multi_char          1002cf30 f   LIBCMTD:output.obj
 0001:0002bf70       _write_string              1002cf70 f   LIBCMTD:output.obj
 0001:0002db70       ?__crtGetLocaleInfoW_stat@@YAHPAUlocaleinfo_struct@@KKPA_WHH@Z 1002eb70 f   LIBCMTD:w_loc.obj
 0001:0002dd40       ?__crtGetLocaleInfoA_stat@@YAHPAUlocaleinfo_struct@@KKPADHH@Z 1002ed40 f   LIBCMTD:a_loc.obj
 0001:0002e680       _xtoa_s@20                 1002f680 f   LIBCMTD:xtoas.obj
 0001:0002ea90       @x64toa_s@24               1002fa90 f   LIBCMTD:xtoas.obj
 0001:0002fc90       _xtow_s@20                 10030c90 f   LIBCMTD:xtows.obj
 0001:000300c0       @x64tow_s@24               100310c0 f   LIBCMTD:xtows.obj
 0001:00031540       _write_char                10032540 f   LIBCMTD:woutput.obj
 0001:000315a0       _write_multi_char          100325a0 f   LIBCMTD:woutput.obj
 0001:000315e0       _write_string              100325e0 f   LIBCMTD:woutput.obj
 0001:00031a10       ?strtoxl@@YAKPAUlocaleinfo_struct@@PBDPAPBDHH@Z 10032a10 f   LIBCMTD:strtol.obj
 0001:00031fd0       ?strtoxq@@YA_KPAUlocaleinfo_struct@@PBDPAPBDHH@Z 10032fd0 f   LIBCMTD:strtoq.obj
 0001:00032a20       __tzset_nolock             10033a20 f   LIBCMTD:tzset.obj
 0001:00033000       __isindst_nolock           10034000 f   LIBCMTD:tzset.obj
 0001:00033310       _cvtdate                   10034310 f   LIBCMTD:tzset.obj
 0001:00039d50       _write_char                1003ad50 f   LIBCMTD:outputp.obj
 0001:00039df0       _write_multi_char          1003adf0 f   LIBCMTD:outputp.obj
 0001:00039e30       _write_string              1003ae30 f   LIBCMTD:outputp.obj
 0001:0003b320       _write_char                1003c320 f   LIBCMTD:outputs.obj
 0001:0003b3c0       _write_multi_char          1003c3c0 f   LIBCMTD:outputs.obj
 0001:0003b400       _write_string              1003c400 f   LIBCMTD:outputs.obj
 0001:0003c7c0       _write_char                1003d7c0 f   LIBCMTD:woutputs.obj
 0001:0003c820       _write_multi_char          1003d820 f   LIBCMTD:woutputs.obj
 0001:0003c860       _write_string              1003d860 f   LIBCMTD:woutputs.obj
 0001:00040160       _write_char                10041160 f   LIBCMTD:woutputp.obj
 0001:000401c0       _write_multi_char          100411c0 f   LIBCMTD:woutputp.obj
 0001:00040200       _write_string              10041200 f   LIBCMTD:woutputp.obj
 0001:00040d10       __getenv_s_helper          10041d10 f   LIBCMTD:getenv.obj
 0001:00040f70       __dupenv_s_helper          10041f70 f   LIBCMTD:getenv.obj
 0001:00041fe0       ?DebuggerProbe@@YAHK@Z     10042fe0 f   LIBCMTD:error.obj
 0001:000420c0       ?failwithmessage@@YAXPAXHHPBD@Z 100430c0 f   LIBCMTD:error.obj
 0001:00042300       ?DebuggerRuntime@@YAHKHPAXPB_W@Z 10043300 f   LIBCMTD:error.obj
 0001:00042600       ?_getMemBlockDataString@@YAXPAD00I@Z 10043600 f   LIBCMTD:error.obj
 0001:00042a90       _flsall                    10043a90 f   LIBCMTD:fflush.obj
 0001:00043050       ?__crtGetStringTypeW_stat@@YAHPAUlocaleinfo_struct@@KPB_WHPAGHH@Z 10044050 f   LIBCMTD:w_str.obj
 0001:00043350       ?wcstoxl@@YAKPAUlocaleinfo_struct@@PB_WPAPB_WHH@Z 10044350 f   LIBCMTD:wcstol.obj
 0001:00044200       ?GetPdbDll@@YAPAUHINSTANCE__@@XZ 10045200 f   LIBCMTD:pdblkup.obj
 0001:00044c30       ?__crtCompareStringA_stat@@YAHPAUlocaleinfo_struct@@KKPBDH1HH@Z 10045c30 f   LIBCMTD:a_cmp.obj
 0001:00045140       ?strncnt@@YAHPBDH@Z        10046140 f   LIBCMTD:a_cmp.obj
 0001:000458f0       _findenv                   100468f0 f   LIBCMTD:setenv.obj
 0001:00045970       _copy_environ              10046970 f   LIBCMTD:setenv.obj
 0001:000461d0       __unwindfunclet$?LoadSystemComponents@SystemContainer@@UAG?AW4GENRESULT@@XZ$2 100471d0 f   SysContainer.obj
 0001:000461d8       __unwindfunclet$?LoadSystemComponents@SystemContainer@@UAG?AW4GENRESULT@@XZ$3 100471d8 f   SysContainer.obj
 0001:000461e6       __ehhandler$?LoadSystemComponents@SystemContainer@@UAG?AW4GENRESULT@@XZ 100471e6 f   SysContainer.obj
 0001:0004620e       __unwindfunclet$?AddComponent@SystemContainer@@UAG?AW4GENRESULT@@PBUAGGDESC@@@Z$3 1004720e f   SysContainer.obj
 0001:00046219       __ehhandler$?AddComponent@SystemContainer@@UAG?AW4GENRESULT@@PBUAGGDESC@@@Z 10047219 f   SysContainer.obj
 0001:00046234       __unwindfunclet$?FindConnectionPoint@SystemContainer@@UAG?AW4GENRESULT@@PBDPAPAUIDAConnectionPoint@@@Z$0 10047234 f   SysContainer.obj
 0001:0004623c       __ehhandler$?FindConnectionPoint@SystemContainer@@UAG?AW4GENRESULT@@PBDPAPAUIDAConnectionPoint@@@Z 1004723c f   SysContainer.obj
 0001:00046257       __unwindfunclet$?EnumerateConnectionPoints@SystemContainer@@UAGJP6GJPAUIDAConnectionPointContainer@@PAUIDAConnectionPoint@@PAX@Z2@Z$0 10047257 f   SysContainer.obj
 0001:0004625f       __ehhandler$?EnumerateConnectionPoints@SystemContainer@@UAGJP6GJPAUIDAConnectionPointContainer@@PAUIDAConnectionPoint@@PAX@Z2@Z 1004725f f   SysContainer.obj
 0001:0004627a       __unwindfunclet$?RegisterContainerFactory@@YAXPAUICOManager@@@Z$0 1004727a f   SysContainer.obj
 0001:00046285       __ehhandler$?RegisterContainerFactory@@YAXPAUICOManager@@@Z 10047285 f   SysContainer.obj
 0001:000462a0       __unwindfunclet$?CreateInstance@?$DAComponentFactory@USystemContainer@@UAGGDESC@@@@UAG?AW4GENRESULT@@PAUDACOMDESC@@PAPAX@Z$2 100472a0 f   SysContainer.obj
 0001:000462ab       __ehhandler$?CreateInstance@?$DAComponentFactory@USystemContainer@@UAGGDESC@@@@UAG?AW4GENRESULT@@PAUDACOMDESC@@PAPAX@Z 100472ab f   SysContainer.obj
 0001:000462d0       __unwindfunclet$_DllMain@12$0 100472d0 f   WindowManager.obj
 0001:000462db       __ehhandler$_DllMain@12    100472db f   WindowManager.obj
 0001:00046300       __unwindfunclet$??0WindowManager@@QAE@XZ$0 10047300 f   WindowManager.obj
 0001:0004630b       __ehhandler$??0WindowManager@@QAE@XZ 1004730b f   WindowManager.obj
 0001:00046330       __ehhandler$?CallUnexpected@@YAXPBU_s_ESTypeList@@@Z 10047330 f   LIBCMTD:frame.obj
 0001:00046350       __unwindfunclet$?getSystemCP@@YAHH@Z$0 10047350 f   LIBCMTD:mbctype.obj
 0001:00046358       __ehhandler$?getSystemCP@@YAHH@Z 10047358 f   LIBCMTD:mbctype.obj
 0001:00046380       __unwindfunclet$?x_ismbbtype_l@@YAHPAUlocaleinfo_struct@@IHH@Z$0 10047380 f   LIBCMTD:ismbbyte.obj
 0001:00046388       __ehhandler$?x_ismbbtype_l@@YAHPAUlocaleinfo_struct@@IHH@Z 10047388 f   LIBCMTD:ismbbyte.obj
 0001:000463b0       __unwindfunclet$?strtoxl@@YAKPAUlocaleinfo_struct@@PBDPAPBDHH@Z$0 100473b0 f   LIBCMTD:strtol.obj
 0001:000463b8       __ehhandler$?strtoxl@@YAKPAUlocaleinfo_struct@@PBDPAPBDHH@Z 100473b8 f   LIBCMTD:strtol.obj
 0001:000463e0       __unwindfunclet$?strtoxq@@YA_KPAUlocaleinfo_struct@@PBDPAPBDHH@Z$0 100473e0 f   LIBCMTD:strtoq.obj
 0001:000463e8       __ehhandler$?strtoxq@@YA_KPAUlocaleinfo_struct@@PBDPAPBDHH@Z 100473e8 f   LIBCMTD:strtoq.obj
 0001:00046410       __unwindfunclet$?wcstoxl@@YAKPAUlocaleinfo_struct@@PB_WPAPB_WHH@Z$0 10047410 f   LIBCMTD:wcstol.obj
 0001:00046418       __ehhandler$?wcstoxl@@YAKPAUlocaleinfo_struct@@PB_WPAPB_WHH@Z 10047418 f   LIBCMTD:wcstol.obj
